2026-03-17 08:09:02,584 [INFO] Log de ejecución: logs/turnero_20260317_080902.log
2026-03-17 08:09:03,485 [INFO] === Intentando sacar turno para usuario: 46.911.896 ===
2026-03-17 08:09:09,757 [INFO] [46.911.896] Se abrió nueva pestaña para el widget: https://www.citaconsular.es/es/hosteds/widgetdefault/2a30ca6f59fb5f176361063c56c79d043
2026-03-17 08:09:09,757 [INFO] [46.911.896] URL tras popup: https://www.citaconsular.es/es/hosteds/widgetdefault/2a30ca6f59fb5f176361063c56c79d043
2026-03-17 08:09:09,757 [INFO] [46.911.896] Frame 0: https://www.citaconsular.es/es/hosteds/widgetdefault/2a30ca6f59fb5f176361063c56c79d043
2026-03-17 08:09:10,232 [INFO] [46.911.896] Click en 'button:has-text('Continue / Continuar')' dentro de page
2026-03-17 08:09:24,151 [INFO] [46.911.896] Click en 'text=Cancelar o consultar mis reservas' dentro de page
2026-03-17 08:09:26,309 [INFO] [46.911.896] Fill 'input[placeholder*='DNI']' en frame https://www.citaconsular.es/es/hosteds/widgetdefault/2a30ca6f59fb5f176361063c56c79d043/#signinaccount
2026-03-17 08:09:26,384 [INFO] [46.911.896] Fill '#idIptBktAccountLoginpassword' en frame https://www.citaconsular.es/es/hosteds/widgetdefault/2a30ca6f59fb5f176361063c56c79d043/#signinaccount
2026-03-17 08:09:26,443 [INFO] [46.911.896] Click en '#idBktDefaultAccountLoginConfirmButton' dentro de page
2026-03-17 08:09:31,448 [INFO] [46.911.896] Esperando hasta 08:10:00 para iniciar pingpong
2026-03-17 08:10:08,519 [INFO] [46.911.896] Click en '#idBktDefaultAccountHistoryContainer .clsDivSubHeaderBackButton' dentro de page
2026-03-17 08:10:08,685 [INFO] [46.911.896] Sin turnos. Reintentando pronto (intento 1/50)
2026-03-17 08:10:11,630 [INFO] [46.911.896] Click en 'text=Ver historial' dentro de page
2026-03-17 08:10:19,736 [INFO] [46.911.896] Click en '#idBktDefaultAccountHistoryContainer .clsDivSubHeaderBackButton' dentro de page
2026-03-17 08:10:19,885 [INFO] [46.911.896] Sin turnos. Reintentando pronto (intento 2/50)
2026-03-17 08:10:23,407 [INFO] [46.911.896] Click en 'text=Ver historial' dentro de page
2026-03-17 08:10:31,519 [INFO] [46.911.896] Click en '#idBktDefaultAccountHistoryContainer .clsDivSubHeaderBackButton' dentro de page
2026-03-17 08:10:31,677 [INFO] [46.911.896] Sin turnos. Reintentando pronto (intento 3/50)
2026-03-17 08:10:37,751 [INFO] [46.911.896] Click en 'text=Ver historial' dentro de page
2026-03-17 08:10:45,871 [INFO] [46.911.896] Click en '#idBktDefaultAccountHistoryContainer .clsDivSubHeaderBackButton' dentro de page
2026-03-17 08:10:46,015 [INFO] [46.911.896] Sin turnos. Reintentando pronto (intento 4/50)
2026-03-17 08:10:53,196 [INFO] [46.911.896] Click en 'text=Ver historial' dentro de page
2026-03-17 08:11:01,314 [INFO] [46.911.896] Click en '#idBktDefaultAccountHistoryContainer .clsDivSubHeaderBackButton' dentro de page
2026-03-17 08:11:01,480 [INFO] [46.911.896] Sin turnos. Reintentando pronto (intento 5/50)
2026-03-17 08:11:06,540 [INFO] [46.911.896] Click en 'text=Ver historial' dentro de page
2026-03-17 08:11:14,672 [INFO] [46.911.896] Click en '#idBktDefaultAccountHistoryContainer .clsDivSubHeaderBackButton' dentro de page
2026-03-17 08:11:14,837 [INFO] [46.911.896] Sin turnos. Reintentando pronto (intento 6/50)
2026-03-17 08:11:19,877 [INFO] [46.911.896] Click en 'text=Ver historial' dentro de page
2026-03-17 08:11:27,980 [INFO] [46.911.896] Click en '#idBktDefaultAccountHistoryContainer .clsDivSubHeaderBackButton' dentro de page
2026-03-17 08:11:28,116 [INFO] [46.911.896] Sin turnos. Reintentando pronto (intento 7/50)
2026-03-17 08:11:31,578 [INFO] [46.911.896] Click en 'text=Ver historial' dentro de page
2026-03-17 08:11:39,684 [INFO] [46.911.896] Click en '#idBktDefaultAccountHistoryContainer .clsDivSubHeaderBackButton' dentro de page
2026-03-17 08:11:39,841 [INFO] [46.911.896] Sin turnos. Reintentando pronto (intento 8/50)
2026-03-17 08:11:43,824 [INFO] [46.911.896] Click en 'text=Ver historial' dentro de page
2026-03-17 08:11:51,943 [INFO] [46.911.896] Click en '#idBktDefaultAccountHistoryContainer .clsDivSubHeaderBackButton' dentro de page
2026-03-17 08:11:52,081 [INFO] [46.911.896] Sin turnos. Reintentando pronto (intento 9/50)
2026-03-17 08:11:55,504 [INFO] [46.911.896] Click en 'text=Ver historial' dentro de page
2026-03-17 08:12:03,621 [INFO] [46.911.896] Click en '#idBktDefaultAccountHistoryContainer .clsDivSubHeaderBackButton' dentro de page
2026-03-17 08:12:03,773 [INFO] [46.911.896] Sin turnos. Reintentando pronto (intento 10/50)
2026-03-17 08:12:07,758 [INFO] [46.911.896] Click en 'text=Ver historial' dentro de page
2026-03-17 08:12:15,872 [INFO] [46.911.896] Click en '#idBktDefaultAccountHistoryContainer .clsDivSubHeaderBackButton' dentro de page
2026-03-17 08:12:16,009 [INFO] [46.911.896] Sin turnos. Reintentando pronto (intento 11/50)
2026-03-17 08:12:19,523 [INFO] [46.911.896] Click en 'text=Ver historial' dentro de page
2026-03-17 08:12:27,633 [INFO] [46.911.896] Click en '#idBktDefaultAccountHistoryContainer .clsDivSubHeaderBackButton' dentro de page
2026-03-17 08:12:27,773 [INFO] [46.911.896] Sin turnos. Reintentando pronto (intento 12/50)
2026-03-17 08:12:30,737 [INFO] [46.911.896] Click en 'text=Ver historial' dentro de page
2026-03-17 08:12:38,853 [INFO] [46.911.896] Click en '#idBktDefaultAccountHistoryContainer .clsDivSubHeaderBackButton' dentro de page
2026-03-17 08:12:39,026 [INFO] [46.911.896] Sin turnos. Reintentando pronto (intento 13/50)
2026-03-17 08:12:41,122 [INFO] [46.911.896] Click en 'text=Ver historial' dentro de page
2026-03-17 08:12:49,222 [INFO] [46.911.896] Click en '#idBktDefaultAccountHistoryContainer .clsDivSubHeaderBackButton' dentro de page
2026-03-17 08:12:49,361 [INFO] [46.911.896] Sin turnos. Reintentando pronto (intento 14/50)
2026-03-17 08:12:53,373 [INFO] [46.911.896] Click en 'text=Ver historial' dentro de page
2026-03-17 08:13:01,506 [INFO] [46.911.896] Click en '#idBktDefaultAccountHistoryContainer .clsDivSubHeaderBackButton' dentro de page
2026-03-17 08:13:01,506 [WARNING] [46.911.896] Timeout esperando fin de loading
2026-03-17 08:13:01,605 [INFO] [46.911.896] Sin turnos. Reintentando pronto (intento 15/50)
2026-03-17 08:13:01,605 [WARNING] [46.911.896] Ventana de pingpong terminada durante espera de reintento
2026-03-17 08:13:01,656 [INFO] [46.911.896] Resultado: PING_TIMEOUT
2026-03-17 08:13:01,681 [INFO] Esperando 30 segundos antes del siguiente intento
2026-03-17 08:13:01,917 [WARNING] Dump HTML (signal_15) omitido: la página ya está cerrada
