2026-01-23 06:09:02,618 [INFO] Log de ejecución: logs/turnero_20260123_060902.log
2026-01-23 06:09:03,523 [INFO] === Intentando sacar turno para usuario: 44.779.763 ===
2026-01-23 06:09:10,625 [INFO] [44.779.763] Se abrió nueva pestaña para el widget: https://www.citaconsular.es/es/hosteds/widgetdefault/2a30ca6f59fb5f176361063c56c79d043
2026-01-23 06:09:10,625 [INFO] [44.779.763] URL tras popup: https://www.citaconsular.es/es/hosteds/widgetdefault/2a30ca6f59fb5f176361063c56c79d043
2026-01-23 06:09:10,625 [INFO] [44.779.763] Frame 0: https://www.citaconsular.es/es/hosteds/widgetdefault/2a30ca6f59fb5f176361063c56c79d043
2026-01-23 06:09:11,073 [INFO] [44.779.763] Click en 'button:has-text('Continue / Continuar')' dentro de page
2026-01-23 06:09:23,652 [INFO] [44.779.763] Click en 'text=Cancelar o consultar mis reservas' dentro de page
2026-01-23 06:09:25,215 [INFO] [44.779.763] Fill 'input[placeholder*='DNI']' en frame https://www.citaconsular.es/es/hosteds/widgetdefault/2a30ca6f59fb5f176361063c56c79d043/#signinaccount
2026-01-23 06:09:25,296 [INFO] [44.779.763] Fill '#idIptBktAccountLoginpassword' en frame https://www.citaconsular.es/es/hosteds/widgetdefault/2a30ca6f59fb5f176361063c56c79d043/#signinaccount
2026-01-23 06:09:25,353 [INFO] [44.779.763] Click en '#idBktDefaultAccountLoginConfirmButton' dentro de page
2026-01-23 06:09:30,358 [INFO] [44.779.763] Esperando hasta 06:10:00 para iniciar pingpong
2026-01-23 06:10:08,427 [INFO] [44.779.763] Click en '#idBktDefaultAccountHistoryContainer .clsDivSubHeaderBackButton' dentro de page
2026-01-23 06:10:08,505 [INFO] [44.779.763] Servicio visible (tarjeta) con selector text=Presentación de documentación ley, avanzando a selección
2026-01-23 06:10:20,596 [INFO] [44.779.763] Click en 'text=MEMORIA DEMOCRÁTICA' dentro de page
2026-01-23 06:10:21,586 [WARNING] [44.779.763] No se encontraron botones de turno con los selectores configurados
2026-01-23 06:10:21,733 [WARNING] [44.779.763] No se encontraron botones de turno con los selectores configurados
2026-01-23 06:10:21,816 [INFO] [44.779.763] Resultado: SIN_TURNOS
2026-01-23 06:10:21,817 [INFO] Esperando 31 segundos antes del siguiente intento
2026-01-23 06:10:52,818 [WARNING] [FILA 1] Usuario/Contraseña vacíos, saltando...
2026-01-23 06:10:52,818 [INFO] Esperando 38 segundos antes del siguiente intento
2026-01-23 06:11:30,819 [WARNING] [FILA 2] Usuario/Contraseña vacíos, saltando...
2026-01-23 06:11:30,819 [INFO] Esperando 30 segundos antes del siguiente intento
2026-01-23 06:12:00,820 [WARNING] [FILA 3] Usuario/Contraseña vacíos, saltando...
2026-01-23 06:12:00,820 [INFO] Esperando 36 segundos antes del siguiente intento
2026-01-23 06:12:01,938 [WARNING] Dump HTML (signal_15) omitido: la página ya está cerrada
