2026-01-03 02:10:02,604 [INFO] Log de ejecución: logs/turnero_20260103_021002.log
2026-01-03 02:10:03,459 [INFO] === Intentando sacar turno para usuario: 35856676.0 ===
2026-01-03 02:10:10,697 [INFO] [35856676.0] Se abrió nueva pestaña para el widget: https://www.citaconsular.es/es/hosteds/widgetdefault/2a30ca6f59fb5f176361063c56c79d043
2026-01-03 02:10:10,697 [INFO] [35856676.0] URL tras popup: https://www.citaconsular.es/es/hosteds/widgetdefault/2a30ca6f59fb5f176361063c56c79d043
2026-01-03 02:10:10,698 [INFO] [35856676.0] Frame 0: https://www.citaconsular.es/es/hosteds/widgetdefault/2a30ca6f59fb5f176361063c56c79d043
2026-01-03 02:10:11,216 [INFO] [35856676.0] Click en 'button:has-text('Continue / Continuar')' dentro de page
2026-01-03 02:10:25,810 [INFO] [35856676.0] Click en 'text=Cancelar o consultar mis reservas' dentro de page
2026-01-03 02:10:27,450 [INFO] [35856676.0] Fill 'input[placeholder*='DNI']' en frame https://www.citaconsular.es/es/hosteds/widgetdefault/2a30ca6f59fb5f176361063c56c79d043/#signinaccount
2026-01-03 02:10:27,511 [INFO] [35856676.0] Fill '#idIptBktAccountLoginpassword' en frame https://www.citaconsular.es/es/hosteds/widgetdefault/2a30ca6f59fb5f176361063c56c79d043/#signinaccount
2026-01-03 02:10:27,568 [INFO] [35856676.0] Click en '#idBktDefaultAccountLoginConfirmButton' dentro de page
2026-01-03 02:10:29,090 [INFO] [35856676.0] Resultado: ERROR
2026-01-03 02:10:29,092 [WARNING] [FILA 1] Usuario/Contraseña vacíos, saltando...
2026-01-03 02:10:29,093 [WARNING] [FILA 2] Usuario/Contraseña vacíos, saltando...
2026-01-03 02:10:29,096 [WARNING] [FILA 3] Usuario/Contraseña vacíos, saltando...
2026-01-03 02:10:29,098 [WARNING] [FILA 4] Usuario/Contraseña vacíos, saltando...
2026-01-03 02:10:29,099 [WARNING] [FILA 5] Usuario/Contraseña vacíos, saltando...
2026-01-03 02:10:29,100 [WARNING] [FILA 6] Usuario/Contraseña vacíos, saltando...
2026-01-03 02:10:29,102 [WARNING] [FILA 7] Usuario/Contraseña vacíos, saltando...
2026-01-03 02:10:29,105 [WARNING] [FILA 8] Usuario/Contraseña vacíos, saltando...
2026-01-03 02:10:29,106 [WARNING] [FILA 9] Usuario/Contraseña vacíos, saltando...
2026-01-03 02:10:29,202 [INFO] Proceso terminado. Excel actualizado.
