2026-01-03 06:10:01,918 [INFO] Log de ejecución: logs/turnero_20260103_061001.log
2026-01-03 06:10:02,775 [INFO] === Intentando sacar turno para usuario: 35856676.0 ===
2026-01-03 06:10:10,057 [INFO] [35856676.0] Se abrió nueva pestaña para el widget: https://www.citaconsular.es/es/hosteds/widgetdefault/2a30ca6f59fb5f176361063c56c79d043
2026-01-03 06:10:10,058 [INFO] [35856676.0] URL tras popup: https://www.citaconsular.es/es/hosteds/widgetdefault/2a30ca6f59fb5f176361063c56c79d043
2026-01-03 06:10:10,058 [INFO] [35856676.0] Frame 0: https://www.citaconsular.es/es/hosteds/widgetdefault/2a30ca6f59fb5f176361063c56c79d043
2026-01-03 06:10:10,634 [INFO] [35856676.0] Click en 'button:has-text('Continue / Continuar')' dentro de page
2026-01-03 06:10:23,167 [INFO] [35856676.0] Click en 'text=Cancelar o consultar mis reservas' dentro de page
2026-01-03 06:10:24,865 [INFO] [35856676.0] Fill 'input[placeholder*='DNI']' en frame https://www.citaconsular.es/es/hosteds/widgetdefault/2a30ca6f59fb5f176361063c56c79d043/#signinaccount
2026-01-03 06:10:24,952 [INFO] [35856676.0] Fill '#idIptBktAccountLoginpassword' en frame https://www.citaconsular.es/es/hosteds/widgetdefault/2a30ca6f59fb5f176361063c56c79d043/#signinaccount
2026-01-03 06:10:25,008 [INFO] [35856676.0] Click en '#idBktDefaultAccountLoginConfirmButton' dentro de page
2026-01-03 06:10:25,982 [INFO] [35856676.0] Resultado: ERROR
2026-01-03 06:10:25,983 [WARNING] [FILA 1] Usuario/Contraseña vacíos, saltando...
2026-01-03 06:10:25,984 [WARNING] [FILA 2] Usuario/Contraseña vacíos, saltando...
2026-01-03 06:10:25,985 [WARNING] [FILA 3] Usuario/Contraseña vacíos, saltando...
2026-01-03 06:10:25,985 [WARNING] [FILA 4] Usuario/Contraseña vacíos, saltando...
2026-01-03 06:10:25,986 [WARNING] [FILA 5] Usuario/Contraseña vacíos, saltando...
2026-01-03 06:10:25,986 [WARNING] [FILA 6] Usuario/Contraseña vacíos, saltando...
2026-01-03 06:10:25,989 [WARNING] [FILA 7] Usuario/Contraseña vacíos, saltando...
2026-01-03 06:10:25,989 [WARNING] [FILA 8] Usuario/Contraseña vacíos, saltando...
2026-01-03 06:10:25,989 [WARNING] [FILA 9] Usuario/Contraseña vacíos, saltando...
2026-01-03 06:10:26,051 [INFO] Proceso terminado. Excel actualizado.
