2026-03-14 08:09:01,789 [INFO] Log de ejecución: logs/turnero_20260314_080901.log
2026-03-14 08:09:02,651 [INFO] === Intentando sacar turno para usuario: 46.911.896 ===
2026-03-14 08:09:08,842 [INFO] [46.911.896] Se abrió nueva pestaña para el widget: https://www.citaconsular.es/es/hosteds/widgetdefault/2a30ca6f59fb5f176361063c56c79d043
2026-03-14 08:09:08,843 [INFO] [46.911.896] URL tras popup: https://www.citaconsular.es/es/hosteds/widgetdefault/2a30ca6f59fb5f176361063c56c79d043
2026-03-14 08:09:08,843 [INFO] [46.911.896] Frame 0: https://www.citaconsular.es/es/hosteds/widgetdefault/2a30ca6f59fb5f176361063c56c79d043
2026-03-14 08:09:09,266 [INFO] [46.911.896] Click en 'button:has-text('Continue / Continuar')' dentro de page
2026-03-14 08:09:14,748 [INFO] [46.911.896] Click en 'text=Cancelar o consultar mis reservas' dentro de page
2026-03-14 08:09:16,209 [INFO] [46.911.896] Fill 'input[placeholder*='DNI']' en frame https://www.citaconsular.es/es/hosteds/widgetdefault/2a30ca6f59fb5f176361063c56c79d043/#signinaccount
2026-03-14 08:09:16,290 [INFO] [46.911.896] Fill '#idIptBktAccountLoginpassword' en frame https://www.citaconsular.es/es/hosteds/widgetdefault/2a30ca6f59fb5f176361063c56c79d043/#signinaccount
2026-03-14 08:09:16,348 [INFO] [46.911.896] Click en '#idBktDefaultAccountLoginConfirmButton' dentro de page
2026-03-14 08:09:21,353 [INFO] [46.911.896] Esperando hasta 08:10:00 para iniciar pingpong
2026-03-14 08:10:08,428 [INFO] [46.911.896] Click en '#idBktDefaultAccountHistoryContainer .clsDivSubHeaderBackButton' dentro de page
2026-03-14 08:10:08,588 [INFO] [46.911.896] Sin turnos. Reintentando pronto (intento 1/50)
2026-03-14 08:10:10,682 [INFO] [46.911.896] Click en 'text=Ver historial' dentro de page
2026-03-14 08:10:18,788 [INFO] [46.911.896] Click en '#idBktDefaultAccountHistoryContainer .clsDivSubHeaderBackButton' dentro de page
2026-03-14 08:10:18,956 [INFO] [46.911.896] Sin turnos. Reintentando pronto (intento 2/50)
2026-03-14 08:10:21,032 [INFO] [46.911.896] Click en 'text=Ver historial' dentro de page
2026-03-14 08:10:29,152 [INFO] [46.911.896] Click en '#idBktDefaultAccountHistoryContainer .clsDivSubHeaderBackButton' dentro de page
2026-03-14 08:10:29,302 [INFO] [46.911.896] Sin turnos. Reintentando pronto (intento 3/50)
2026-03-14 08:10:31,377 [INFO] [46.911.896] Click en 'text=Ver historial' dentro de page
2026-03-14 08:10:39,481 [INFO] [46.911.896] Click en '#idBktDefaultAccountHistoryContainer .clsDivSubHeaderBackButton' dentro de page
2026-03-14 08:10:39,641 [INFO] [46.911.896] Sin turnos. Reintentando pronto (intento 4/50)
2026-03-14 08:10:41,695 [INFO] [46.911.896] Click en 'text=Ver historial' dentro de page
2026-03-14 08:10:49,825 [INFO] [46.911.896] Click en '#idBktDefaultAccountHistoryContainer .clsDivSubHeaderBackButton' dentro de page
2026-03-14 08:10:50,004 [INFO] [46.911.896] Sin turnos. Reintentando pronto (intento 5/50)
2026-03-14 08:10:52,080 [INFO] [46.911.896] Click en 'text=Ver historial' dentro de page
2026-03-14 08:11:00,227 [INFO] [46.911.896] Click en '#idBktDefaultAccountHistoryContainer .clsDivSubHeaderBackButton' dentro de page
2026-03-14 08:11:00,361 [INFO] [46.911.896] Sin turnos. Reintentando pronto (intento 6/50)
2026-03-14 08:11:02,438 [INFO] [46.911.896] Click en 'text=Ver historial' dentro de page
2026-03-14 08:11:10,577 [INFO] [46.911.896] Click en '#idBktDefaultAccountHistoryContainer .clsDivSubHeaderBackButton' dentro de page
2026-03-14 08:11:10,765 [INFO] [46.911.896] Sin turnos. Reintentando pronto (intento 7/50)
2026-03-14 08:11:12,844 [INFO] [46.911.896] Click en 'text=Ver historial' dentro de page
2026-03-14 08:11:20,960 [INFO] [46.911.896] Click en '#idBktDefaultAccountHistoryContainer .clsDivSubHeaderBackButton' dentro de page
2026-03-14 08:11:21,098 [INFO] [46.911.896] Sin turnos. Reintentando pronto (intento 8/50)
2026-03-14 08:11:23,170 [INFO] [46.911.896] Click en 'text=Ver historial' dentro de page
2026-03-14 08:11:31,289 [INFO] [46.911.896] Click en '#idBktDefaultAccountHistoryContainer .clsDivSubHeaderBackButton' dentro de page
2026-03-14 08:11:31,423 [INFO] [46.911.896] Sin turnos. Reintentando pronto (intento 9/50)
2026-03-14 08:11:33,514 [INFO] [46.911.896] Click en 'text=Ver historial' dentro de page
2026-03-14 08:11:41,632 [INFO] [46.911.896] Click en '#idBktDefaultAccountHistoryContainer .clsDivSubHeaderBackButton' dentro de page
2026-03-14 08:11:41,799 [INFO] [46.911.896] Sin turnos. Reintentando pronto (intento 10/50)
2026-03-14 08:11:43,877 [INFO] [46.911.896] Click en 'text=Ver historial' dentro de page
2026-03-14 08:11:51,989 [INFO] [46.911.896] Click en '#idBktDefaultAccountHistoryContainer .clsDivSubHeaderBackButton' dentro de page
2026-03-14 08:11:52,178 [INFO] [46.911.896] Sin turnos. Reintentando pronto (intento 11/50)
2026-03-14 08:11:54,267 [INFO] [46.911.896] Click en 'text=Ver historial' dentro de page
2026-03-14 08:12:02,390 [INFO] [46.911.896] Click en '#idBktDefaultAccountHistoryContainer .clsDivSubHeaderBackButton' dentro de page
2026-03-14 08:12:02,539 [INFO] [46.911.896] Sin turnos. Reintentando pronto (intento 12/50)
2026-03-14 08:12:04,625 [INFO] [46.911.896] Click en 'text=Ver historial' dentro de page
2026-03-14 08:12:12,756 [INFO] [46.911.896] Click en '#idBktDefaultAccountHistoryContainer .clsDivSubHeaderBackButton' dentro de page
2026-03-14 08:12:12,902 [INFO] [46.911.896] Sin turnos. Reintentando pronto (intento 13/50)
2026-03-14 08:12:14,990 [INFO] [46.911.896] Click en 'text=Ver historial' dentro de page
2026-03-14 08:12:23,096 [INFO] [46.911.896] Click en '#idBktDefaultAccountHistoryContainer .clsDivSubHeaderBackButton' dentro de page
2026-03-14 08:12:23,245 [INFO] [46.911.896] Sin turnos. Reintentando pronto (intento 14/50)
2026-03-14 08:12:25,342 [INFO] [46.911.896] Click en 'text=Ver historial' dentro de page
2026-03-14 08:12:33,476 [INFO] [46.911.896] Click en '#idBktDefaultAccountHistoryContainer .clsDivSubHeaderBackButton' dentro de page
2026-03-14 08:12:33,602 [INFO] [46.911.896] Sin turnos. Reintentando pronto (intento 15/50)
2026-03-14 08:12:35,678 [INFO] [46.911.896] Click en 'text=Ver historial' dentro de page
2026-03-14 08:12:43,797 [INFO] [46.911.896] Click en '#idBktDefaultAccountHistoryContainer .clsDivSubHeaderBackButton' dentro de page
2026-03-14 08:12:43,948 [INFO] [46.911.896] Sin turnos. Reintentando pronto (intento 16/50)
2026-03-14 08:12:46,030 [INFO] [46.911.896] Click en 'text=Ver historial' dentro de page
2026-03-14 08:12:54,134 [INFO] [46.911.896] Click en '#idBktDefaultAccountHistoryContainer .clsDivSubHeaderBackButton' dentro de page
2026-03-14 08:12:54,270 [INFO] [46.911.896] Sin turnos. Reintentando pronto (intento 17/50)
2026-03-14 08:12:56,346 [INFO] [46.911.896] Click en 'text=Ver historial' dentro de page
