2026-03-13 02:09:02,274 [INFO] Log de ejecución: logs/turnero_20260313_020902.log
2026-03-13 02:09:03,179 [INFO] === Intentando sacar turno para usuario: 18.380.695 ===
2026-03-13 02:09:09,849 [INFO] [18.380.695] Se abrió nueva pestaña para el widget: https://www.citaconsular.es/es/hosteds/widgetdefault/2a30ca6f59fb5f176361063c56c79d043
2026-03-13 02:09:09,849 [INFO] [18.380.695] URL tras popup: https://www.citaconsular.es/es/hosteds/widgetdefault/2a30ca6f59fb5f176361063c56c79d043
2026-03-13 02:09:09,850 [INFO] [18.380.695] Frame 0: https://www.citaconsular.es/es/hosteds/widgetdefault/2a30ca6f59fb5f176361063c56c79d043
2026-03-13 02:09:10,353 [INFO] [18.380.695] Click en 'button:has-text('Continue / Continuar')' dentro de page
2026-03-13 02:09:19,584 [INFO] [18.380.695] Click en 'text=Cancelar o consultar mis reservas' dentro de page
2026-03-13 02:09:21,732 [INFO] [18.380.695] Fill 'input[placeholder*='DNI']' en frame https://www.citaconsular.es/es/hosteds/widgetdefault/2a30ca6f59fb5f176361063c56c79d043/#signinaccount
2026-03-13 02:09:21,789 [INFO] [18.380.695] Fill '#idIptBktAccountLoginpassword' en frame https://www.citaconsular.es/es/hosteds/widgetdefault/2a30ca6f59fb5f176361063c56c79d043/#signinaccount
2026-03-13 02:09:21,847 [INFO] [18.380.695] Click en '#idBktDefaultAccountLoginConfirmButton' dentro de page
2026-03-13 02:09:23,862 [INFO] [18.380.695] Resultado: ERROR
2026-03-13 02:09:23,863 [INFO] Esperando 23 segundos antes del siguiente intento
2026-03-13 02:09:46,863 [WARNING] [FILA 1] Usuario/Contraseña vacíos, saltando...
2026-03-13 02:09:46,864 [INFO] Esperando 22 segundos antes del siguiente intento
2026-03-13 02:10:08,865 [WARNING] [FILA 2] Usuario/Contraseña vacíos, saltando...
2026-03-13 02:10:08,865 [INFO] Esperando 31 segundos antes del siguiente intento
2026-03-13 02:10:39,866 [WARNING] [FILA 3] Usuario/Contraseña vacíos, saltando...
2026-03-13 02:10:39,866 [INFO] Esperando 42 segundos antes del siguiente intento
2026-03-13 02:11:21,867 [WARNING] [FILA 4] Usuario/Contraseña vacíos, saltando...
2026-03-13 02:11:21,868 [INFO] Esperando 25 segundos antes del siguiente intento
2026-03-13 02:11:46,869 [WARNING] [FILA 5] Usuario/Contraseña vacíos, saltando...
2026-03-13 02:11:46,869 [INFO] Esperando 28 segundos antes del siguiente intento
2026-03-13 02:12:14,870 [WARNING] [FILA 6] Usuario/Contraseña vacíos, saltando...
2026-03-13 02:12:14,870 [INFO] Esperando 29 segundos antes del siguiente intento
2026-03-13 02:12:43,871 [WARNING] [FILA 7] Usuario/Contraseña vacíos, saltando...
2026-03-13 02:12:43,872 [INFO] Esperando 23 segundos antes del siguiente intento
2026-03-13 02:13:01,611 [WARNING] Dump HTML (signal_15) omitido: la página ya está cerrada
