2026-03-13 07:09:02,042 [INFO] Log de ejecución: logs/turnero_20260313_070902.log
2026-03-13 07:09:02,922 [INFO] === Intentando sacar turno para usuario: 18.380.695 ===
2026-03-13 07:09:11,130 [INFO] [18.380.695] Se abrió nueva pestaña para el widget: https://www.citaconsular.es/es/hosteds/widgetdefault/2a30ca6f59fb5f176361063c56c79d043
2026-03-13 07:09:11,130 [INFO] [18.380.695] URL tras popup: https://www.citaconsular.es/es/hosteds/widgetdefault/2a30ca6f59fb5f176361063c56c79d043
2026-03-13 07:09:11,130 [INFO] [18.380.695] Frame 0: https://www.citaconsular.es/es/hosteds/widgetdefault/2a30ca6f59fb5f176361063c56c79d043
2026-03-13 07:09:11,739 [INFO] [18.380.695] Click en 'button:has-text('Continue / Continuar')' dentro de page
2026-03-13 07:09:21,653 [INFO] [18.380.695] Click en 'text=Cancelar o consultar mis reservas' dentro de page
2026-03-13 07:09:23,310 [INFO] [18.380.695] Fill 'input[placeholder*='DNI']' en frame https://www.citaconsular.es/es/hosteds/widgetdefault/2a30ca6f59fb5f176361063c56c79d043/#signinaccount
2026-03-13 07:09:23,386 [INFO] [18.380.695] Fill '#idIptBktAccountLoginpassword' en frame https://www.citaconsular.es/es/hosteds/widgetdefault/2a30ca6f59fb5f176361063c56c79d043/#signinaccount
2026-03-13 07:09:23,445 [INFO] [18.380.695] Click en '#idBktDefaultAccountLoginConfirmButton' dentro de page
2026-03-13 07:09:24,933 [INFO] [18.380.695] Resultado: ERROR
2026-03-13 07:09:24,935 [INFO] Esperando 35 segundos antes del siguiente intento
2026-03-13 07:09:59,936 [WARNING] [FILA 1] Usuario/Contraseña vacíos, saltando...
2026-03-13 07:09:59,937 [INFO] Esperando 44 segundos antes del siguiente intento
2026-03-13 07:10:43,938 [WARNING] [FILA 2] Usuario/Contraseña vacíos, saltando...
2026-03-13 07:10:43,938 [INFO] Esperando 41 segundos antes del siguiente intento
2026-03-13 07:11:24,939 [WARNING] [FILA 3] Usuario/Contraseña vacíos, saltando...
2026-03-13 07:11:24,939 [INFO] Esperando 25 segundos antes del siguiente intento
2026-03-13 07:11:49,940 [WARNING] [FILA 4] Usuario/Contraseña vacíos, saltando...
2026-03-13 07:11:49,941 [INFO] Esperando 25 segundos antes del siguiente intento
2026-03-13 07:12:14,945 [WARNING] [FILA 5] Usuario/Contraseña vacíos, saltando...
2026-03-13 07:12:14,945 [INFO] Esperando 24 segundos antes del siguiente intento
2026-03-13 07:12:38,946 [WARNING] [FILA 6] Usuario/Contraseña vacíos, saltando...
2026-03-13 07:12:38,946 [INFO] Esperando 30 segundos antes del siguiente intento
2026-03-13 07:13:01,376 [WARNING] Dump HTML (signal_15) omitido: la página ya está cerrada
