2026-03-17 01:09:02,218 [INFO] Log de ejecución: logs/turnero_20260317_010902.log
2026-03-17 01:09:03,141 [INFO] === Intentando sacar turno para usuario: 46.911.896 ===
2026-03-17 01:09:09,992 [INFO] [46.911.896] Se abrió nueva pestaña para el widget: https://www.citaconsular.es/es/hosteds/widgetdefault/2a30ca6f59fb5f176361063c56c79d043
2026-03-17 01:09:09,992 [INFO] [46.911.896] URL tras popup: https://www.citaconsular.es/es/hosteds/widgetdefault/2a30ca6f59fb5f176361063c56c79d043
2026-03-17 01:09:09,992 [INFO] [46.911.896] Frame 0: https://www.citaconsular.es/es/hosteds/widgetdefault/2a30ca6f59fb5f176361063c56c79d043
2026-03-17 01:09:10,414 [INFO] [46.911.896] Click en 'button:has-text('Continue / Continuar')' dentro de page
2026-03-17 01:09:21,663 [INFO] [46.911.896] Click en 'text=Cancelar o consultar mis reservas' dentro de page
2026-03-17 01:09:24,096 [INFO] [46.911.896] Fill 'input[placeholder*='DNI']' en frame https://www.citaconsular.es/es/hosteds/widgetdefault/2a30ca6f59fb5f176361063c56c79d043/#signinaccount
2026-03-17 01:09:24,159 [INFO] [46.911.896] Fill '#idIptBktAccountLoginpassword' en frame https://www.citaconsular.es/es/hosteds/widgetdefault/2a30ca6f59fb5f176361063c56c79d043/#signinaccount
2026-03-17 01:09:24,220 [INFO] [46.911.896] Click en '#idBktDefaultAccountLoginConfirmButton' dentro de page
2026-03-17 01:09:29,226 [INFO] [46.911.896] Esperando hasta 01:10:00 para iniciar pingpong
2026-03-17 01:10:08,292 [INFO] [46.911.896] Click en '#idBktDefaultAccountHistoryContainer .clsDivSubHeaderBackButton' dentro de page
2026-03-17 01:10:08,449 [INFO] [46.911.896] Sin turnos. Reintentando pronto (intento 1/50)
2026-03-17 01:10:11,938 [INFO] [46.911.896] Click en 'text=Ver historial' dentro de page
2026-03-17 01:10:20,061 [INFO] [46.911.896] Click en '#idBktDefaultAccountHistoryContainer .clsDivSubHeaderBackButton' dentro de page
2026-03-17 01:10:20,206 [INFO] [46.911.896] Sin turnos. Reintentando pronto (intento 2/50)
2026-03-17 01:10:23,188 [INFO] [46.911.896] Click en 'text=Ver historial' dentro de page
2026-03-17 01:10:31,314 [INFO] [46.911.896] Click en '#idBktDefaultAccountHistoryContainer .clsDivSubHeaderBackButton' dentro de page
2026-03-17 01:10:31,473 [INFO] [46.911.896] Sin turnos. Reintentando pronto (intento 3/50)
2026-03-17 01:10:34,935 [INFO] [46.911.896] Click en 'text=Ver historial' dentro de page
2026-03-17 01:10:43,038 [INFO] [46.911.896] Click en '#idBktDefaultAccountHistoryContainer .clsDivSubHeaderBackButton' dentro de page
2026-03-17 01:10:43,176 [INFO] [46.911.896] Sin turnos. Reintentando pronto (intento 4/50)
2026-03-17 01:10:46,615 [INFO] [46.911.896] Click en 'text=Ver historial' dentro de page
2026-03-17 01:10:54,724 [INFO] [46.911.896] Click en '#idBktDefaultAccountHistoryContainer .clsDivSubHeaderBackButton' dentro de page
2026-03-17 01:10:54,882 [INFO] [46.911.896] Sin turnos. Reintentando pronto (intento 5/50)
2026-03-17 01:10:58,916 [INFO] [46.911.896] Click en 'text=Ver historial' dentro de page
2026-03-17 01:11:07,028 [INFO] [46.911.896] Click en '#idBktDefaultAccountHistoryContainer .clsDivSubHeaderBackButton' dentro de page
2026-03-17 01:11:07,161 [INFO] [46.911.896] Sin turnos. Reintentando pronto (intento 6/50)
2026-03-17 01:11:11,712 [INFO] [46.911.896] Click en 'text=Ver historial' dentro de page
2026-03-17 01:11:19,844 [INFO] [46.911.896] Click en '#idBktDefaultAccountHistoryContainer .clsDivSubHeaderBackButton' dentro de page
2026-03-17 01:11:20,014 [INFO] [46.911.896] Sin turnos. Reintentando pronto (intento 7/50)
2026-03-17 01:11:22,095 [INFO] [46.911.896] Click en 'text=Ver historial' dentro de page
2026-03-17 01:11:30,213 [INFO] [46.911.896] Click en '#idBktDefaultAccountHistoryContainer .clsDivSubHeaderBackButton' dentro de page
2026-03-17 01:11:30,363 [INFO] [46.911.896] Sin turnos. Reintentando pronto (intento 8/50)
2026-03-17 01:11:33,848 [INFO] [46.911.896] Click en 'text=Ver historial' dentro de page
2026-03-17 01:11:41,968 [INFO] [46.911.896] Click en '#idBktDefaultAccountHistoryContainer .clsDivSubHeaderBackButton' dentro de page
2026-03-17 01:11:42,155 [INFO] [46.911.896] Sin turnos. Reintentando pronto (intento 9/50)
2026-03-17 01:11:46,683 [INFO] [46.911.896] Click en 'text=Ver historial' dentro de page
2026-03-17 01:11:54,788 [INFO] [46.911.896] Click en '#idBktDefaultAccountHistoryContainer .clsDivSubHeaderBackButton' dentro de page
2026-03-17 01:11:54,951 [INFO] [46.911.896] Sin turnos. Reintentando pronto (intento 10/50)
2026-03-17 01:11:57,909 [INFO] [46.911.896] Click en 'text=Ver historial' dentro de page
2026-03-17 01:12:06,036 [INFO] [46.911.896] Click en '#idBktDefaultAccountHistoryContainer .clsDivSubHeaderBackButton' dentro de page
2026-03-17 01:12:06,177 [INFO] [46.911.896] Sin turnos. Reintentando pronto (intento 11/50)
2026-03-17 01:12:09,127 [INFO] [46.911.896] Click en 'text=Ver historial' dentro de page
2026-03-17 01:12:17,239 [INFO] [46.911.896] Click en '#idBktDefaultAccountHistoryContainer .clsDivSubHeaderBackButton' dentro de page
2026-03-17 01:12:17,433 [INFO] [46.911.896] Sin turnos. Reintentando pronto (intento 12/50)
2026-03-17 01:12:20,905 [INFO] [46.911.896] Click en 'text=Ver historial' dentro de page
2026-03-17 01:12:29,035 [INFO] [46.911.896] Click en '#idBktDefaultAccountHistoryContainer .clsDivSubHeaderBackButton' dentro de page
2026-03-17 01:12:29,234 [INFO] [46.911.896] Sin turnos. Reintentando pronto (intento 13/50)
2026-03-17 01:12:32,162 [INFO] [46.911.896] Click en 'text=Ver historial' dentro de page
2026-03-17 01:12:40,276 [INFO] [46.911.896] Click en '#idBktDefaultAccountHistoryContainer .clsDivSubHeaderBackButton' dentro de page
2026-03-17 01:12:40,422 [INFO] [46.911.896] Sin turnos. Reintentando pronto (intento 14/50)
2026-03-17 01:12:43,914 [INFO] [46.911.896] Click en 'text=Ver historial' dentro de page
2026-03-17 01:12:52,025 [INFO] [46.911.896] Click en '#idBktDefaultAccountHistoryContainer .clsDivSubHeaderBackButton' dentro de page
2026-03-17 01:12:52,169 [INFO] [46.911.896] Sin turnos. Reintentando pronto (intento 15/50)
2026-03-17 01:12:56,675 [INFO] [46.911.896] Click en 'text=Ver historial' dentro de page
