2026-02-16 06:09:01,700 [INFO] Log de ejecución: logs/turnero_20260216_060901.log
2026-02-16 06:09:02,559 [INFO] === Intentando sacar turno para usuario: 40.226.461 ===
2026-02-16 06:09:18,235 [INFO] [40.226.461] Se abrió nueva pestaña para el widget: https://www.citaconsular.es/es/hosteds/widgetdefault/2a30ca6f59fb5f176361063c56c79d043
2026-02-16 06:09:18,235 [INFO] [40.226.461] URL tras popup: https://www.citaconsular.es/es/hosteds/widgetdefault/2a30ca6f59fb5f176361063c56c79d043
2026-02-16 06:09:18,236 [INFO] [40.226.461] Frame 0: https://www.citaconsular.es/es/hosteds/widgetdefault/2a30ca6f59fb5f176361063c56c79d043
2026-02-16 06:09:19,459 [INFO] [40.226.461] Click en 'button:has-text('Continue / Continuar')' dentro de page
2026-02-16 06:09:49,651 [WARNING] [40.226.461] No se pudo clickear con ningún selector en ningún frame: ['text=Cancelar o consultar mis reservas']
2026-02-16 06:10:07,001 [WARNING] [40.226.461] No se pudo llenar selectores en frame https://www.citaconsular.es/es/hosteds/widgetdefault/2a30ca6f59fb5f176361063c56c79d043/#services: ["input[placeholder*='DNI']", "input[name='dni']", 'input#dni', "input[name='usuario']"]
2026-02-16 06:10:07,051 [WARNING] [40.226.461] DEBUG frame 0 (url https://www.citaconsular.es/es/hosteds/widgetdefault/2a30ca6f59fb5f176361063c56c79d043/#services) snippet: <!DOCTYPE html PUBLIC "-//W3C//DTD XHTML 1.0 Transitional//EN" "http://www.w3.org/TR/xhtml1/DTD/xhtml1-transitional.dtd"><html xmlns="http://www.w3.org/1999/xhtml" xml:lang="es-ES" lang="es-ES"><head>        
        <meta name="viewport" content="width=device-width, initial-scale=1">
        <meta http-equiv="Content-Type" content="text/html; charset=UTF-8">
        
        <title>Consulado General de España en Bahía Blanca LMD</title>
        
            <script type="text/javascript" async="" src="https://www.googletagmanager.com/gtag/js?id=G-F3TYSDL945&amp;cx=c&amp;gtm=4e62b1"></script><script async="" src="https://www.googletagmanager.com/gtm.js?id=GTM-K4N8R5C"></script><script type="text/javascript" src="https://citaconsular.es/js/widgets/loadermaec.js?v=3"></script><script type="text/javascript" src="https://citaconsular.es/js/jquery/jquery-2.1.1.min.js"></script><link rel="stylesheet" type="text/css" href="https://citaconsular.es/css/widgets/maec.css?v=3"><script>var oClientValues_248295 = {};</script><script type="text/javascript" src="https://citaconsular.es/js/require/require-2.1.14.js" data-main="https://citaconsular.es/js/widgets/mainv1.js?v=3"></script><script type="text/javascript" charset="utf-8" async="" data-requirecontext="_" data-requiremodule="https://citaconsular.es/js/widgets/mainv1.js?v=3" src="https://citaconsular.es/js/widgets/mainv1.js?v=3"></script><script type="text/javascript" charset="utf-8" async="" data-requirecontext="_" data-requiremodule="widgets/default/app" src="https://citaconsular.es/js/widgets/default/app.js?v=3"></script><script type="text/javascript" charset="utf-8" async="" data-requirecontext="_" data-requiremodule="noconflict" src="https://citaconsular.es/js/jquery/noconflict.js?v=3"></script><script type="text/javascript" charset="utf-8" async="" data-requirecontext="_" data-requiremodule="widgets/default/router" src="https://citaconsular.es/js/widgets/default/router.js?v=3"></script><script type="text/javascript" charset="utf-8" async="" data-requirecontext="_" data-requiremodule="widgets/default/collections/widgetconfigurations" src="https://citaconsular.es/js/widgets/default/collections/widgetconfigurations.js?v=3"></script><script type="text/javascript" charset="utf-8" async="" data-requirecontext="_" data-requiremodule="widgets/default/models/widgetconfiguration" src="https://citaconsular.es/js/widgets/default/models/widgetconfiguration.js?v=3"></script><script type="text/javascript" charset="utf-8" async="" data-requirecontext="_" data-requiremodule="widgets/default/models/widgetlabel" src="https://citaconsular.es/js/widgets/default/models/widgetlabel.js?v=3"></script><script type="text/javascript" charset="utf-8" async="" data-requirecontext="_" data-requiremodule="widgets/utils" src="https://citaconsular.es/js/widgets/utils.js?v=3"></script><script type="text/javascript" charset="utf-8" async="" data-requirecontext="_" data-requiremodule="widgets/default/views/footer" src="https://citaconsular.es/js/widgets/default/views/footer.js?v=3"></script><script type="text/javascript" charset="utf-8" async="" data-requirecontext="_" data-requiremodule="underscore" src="https://citaconsular.es/js/backbone/underscore.js?v=3"></script><script type="text/javascript" charset="utf-8" async="" data-requirecontext="_" data-requiremodule="jquery" src="https://citaconsular.es/js/jquery/jquery-2.1.1.min.js?v=3"></script><script type="text/javascript" charset="utf-8" async="" data-requirecontext="_" data-requiremodule="widgets/default/views/custom" src="https://citaconsular.es/js/widgets/default/views/custom.js?v=3"></script><script type="text/javascript" charset="utf-8" async="" data-requirecontext="_" data-requiremodule="widgets/default/views/services" src="https://citaconsular.es/js/widgets/default/views/services.js?v=3"></script><script type="text/javascript" charset="utf-8" async="" data-requirecontext="_" data-requiremodule="widgets/default/views/agendas" src="https://citaconsular.es/js/widgets/default/views/agendas.js?v=3"></script><script type="text/javascript" charset="utf-8" async="" data-requirecontext="_" data-requiremodule="widgets/default/views/datetime" src="https://citaconsular.es/js/widgets/default/views/datetime.js?v=3"></script><script type="text/javascript" charset="utf-8" async="" data-requirecontext="_" data-requiremodule="widgets/default/views/signup" src="https://citaconsular.es/js/widgets/default/views/signup.js?v=3"></script><script type="text/javascript" charset="utf-8" async="" data-requirecontext="_" data-requiremodule="widgets/default/views/summary" src="https://citaconsular.es/js/widgets/default/views/summary.js?v=3"></script><script type="text/javascript" charset="utf-8" async="" data-requirecontext="_" data-requiremodule="widgets/default/views/signin" src="https://citaconsular.es/js/widgets/default/views/signin.js?v=3"></script><script type="text/javascript" charset="utf-8" async="" data-requirecontext="_" data-requiremodule="widgets/defaul
2026-02-16 06:10:07,089 [WARNING] [40.226.461] Dump HTML (login_timeout) guardado en logs/dump_40.226.461_20260216_061007.html
2026-02-16 06:10:07,185 [INFO] [40.226.461] Screenshot runtime (login_timeout) guardado en logs/screenshot_40.226.461_20260216_061007_login_timeout.png
2026-02-16 06:10:07,238 [INFO] [40.226.461] Resultado: ERROR
2026-02-16 06:10:07,238 [INFO] Esperando 30 segundos antes del siguiente intento
2026-02-16 06:10:37,239 [WARNING] [FILA 1] Usuario/Contraseña vacíos, saltando...
2026-02-16 06:10:37,240 [INFO] Esperando 34 segundos antes del siguiente intento
2026-02-16 06:11:11,241 [WARNING] [FILA 2] Usuario/Contraseña vacíos, saltando...
2026-02-16 06:11:11,241 [INFO] Esperando 24 segundos antes del siguiente intento
2026-02-16 06:11:35,242 [WARNING] [FILA 3] Usuario/Contraseña vacíos, saltando...
2026-02-16 06:11:35,242 [INFO] Esperando 41 segundos antes del siguiente intento
2026-02-16 06:12:16,247 [WARNING] [FILA 4] Usuario/Contraseña vacíos, saltando...
2026-02-16 06:12:16,247 [INFO] Esperando 41 segundos antes del siguiente intento
2026-02-16 06:12:57,248 [WARNING] [FILA 5] Usuario/Contraseña vacíos, saltando...
2026-02-16 06:12:57,249 [INFO] Esperando 42 segundos antes del siguiente intento
2026-02-16 06:13:01,021 [WARNING] Dump HTML (signal_15) omitido: la página ya está cerrada
