2026-02-14 21:45:33,230 [INFO] Log de ejecución: logs/turnero_20260214_214533.log
2026-02-14 21:45:34,123 [INFO] === Intentando sacar turno para usuario: 24.336.765 ===
2026-02-14 21:45:42,093 [INFO] [24.336.765] Se abrió nueva pestaña para el widget: https://www.citaconsular.es/es/hosteds/widgetdefault/2a30ca6f59fb5f176361063c56c79d043
2026-02-14 21:45:42,095 [INFO] [24.336.765] URL tras popup: https://www.citaconsular.es/es/hosteds/widgetdefault/2a30ca6f59fb5f176361063c56c79d043
2026-02-14 21:45:42,095 [INFO] [24.336.765] Frame 0: https://www.citaconsular.es/es/hosteds/widgetdefault/2a30ca6f59fb5f176361063c56c79d043
2026-02-14 21:45:42,571 [INFO] [24.336.765] Click en 'button:has-text('Continue / Continuar')' dentro de page
2026-02-14 21:45:54,867 [INFO] [24.336.765] Click en 'text=Cancelar o consultar mis reservas' dentro de page
2026-02-14 21:45:56,593 [INFO] [24.336.765] Fill 'input[placeholder*='DNI']' en frame https://www.citaconsular.es/es/hosteds/widgetdefault/2a30ca6f59fb5f176361063c56c79d043/#signinaccount
2026-02-14 21:45:56,651 [INFO] [24.336.765] Fill '#idIptBktAccountLoginpassword' en frame https://www.citaconsular.es/es/hosteds/widgetdefault/2a30ca6f59fb5f176361063c56c79d043/#signinaccount
2026-02-14 21:45:56,718 [INFO] [24.336.765] Click en '#idBktDefaultAccountLoginConfirmButton' dentro de page
2026-02-14 21:46:01,725 [INFO] [24.336.765] Esperando hasta 22:10:00 para iniciar pingpong
2026-02-14 21:47:00,896 [ERROR] [24.336.765] No se pudo guardar dump HTML por signal_2: Page.content: Target page, context or browser has been closed
Traceback (most recent call last):
  File "/home/andy/Turnero/booking.py", line 88, in _dump_html_snapshot
    html = page.content()
           ^^^^^^^^^^^^^^
  File "/home/andy/Turnero/.venv/lib/python3.12/site-packages/playwright/sync_api/_generated.py", line 8946, in content
    return mapping.from_maybe_impl(self._sync(self._impl_obj.content()))
                                   ^^^^^^^^^^^^^^^^^^^^^^^^^^^^^^^^^^^^
  File "/home/andy/Turnero/.venv/lib/python3.12/site-packages/playwright/_impl/_sync_base.py", line 115, in _sync
    return task.result()
           ^^^^^^^^^^^^^
  File "/home/andy/Turnero/.venv/lib/python3.12/site-packages/playwright/_impl/_page.py", line 535, in content
    return await self._main_frame.content()
           ^^^^^^^^^^^^^^^^^^^^^^^^^^^^^^^^
  File "/home/andy/Turnero/.venv/lib/python3.12/site-packages/playwright/_impl/_frame.py", line 475, in content
    return await self._channel.send("content", None)
           ^^^^^^^^^^^^^^^^^^^^^^^^^^^^^^^^^^^^^^^^^
  File "/home/andy/Turnero/.venv/lib/python3.12/site-packages/playwright/_impl/_connection.py", line 69, in send
    return await self._connection.wrap_api_call(
           ^^^^^^^^^^^^^^^^^^^^^^^^^^^^^^^^^^^^^
  File "/home/andy/Turnero/.venv/lib/python3.12/site-packages/playwright/_impl/_connection.py", line 559, in wrap_api_call
    raise rewrite_error(error, f"{parsed_st['apiName']}: {error}") from None
playwright._impl._errors.TargetClosedError: Page.content: Target page, context or browser has been closed
