2026-01-07 06:10:02,446 [INFO] Log de ejecución: logs/turnero_20260107_061002.log
2026-01-07 06:10:03,346 [INFO] === Intentando sacar turno para usuario: 35.856.676 ===
2026-01-07 06:10:18,457 [INFO] [35.856.676] Se abrió nueva pestaña para el widget: https://www.citaconsular.es/es/hosteds/widgetdefault/2a30ca6f59fb5f176361063c56c79d043
2026-01-07 06:10:18,457 [INFO] [35.856.676] URL tras popup: https://www.citaconsular.es/es/hosteds/widgetdefault/2a30ca6f59fb5f176361063c56c79d043
2026-01-07 06:10:18,457 [INFO] [35.856.676] Frame 0: https://www.citaconsular.es/es/hosteds/widgetdefault/2a30ca6f59fb5f176361063c56c79d043
2026-01-07 06:10:19,349 [INFO] [35.856.676] Click en 'button:has-text('Continue / Continuar')' dentro de page
2026-01-07 06:10:42,523 [INFO] [35.856.676] Click en 'text=Cancelar o consultar mis reservas' dentro de frame:0
2026-01-07 06:10:44,542 [INFO] [35.856.676] Fill 'input[placeholder*='DNI']' en frame https://www.citaconsular.es/es/hosteds/widgetdefault/2a30ca6f59fb5f176361063c56c79d043/#signinaccount
2026-01-07 06:10:44,650 [INFO] [35.856.676] Fill '#idIptBktAccountLoginpassword' en frame https://www.citaconsular.es/es/hosteds/widgetdefault/2a30ca6f59fb5f176361063c56c79d043/#signinaccount
2026-01-07 06:10:44,698 [INFO] [35.856.676] Click en '#idBktDefaultAccountLoginConfirmButton' dentro de page
2026-01-07 06:10:57,768 [INFO] [35.856.676] Click en '#idBktDefaultAccountHistoryContainer .clsDivSubHeaderBackButton' dentro de page
2026-01-07 06:10:57,825 [ERROR] [35.856.676] Error buscando tabla/servicio: Page.query_selector_all: selector: expected string, got object
Traceback (most recent call last):
  File "/home/andy/Turnero/booking.py", line 51, in _esperar_turnos_disponibles
    if page.query_selector_all(config.SELECTORES["servicio_card"]):
       ^^^^^^^^^^^^^^^^^^^^^^^^^^^^^^^^^^^^^^^^^^^^^^^^^^^^^^^^^^^
  File "/home/andy/Turnero/.venv/lib/python3.12/site-packages/playwright/sync_api/_generated.py", line 8142, in query_selector_all
    self._sync(self._impl_obj.query_selector_all(selector=selector))
  File "/home/andy/Turnero/.venv/lib/python3.12/site-packages/playwright/_impl/_sync_base.py", line 115, in _sync
    return task.result()
           ^^^^^^^^^^^^^
  File "/home/andy/Turnero/.venv/lib/python3.12/site-packages/playwright/_impl/_page.py", line 410, in query_selector_all
    return await self._main_frame.query_selector_all(selector)
           ^^^^^^^^^^^^^^^^^^^^^^^^^^^^^^^^^^^^^^^^^^^^^^^^^^^
  File "/home/andy/Turnero/.venv/lib/python3.12/site-packages/playwright/_impl/_frame.py", line 355, in query_selector_all
    await self._channel.send(
  File "/home/andy/Turnero/.venv/lib/python3.12/site-packages/playwright/_impl/_connection.py", line 69, in send
    return await self._connection.wrap_api_call(
           ^^^^^^^^^^^^^^^^^^^^^^^^^^^^^^^^^^^^^
  File "/home/andy/Turnero/.venv/lib/python3.12/site-packages/playwright/_impl/_connection.py", line 559, in wrap_api_call
    raise rewrite_error(error, f"{parsed_st['apiName']}: {error}") from None
playwright._impl._errors.Error: Page.query_selector_all: selector: expected string, got object
2026-01-07 06:10:57,851 [INFO] [35.856.676] Sin turnos. Esperando 30s antes de reintentar (intento 1/50)
2026-01-07 06:11:27,931 [INFO] [35.856.676] Click en 'text=Ver historial' dentro de page
2026-01-07 06:11:36,050 [INFO] [35.856.676] Click en '#idBktDefaultAccountHistoryContainer .clsDivSubHeaderBackButton' dentro de page
2026-01-07 06:11:36,108 [ERROR] [35.856.676] Error buscando tabla/servicio: Page.query_selector_all: selector: expected string, got object
Traceback (most recent call last):
  File "/home/andy/Turnero/booking.py", line 51, in _esperar_turnos_disponibles
    if page.query_selector_all(config.SELECTORES["servicio_card"]):
       ^^^^^^^^^^^^^^^^^^^^^^^^^^^^^^^^^^^^^^^^^^^^^^^^^^^^^^^^^^^
  File "/home/andy/Turnero/.venv/lib/python3.12/site-packages/playwright/sync_api/_generated.py", line 8142, in query_selector_all
    self._sync(self._impl_obj.query_selector_all(selector=selector))
  File "/home/andy/Turnero/.venv/lib/python3.12/site-packages/playwright/_impl/_sync_base.py", line 115, in _sync
    return task.result()
           ^^^^^^^^^^^^^
  File "/home/andy/Turnero/.venv/lib/python3.12/site-packages/playwright/_impl/_page.py", line 410, in query_selector_all
    return await self._main_frame.query_selector_all(selector)
           ^^^^^^^^^^^^^^^^^^^^^^^^^^^^^^^^^^^^^^^^^^^^^^^^^^^
  File "/home/andy/Turnero/.venv/lib/python3.12/site-packages/playwright/_impl/_frame.py", line 355, in query_selector_all
    await self._channel.send(
  File "/home/andy/Turnero/.venv/lib/python3.12/site-packages/playwright/_impl/_connection.py", line 69, in send
    return await self._connection.wrap_api_call(
           ^^^^^^^^^^^^^^^^^^^^^^^^^^^^^^^^^^^^^
  File "/home/andy/Turnero/.venv/lib/python3.12/site-packages/playwright/_impl/_connection.py", line 559, in wrap_api_call
    raise rewrite_error(error, f"{parsed_st['apiName']}: {error}") from None
playwright._impl._errors.Error: Page.query_selector_all: selector: expected string, got object
2026-01-07 06:11:36,133 [INFO] [35.856.676] Sin turnos. Esperando 30s antes de reintentar (intento 2/50)
2026-01-07 06:12:06,209 [INFO] [35.856.676] Click en 'text=Ver historial' dentro de page
2026-01-07 06:12:14,321 [INFO] [35.856.676] Click en '#idBktDefaultAccountHistoryContainer .clsDivSubHeaderBackButton' dentro de page
2026-01-07 06:12:14,377 [ERROR] [35.856.676] Error buscando tabla/servicio: Page.query_selector_all: selector: expected string, got object
Traceback (most recent call last):
  File "/home/andy/Turnero/booking.py", line 51, in _esperar_turnos_disponibles
    if page.query_selector_all(config.SELECTORES["servicio_card"]):
       ^^^^^^^^^^^^^^^^^^^^^^^^^^^^^^^^^^^^^^^^^^^^^^^^^^^^^^^^^^^
  File "/home/andy/Turnero/.venv/lib/python3.12/site-packages/playwright/sync_api/_generated.py", line 8142, in query_selector_all
    self._sync(self._impl_obj.query_selector_all(selector=selector))
  File "/home/andy/Turnero/.venv/lib/python3.12/site-packages/playwright/_impl/_sync_base.py", line 115, in _sync
    return task.result()
           ^^^^^^^^^^^^^
  File "/home/andy/Turnero/.venv/lib/python3.12/site-packages/playwright/_impl/_page.py", line 410, in query_selector_all
    return await self._main_frame.query_selector_all(selector)
           ^^^^^^^^^^^^^^^^^^^^^^^^^^^^^^^^^^^^^^^^^^^^^^^^^^^
  File "/home/andy/Turnero/.venv/lib/python3.12/site-packages/playwright/_impl/_frame.py", line 355, in query_selector_all
    await self._channel.send(
  File "/home/andy/Turnero/.venv/lib/python3.12/site-packages/playwright/_impl/_connection.py", line 69, in send
    return await self._connection.wrap_api_call(
           ^^^^^^^^^^^^^^^^^^^^^^^^^^^^^^^^^^^^^
  File "/home/andy/Turnero/.venv/lib/python3.12/site-packages/playwright/_impl/_connection.py", line 559, in wrap_api_call
    raise rewrite_error(error, f"{parsed_st['apiName']}: {error}") from None
playwright._impl._errors.Error: Page.query_selector_all: selector: expected string, got object
2026-01-07 06:12:14,400 [INFO] [35.856.676] Sin turnos. Esperando 30s antes de reintentar (intento 3/50)
2026-01-07 06:12:44,478 [INFO] [35.856.676] Click en 'text=Ver historial' dentro de page
2026-01-07 06:12:52,591 [INFO] [35.856.676] Click en '#idBktDefaultAccountHistoryContainer .clsDivSubHeaderBackButton' dentro de page
2026-01-07 06:12:52,665 [ERROR] [35.856.676] Error buscando tabla/servicio: Page.query_selector_all: selector: expected string, got object
Traceback (most recent call last):
  File "/home/andy/Turnero/booking.py", line 51, in _esperar_turnos_disponibles
    if page.query_selector_all(config.SELECTORES["servicio_card"]):
       ^^^^^^^^^^^^^^^^^^^^^^^^^^^^^^^^^^^^^^^^^^^^^^^^^^^^^^^^^^^
  File "/home/andy/Turnero/.venv/lib/python3.12/site-packages/playwright/sync_api/_generated.py", line 8142, in query_selector_all
    self._sync(self._impl_obj.query_selector_all(selector=selector))
  File "/home/andy/Turnero/.venv/lib/python3.12/site-packages/playwright/_impl/_sync_base.py", line 115, in _sync
    return task.result()
           ^^^^^^^^^^^^^
  File "/home/andy/Turnero/.venv/lib/python3.12/site-packages/playwright/_impl/_page.py", line 410, in query_selector_all
    return await self._main_frame.query_selector_all(selector)
           ^^^^^^^^^^^^^^^^^^^^^^^^^^^^^^^^^^^^^^^^^^^^^^^^^^^
  File "/home/andy/Turnero/.venv/lib/python3.12/site-packages/playwright/_impl/_frame.py", line 355, in query_selector_all
    await self._channel.send(
  File "/home/andy/Turnero/.venv/lib/python3.12/site-packages/playwright/_impl/_connection.py", line 69, in send
    return await self._connection.wrap_api_call(
           ^^^^^^^^^^^^^^^^^^^^^^^^^^^^^^^^^^^^^
  File "/home/andy/Turnero/.venv/lib/python3.12/site-packages/playwright/_impl/_connection.py", line 559, in wrap_api_call
    raise rewrite_error(error, f"{parsed_st['apiName']}: {error}") from None
playwright._impl._errors.Error: Page.query_selector_all: selector: expected string, got object
2026-01-07 06:12:52,691 [INFO] [35.856.676] Sin turnos. Esperando 30s antes de reintentar (intento 4/50)
