2026-03-13 03:09:02,622 [INFO] Log de ejecución: logs/turnero_20260313_030902.log
2026-03-13 03:09:03,530 [INFO] === Intentando sacar turno para usuario: 18.380.695 ===
2026-03-13 03:09:12,072 [INFO] [18.380.695] Se abrió nueva pestaña para el widget: https://www.citaconsular.es/es/hosteds/widgetdefault/2a30ca6f59fb5f176361063c56c79d043
2026-03-13 03:09:12,073 [INFO] [18.380.695] URL tras popup: https://www.citaconsular.es/es/hosteds/widgetdefault/2a30ca6f59fb5f176361063c56c79d043
2026-03-13 03:09:12,073 [INFO] [18.380.695] Frame 0: https://www.citaconsular.es/es/hosteds/widgetdefault/2a30ca6f59fb5f176361063c56c79d043
2026-03-13 03:09:12,553 [INFO] [18.380.695] Click en 'button:has-text('Continue / Continuar')' dentro de page
2026-03-13 03:09:20,680 [INFO] [18.380.695] Click en 'text=Cancelar o consultar mis reservas' dentro de page
2026-03-13 03:09:22,542 [INFO] [18.380.695] Fill 'input[placeholder*='DNI']' en frame https://www.citaconsular.es/es/hosteds/widgetdefault/2a30ca6f59fb5f176361063c56c79d043/#signinaccount
2026-03-13 03:09:22,635 [INFO] [18.380.695] Fill '#idIptBktAccountLoginpassword' en frame https://www.citaconsular.es/es/hosteds/widgetdefault/2a30ca6f59fb5f176361063c56c79d043/#signinaccount
2026-03-13 03:09:22,685 [INFO] [18.380.695] Click en '#idBktDefaultAccountLoginConfirmButton' dentro de page
2026-03-13 03:09:23,653 [INFO] [18.380.695] Resultado: ERROR
2026-03-13 03:09:23,653 [INFO] Esperando 40 segundos antes del siguiente intento
2026-03-13 03:10:03,655 [WARNING] [FILA 1] Usuario/Contraseña vacíos, saltando...
2026-03-13 03:10:03,655 [INFO] Esperando 39 segundos antes del siguiente intento
2026-03-13 03:10:42,656 [WARNING] [FILA 2] Usuario/Contraseña vacíos, saltando...
2026-03-13 03:10:42,656 [INFO] Esperando 30 segundos antes del siguiente intento
2026-03-13 03:11:12,657 [WARNING] [FILA 3] Usuario/Contraseña vacíos, saltando...
2026-03-13 03:11:12,657 [INFO] Esperando 26 segundos antes del siguiente intento
2026-03-13 03:11:38,659 [WARNING] [FILA 4] Usuario/Contraseña vacíos, saltando...
2026-03-13 03:11:38,659 [INFO] Esperando 21 segundos antes del siguiente intento
2026-03-13 03:11:59,660 [WARNING] [FILA 5] Usuario/Contraseña vacíos, saltando...
2026-03-13 03:11:59,661 [INFO] Esperando 28 segundos antes del siguiente intento
2026-03-13 03:12:27,662 [WARNING] [FILA 6] Usuario/Contraseña vacíos, saltando...
2026-03-13 03:12:27,662 [INFO] Esperando 29 segundos antes del siguiente intento
2026-03-13 03:12:56,663 [WARNING] [FILA 7] Usuario/Contraseña vacíos, saltando...
2026-03-13 03:12:56,663 [INFO] Esperando 22 segundos antes del siguiente intento
2026-03-13 03:13:01,961 [WARNING] Dump HTML (signal_15) omitido: la página ya está cerrada
