2026-02-12 08:09:01,748 [INFO] Log de ejecución: logs/turnero_20260212_080901.log
2026-02-12 08:09:02,651 [INFO] === Intentando sacar turno para usuario: 44.779.763 ===
2026-02-12 08:09:10,551 [INFO] [44.779.763] Se abrió nueva pestaña para el widget: https://www.citaconsular.es/es/hosteds/widgetdefault/2a30ca6f59fb5f176361063c56c79d043
2026-02-12 08:09:10,551 [INFO] [44.779.763] URL tras popup: https://www.citaconsular.es/es/hosteds/widgetdefault/2a30ca6f59fb5f176361063c56c79d043
2026-02-12 08:09:10,551 [INFO] [44.779.763] Frame 0: https://www.citaconsular.es/es/hosteds/widgetdefault/2a30ca6f59fb5f176361063c56c79d043
2026-02-12 08:09:11,040 [INFO] [44.779.763] Click en 'button:has-text('Continue / Continuar')' dentro de page
2026-02-12 08:13:00,138 [WARNING] [44.779.763] Timeout esperando selectores ['text=Cancelar o consultar mis reservas'] en algún frame
2026-02-12 08:13:00,146 [WARNING] [44.779.763] Dump HTML (consultar_link_timeout) guardado en logs/dump_44.779.763_20260212_081300.html
2026-02-12 08:13:00,218 [INFO] [44.779.763] Resultado: PING_TIMEOUT
2026-02-12 08:13:00,231 [ERROR] No se pudo guardar el Excel al marcar NO: [Errno 13] Permission denied: 'turnos.xlsx'
Traceback (most recent call last):
  File "/home/andy/Turnero/runner.py", line 89, in _marcar_no_turno
    df.to_excel(config.EXCEL_PATH, index=False)
  File "/home/andy/Turnero/.venv/lib/python3.12/site-packages/pandas/util/_decorators.py", line 333, in wrapper
    return func(*args, **kwargs)
           ^^^^^^^^^^^^^^^^^^^^^
  File "/home/andy/Turnero/.venv/lib/python3.12/site-packages/pandas/core/generic.py", line 2439, in to_excel
    formatter.write(
  File "/home/andy/Turnero/.venv/lib/python3.12/site-packages/pandas/io/formats/excel.py", line 943, in write
    writer = ExcelWriter(
             ^^^^^^^^^^^^
  File "/home/andy/Turnero/.venv/lib/python3.12/site-packages/pandas/io/excel/_openpyxl.py", line 61, in __init__
    super().__init__(
  File "/home/andy/Turnero/.venv/lib/python3.12/site-packages/pandas/io/excel/_base.py", line 1246, in __init__
    self._handles = get_handle(
                    ^^^^^^^^^^^
  File "/home/andy/Turnero/.venv/lib/python3.12/site-packages/pandas/io/common.py", line 882, in get_handle
    handle = open(handle, ioargs.mode)
             ^^^^^^^^^^^^^^^^^^^^^^^^^
PermissionError: [Errno 13] Permission denied: 'turnos.xlsx'
2026-02-12 08:13:00,249 [INFO] Esperando 37 segundos antes del siguiente intento
2026-02-12 08:13:01,059 [WARNING] Dump HTML (signal_15) omitido: la página ya está cerrada
