2026-02-04 00:09:02,477 [INFO] Log de ejecución: logs/turnero_20260204_000902.log
2026-02-04 00:09:03,369 [INFO] === Intentando sacar turno para usuario: 44.779.763 ===
2026-02-04 00:09:11,835 [INFO] [44.779.763] Se abrió nueva pestaña para el widget: https://www.citaconsular.es/es/hosteds/widgetdefault/2a30ca6f59fb5f176361063c56c79d043
2026-02-04 00:09:11,836 [INFO] [44.779.763] URL tras popup: https://www.citaconsular.es/es/hosteds/widgetdefault/2a30ca6f59fb5f176361063c56c79d043
2026-02-04 00:09:11,836 [INFO] [44.779.763] Frame 0: https://www.citaconsular.es/es/hosteds/widgetdefault/2a30ca6f59fb5f176361063c56c79d043
2026-02-04 00:09:12,553 [INFO] [44.779.763] Click en 'button:has-text('Continue / Continuar')' dentro de page
2026-02-04 00:09:40,754 [WARNING] [44.779.763] No se pudo clickear con ningún selector en ningún frame: ['text=Cancelar o consultar mis reservas']
2026-02-04 00:09:58,938 [WARNING] [44.779.763] No se pudo llenar selectores en frame https://www.citaconsular.es/es/hosteds/widgetdefault/2a30ca6f59fb5f176361063c56c79d043/#services: ["input[placeholder*='DNI']", "input[name='dni']", 'input#dni', "input[name='usuario']"]
2026-02-04 00:09:58,988 [WARNING] [44.779.763] DEBUG frame 0 (url https://www.citaconsular.es/es/hosteds/widgetdefault/2a30ca6f59fb5f176361063c56c79d043/#services) snippet: <!DOCTYPE html PUBLIC "-//W3C//DTD XHTML 1.0 Transitional//EN" "http://www.w3.org/TR/xhtml1/DTD/xhtml1-transitional.dtd"><html xmlns="http://www.w3.org/1999/xhtml" xml:lang="es-ES" lang="es-ES"><head>        
        <meta name="viewport" content="width=device-width, initial-scale=1">
        <meta http-equiv="Content-Type" content="text/html; charset=UTF-8">
        
        <title>Consulado General de España en Bahía Blanca LMD</title>
        
            <script type="text/javascript" async="" src="https://www.googletagmanager.com/gtag/js?id=G-F3TYSDL945&amp;cx=c&amp;gtm=4e6221"></script><script async="" src="https://www.googletagmanager.com/gtm.js?id=GTM-K4N8R5C"></script><script type="text/javascript" src="https://citaconsular.es/js/widgets/loadermaec.js?v=3"></script><script type="text/javascript" src="https://citaconsular.es/js/jquery/jquery-2.1.1.min.js"></script><link rel="stylesheet" type="text/css" href="https://citaconsular.es/css/widgets/maec.css?v=3"><script>var oClientValues_248295 = {};</script><script type="text/javascript" src="https://citaconsular.es/js/require/require-2.1.14.js" data-main="https://citaconsular.es/js/widgets/mainv1.js?v=3"></script><script type="text/javascript" charset="utf-8" async="" data-requirecontext="_" data-requiremodule="https://citaconsular.es/js/widgets/mainv1.js?v=3" src="https://citaconsular.es/js/widgets/mainv1.js?v=3"></script><script type="text/javascript" charset="utf-8" async="" data-requirecontext="_" data-requiremodule="widgets/default/app" src="https://citaconsular.es/js/widgets/default/app.js?v=3"></script><script type="text/javascript" charset="utf-8" async="" data-requirecontext="_" data-requiremodule="noconflict" src="https://citaconsular.es/js/jquery/noconflict.js?v=3"></script><script type="text/javascript" charset="utf-8" async="" data-requirecontext="_" data-requiremodule="widgets/default/router" src="https://citaconsular.es/js/widgets/default/router.js?v=3"></script><script type="text/javascript" charset="utf-8" async="" data-requirecontext="_" data-requiremodule="widgets/default/collections/widgetconfigurations" src="https://citaconsular.es/js/widgets/default/collections/widgetconfigurations.js?v=3"></script><script type="text/javascript" charset="utf-8" async="" data-requirecontext="_" data-requiremodule="widgets/default/models/widgetconfiguration" src="https://citaconsular.es/js/widgets/default/models/widgetconfiguration.js?v=3"></script><script type="text/javascript" charset="utf-8" async="" data-requirecontext="_" data-requiremodule="widgets/default/models/widgetlabel" src="https://citaconsular.es/js/widgets/default/models/widgetlabel.js?v=3"></script><script type="text/javascript" charset="utf-8" async="" data-requirecontext="_" data-requiremodule="widgets/utils" src="https://citaconsular.es/js/widgets/utils.js?v=3"></script><script type="text/javascript" charset="utf-8" async="" data-requirecontext="_" data-requiremodule="widgets/default/views/footer" src="https://citaconsular.es/js/widgets/default/views/footer.js?v=3"></script><script type="text/javascript" charset="utf-8" async="" data-requirecontext="_" data-requiremodule="underscore" src="https://citaconsular.es/js/backbone/underscore.js?v=3"></script><script type="text/javascript" charset="utf-8" async="" data-requirecontext="_" data-requiremodule="jquery" src="https://citaconsular.es/js/jquery/jquery-2.1.1.min.js?v=3"></script><script type="text/javascript" charset="utf-8" async="" data-requirecontext="_" data-requiremodule="widgets/default/views/custom" src="https://citaconsular.es/js/widgets/default/views/custom.js?v=3"></script><script type="text/javascript" charset="utf-8" async="" data-requirecontext="_" data-requiremodule="widgets/default/views/services" src="https://citaconsular.es/js/widgets/default/views/services.js?v=3"></script><script type="text/javascript" charset="utf-8" async="" data-requirecontext="_" data-requiremodule="widgets/default/views/agendas" src="https://citaconsular.es/js/widgets/default/views/agendas.js?v=3"></script><script type="text/javascript" charset="utf-8" async="" data-requirecontext="_" data-requiremodule="widgets/default/views/datetime" src="https://citaconsular.es/js/widgets/default/views/datetime.js?v=3"></script><script type="text/javascript" charset="utf-8" async="" data-requirecontext="_" data-requiremodule="widgets/default/views/signup" src="https://citaconsular.es/js/widgets/default/views/signup.js?v=3"></script><script type="text/javascript" charset="utf-8" async="" data-requirecontext="_" data-requiremodule="widgets/default/views/summary" src="https://citaconsular.es/js/widgets/default/views/summary.js?v=3"></script><script type="text/javascript" charset="utf-8" async="" data-requirecontext="_" data-requiremodule="widgets/default/views/signin" src="https://citaconsular.es/js/widgets/default/views/signin.js?v=3"></script><script type="text/javascript" charset="utf-8" async="" data-requirecontext="_" data-requiremodule="widgets/defaul
2026-02-04 00:09:59,023 [WARNING] [44.779.763] Dump HTML (login_timeout) guardado en logs/dump_44.779.763_20260204_000958.html
2026-02-04 00:09:59,068 [INFO] [44.779.763] Resultado: ERROR
2026-02-04 00:09:59,068 [INFO] Esperando 38 segundos antes del siguiente intento
2026-02-04 00:10:37,070 [WARNING] [FILA 1] Usuario/Contraseña vacíos, saltando...
2026-02-04 00:10:37,070 [INFO] Esperando 27 segundos antes del siguiente intento
2026-02-04 00:11:04,071 [WARNING] [FILA 2] Usuario/Contraseña vacíos, saltando...
2026-02-04 00:11:04,071 [INFO] Esperando 20 segundos antes del siguiente intento
2026-02-04 00:11:24,072 [WARNING] [FILA 3] Usuario/Contraseña vacíos, saltando...
2026-02-04 00:11:24,073 [INFO] Esperando 22 segundos antes del siguiente intento
2026-02-04 00:11:46,073 [WARNING] [FILA 4] Usuario/Contraseña vacíos, saltando...
2026-02-04 00:11:46,073 [INFO] Esperando 44 segundos antes del siguiente intento
2026-02-04 00:12:30,074 [WARNING] [FILA 5] Usuario/Contraseña vacíos, saltando...
2026-02-04 00:12:30,075 [INFO] Esperando 20 segundos antes del siguiente intento
2026-02-04 00:12:50,076 [WARNING] [FILA 6] Usuario/Contraseña vacíos, saltando...
2026-02-04 00:12:50,076 [INFO] Esperando 34 segundos antes del siguiente intento
2026-02-04 00:13:01,792 [WARNING] Dump HTML (signal_15) omitido: la página ya está cerrada
