2026-02-27 00:09:02,427 [INFO] Log de ejecución: logs/turnero_20260227_000902.log
2026-02-27 00:09:04,179 [INFO] === Intentando sacar turno para usuario: 12.474.058 ===
2026-02-27 00:09:14,141 [INFO] [12.474.058] Se abrió nueva pestaña para el widget: https://www.citaconsular.es/es/hosteds/widgetdefault/2a30ca6f59fb5f176361063c56c79d043
2026-02-27 00:09:14,142 [INFO] [12.474.058] URL tras popup: https://www.citaconsular.es/es/hosteds/widgetdefault/2a30ca6f59fb5f176361063c56c79d043
2026-02-27 00:09:14,142 [INFO] [12.474.058] Frame 0: https://www.citaconsular.es/es/hosteds/widgetdefault/2a30ca6f59fb5f176361063c56c79d043
2026-02-27 00:09:15,037 [INFO] [12.474.058] Click en 'button:has-text('Continue / Continuar')' dentro de page
2026-02-27 00:09:44,135 [WARNING] [12.474.058] No se pudo clickear con ningún selector en ningún frame: ['text=Cancelar o consultar mis reservas']
2026-02-27 00:10:02,887 [WARNING] [12.474.058] No se pudo llenar selectores en frame https://www.citaconsular.es/es/hosteds/widgetdefault/2a30ca6f59fb5f176361063c56c79d043/#services: ["input[placeholder*='DNI']", "input[name='dni']", 'input#dni', "input[name='usuario']"]
2026-02-27 00:10:02,934 [WARNING] [12.474.058] DEBUG frame 0 (url https://www.citaconsular.es/es/hosteds/widgetdefault/2a30ca6f59fb5f176361063c56c79d043/#services) snippet: <!DOCTYPE html PUBLIC "-//W3C//DTD XHTML 1.0 Transitional//EN" "http://www.w3.org/TR/xhtml1/DTD/xhtml1-transitional.dtd"><html xmlns="http://www.w3.org/1999/xhtml" xml:lang="es-ES" lang="es-ES"><head>        
        <meta name="viewport" content="width=device-width, initial-scale=1">
        <meta http-equiv="Content-Type" content="text/html; charset=UTF-8">
        
        <title>Consulado General de España en Bahía Blanca LMD</title>
        
            <script type="text/javascript" async="" src="https://www.googletagmanager.com/gtag/js?id=G-F3TYSDL945&amp;cx=c&amp;gtm=4e62p1"></script><script async="" src="https://www.googletagmanager.com/gtm.js?id=GTM-K4N8R5C"></script><script type="text/javascript" src="https://citaconsular.es/js/widgets/loadermaec.js?v=3"></script><script type="text/javascript" src="https://citaconsular.es/js/jquery/jquery-2.1.1.min.js"></script><link rel="stylesheet" type="text/css" href="https://citaconsular.es/css/widgets/maec.css?v=3"><script>var oClientValues_248295 = {};</script><script type="text/javascript" src="https://citaconsular.es/js/require/require-2.1.14.js" data-main="https://citaconsular.es/js/widgets/mainv1.js?v=3"></script><script type="text/javascript" charset="utf-8" async="" data-requirecontext="_" data-requiremodule="https://citaconsular.es/js/widgets/mainv1.js?v=3" src="https://citaconsular.es/js/widgets/mainv1.js?v=3"></script><script type="text/javascript" charset="utf-8" async="" data-requirecontext="_" data-requiremodule="widgets/default/app" src="https://citaconsular.es/js/widgets/default/app.js?v=3"></script><script type="text/javascript" charset="utf-8" async="" data-requirecontext="_" data-requiremodule="noconflict" src="https://citaconsular.es/js/jquery/noconflict.js?v=3"></script><script type="text/javascript" charset="utf-8" async="" data-requirecontext="_" data-requiremodule="widgets/default/router" src="https://citaconsular.es/js/widgets/default/router.js?v=3"></script><script type="text/javascript" charset="utf-8" async="" data-requirecontext="_" data-requiremodule="widgets/default/collections/widgetconfigurations" src="https://citaconsular.es/js/widgets/default/collections/widgetconfigurations.js?v=3"></script><script type="text/javascript" charset="utf-8" async="" data-requirecontext="_" data-requiremodule="widgets/default/models/widgetconfiguration" src="https://citaconsular.es/js/widgets/default/models/widgetconfiguration.js?v=3"></script><script type="text/javascript" charset="utf-8" async="" data-requirecontext="_" data-requiremodule="widgets/default/models/widgetlabel" src="https://citaconsular.es/js/widgets/default/models/widgetlabel.js?v=3"></script><script type="text/javascript" charset="utf-8" async="" data-requirecontext="_" data-requiremodule="widgets/utils" src="https://citaconsular.es/js/widgets/utils.js?v=3"></script><script type="text/javascript" charset="utf-8" async="" data-requirecontext="_" data-requiremodule="widgets/default/views/footer" src="https://citaconsular.es/js/widgets/default/views/footer.js?v=3"></script><script type="text/javascript" charset="utf-8" async="" data-requirecontext="_" data-requiremodule="underscore" src="https://citaconsular.es/js/backbone/underscore.js?v=3"></script><script type="text/javascript" charset="utf-8" async="" data-requirecontext="_" data-requiremodule="widgets/default/views/custom" src="https://citaconsular.es/js/widgets/default/views/custom.js?v=3"></script><script type="text/javascript" charset="utf-8" async="" data-requirecontext="_" data-requiremodule="widgets/default/views/services" src="https://citaconsular.es/js/widgets/default/views/services.js?v=3"></script><script type="text/javascript" charset="utf-8" async="" data-requirecontext="_" data-requiremodule="widgets/default/views/agendas" src="https://citaconsular.es/js/widgets/default/views/agendas.js?v=3"></script><script type="text/javascript" charset="utf-8" async="" data-requirecontext="_" data-requiremodule="widgets/default/views/datetime" src="https://citaconsular.es/js/widgets/default/views/datetime.js?v=3"></script><script type="text/javascript" charset="utf-8" async="" data-requirecontext="_" data-requiremodule="widgets/default/views/signup" src="https://citaconsular.es/js/widgets/default/views/signup.js?v=3"></script><script type="text/javascript" charset="utf-8" async="" data-requirecontext="_" data-requiremodule="widgets/default/views/summary" src="https://citaconsular.es/js/widgets/default/views/summary.js?v=3"></script><script type="text/javascript" charset="utf-8" async="" data-requirecontext="_" data-requiremodule="widgets/default/views/signin" src="https://citaconsular.es/js/widgets/default/views/signin.js?v=3"></script><script type="text/javascript" charset="utf-8" async="" data-requirecontext="_" data-requiremodule="widgets/default/views/signupfirstappointment" src="https://citaconsular.es/js/widgets/default/views/signupfirstappointment.js?v=3"></script><script type="text/javascript" charset="utf-8" async=""
2026-02-27 00:10:02,968 [WARNING] [12.474.058] Dump HTML (login_timeout) guardado en logs/dump_12.474.058_20260227_001002.html
2026-02-27 00:10:03,047 [INFO] [12.474.058] Screenshot runtime (login_timeout) guardado en logs/screenshot_12.474.058_20260227_001002_login_timeout.png
2026-02-27 00:10:03,106 [INFO] [12.474.058] Resultado: ERROR
2026-02-27 00:10:03,106 [INFO] Esperando 30 segundos antes del siguiente intento
2026-02-27 00:10:33,107 [WARNING] [FILA 1] Usuario/Contraseña vacíos, saltando...
2026-02-27 00:10:33,108 [INFO] Esperando 29 segundos antes del siguiente intento
2026-02-27 00:11:02,108 [WARNING] [FILA 2] Usuario/Contraseña vacíos, saltando...
2026-02-27 00:11:02,109 [INFO] Esperando 39 segundos antes del siguiente intento
2026-02-27 00:11:41,110 [WARNING] [FILA 3] Usuario/Contraseña vacíos, saltando...
2026-02-27 00:11:41,110 [INFO] Esperando 27 segundos antes del siguiente intento
2026-02-27 00:12:08,111 [WARNING] [FILA 4] Usuario/Contraseña vacíos, saltando...
2026-02-27 00:12:08,111 [INFO] Esperando 30 segundos antes del siguiente intento
2026-02-27 00:12:38,112 [WARNING] [FILA 5] Usuario/Contraseña vacíos, saltando...
2026-02-27 00:12:38,113 [INFO] Esperando 32 segundos antes del siguiente intento
2026-02-27 00:13:01,347 [WARNING] Dump HTML (signal_15) omitido: la página ya está cerrada
