2026-01-05 05:10:02,226 [INFO] Log de ejecución: logs/turnero_20260105_051002.log
2026-01-05 05:10:03,117 [INFO] === Intentando sacar turno para usuario: 35.856.676 ===
2026-01-05 05:10:10,527 [INFO] [35.856.676] Se abrió nueva pestaña para el widget: https://www.citaconsular.es/es/hosteds/widgetdefault/2a30ca6f59fb5f176361063c56c79d043
2026-01-05 05:10:10,527 [INFO] [35.856.676] URL tras popup: https://www.citaconsular.es/es/hosteds/widgetdefault/2a30ca6f59fb5f176361063c56c79d043
2026-01-05 05:10:10,528 [INFO] [35.856.676] Frame 0: https://www.citaconsular.es/es/hosteds/widgetdefault/2a30ca6f59fb5f176361063c56c79d043
2026-01-05 05:10:11,428 [INFO] [35.856.676] Click en 'button:has-text('Continue / Continuar')' dentro de page
2026-01-05 05:10:28,867 [INFO] [35.856.676] Click en 'text=Cancelar o consultar mis reservas' dentro de frame:0
2026-01-05 05:10:30,310 [INFO] [35.856.676] Fill 'input[placeholder*='DNI']' en frame https://www.citaconsular.es/es/hosteds/widgetdefault/2a30ca6f59fb5f176361063c56c79d043/#signinaccount
2026-01-05 05:10:30,364 [INFO] [35.856.676] Fill '#idIptBktAccountLoginpassword' en frame https://www.citaconsular.es/es/hosteds/widgetdefault/2a30ca6f59fb5f176361063c56c79d043/#signinaccount
2026-01-05 05:10:30,421 [INFO] [35.856.676] Click en '#idBktDefaultAccountLoginConfirmButton' dentro de page
2026-01-05 05:10:43,490 [INFO] [35.856.676] Click en '#idBktDefaultAccountHistoryContainer .clsDivSubHeaderBackButton' dentro de page
2026-01-05 05:10:43,557 [ERROR] [35.856.676] Error buscando tabla/servicio: Page.query_selector_all: selector: expected string, got object
Traceback (most recent call last):
  File "/home/andy/Turnero/booking.py", line 51, in _esperar_turnos_disponibles
    if page.query_selector_all(config.SELECTORES["servicio_card"]):
       ^^^^^^^^^^^^^^^^^^^^^^^^^^^^^^^^^^^^^^^^^^^^^^^^^^^^^^^^^^^
  File "/home/andy/Turnero/.venv/lib/python3.12/site-packages/playwright/sync_api/_generated.py", line 8142, in query_selector_all
    self._sync(self._impl_obj.query_selector_all(selector=selector))
  File "/home/andy/Turnero/.venv/lib/python3.12/site-packages/playwright/_impl/_sync_base.py", line 115, in _sync
    return task.result()
           ^^^^^^^^^^^^^
  File "/home/andy/Turnero/.venv/lib/python3.12/site-packages/playwright/_impl/_page.py", line 410, in query_selector_all
    return await self._main_frame.query_selector_all(selector)
           ^^^^^^^^^^^^^^^^^^^^^^^^^^^^^^^^^^^^^^^^^^^^^^^^^^^
  File "/home/andy/Turnero/.venv/lib/python3.12/site-packages/playwright/_impl/_frame.py", line 355, in query_selector_all
    await self._channel.send(
  File "/home/andy/Turnero/.venv/lib/python3.12/site-packages/playwright/_impl/_connection.py", line 69, in send
    return await self._connection.wrap_api_call(
           ^^^^^^^^^^^^^^^^^^^^^^^^^^^^^^^^^^^^^
  File "/home/andy/Turnero/.venv/lib/python3.12/site-packages/playwright/_impl/_connection.py", line 559, in wrap_api_call
    raise rewrite_error(error, f"{parsed_st['apiName']}: {error}") from None
playwright._impl._errors.Error: Page.query_selector_all: selector: expected string, got object
2026-01-05 05:10:43,586 [INFO] [35.856.676] Sin turnos. Esperando 30s antes de reintentar (intento 1/50)
2026-01-05 05:11:13,659 [INFO] [35.856.676] Click en 'text=Ver historial' dentro de page
2026-01-05 05:11:21,763 [INFO] [35.856.676] Click en '#idBktDefaultAccountHistoryContainer .clsDivSubHeaderBackButton' dentro de page
2026-01-05 05:11:21,821 [ERROR] [35.856.676] Error buscando tabla/servicio: Page.query_selector_all: selector: expected string, got object
Traceback (most recent call last):
  File "/home/andy/Turnero/booking.py", line 51, in _esperar_turnos_disponibles
    if page.query_selector_all(config.SELECTORES["servicio_card"]):
       ^^^^^^^^^^^^^^^^^^^^^^^^^^^^^^^^^^^^^^^^^^^^^^^^^^^^^^^^^^^
  File "/home/andy/Turnero/.venv/lib/python3.12/site-packages/playwright/sync_api/_generated.py", line 8142, in query_selector_all
    self._sync(self._impl_obj.query_selector_all(selector=selector))
  File "/home/andy/Turnero/.venv/lib/python3.12/site-packages/playwright/_impl/_sync_base.py", line 115, in _sync
    return task.result()
           ^^^^^^^^^^^^^
  File "/home/andy/Turnero/.venv/lib/python3.12/site-packages/playwright/_impl/_page.py", line 410, in query_selector_all
    return await self._main_frame.query_selector_all(selector)
           ^^^^^^^^^^^^^^^^^^^^^^^^^^^^^^^^^^^^^^^^^^^^^^^^^^^
  File "/home/andy/Turnero/.venv/lib/python3.12/site-packages/playwright/_impl/_frame.py", line 355, in query_selector_all
    await self._channel.send(
  File "/home/andy/Turnero/.venv/lib/python3.12/site-packages/playwright/_impl/_connection.py", line 69, in send
    return await self._connection.wrap_api_call(
           ^^^^^^^^^^^^^^^^^^^^^^^^^^^^^^^^^^^^^
  File "/home/andy/Turnero/.venv/lib/python3.12/site-packages/playwright/_impl/_connection.py", line 559, in wrap_api_call
    raise rewrite_error(error, f"{parsed_st['apiName']}: {error}") from None
playwright._impl._errors.Error: Page.query_selector_all: selector: expected string, got object
2026-01-05 05:11:21,845 [INFO] [35.856.676] Sin turnos. Esperando 30s antes de reintentar (intento 2/50)
2026-01-05 05:11:51,936 [INFO] [35.856.676] Click en 'text=Ver historial' dentro de page
2026-01-05 05:12:00,074 [INFO] [35.856.676] Click en '#idBktDefaultAccountHistoryContainer .clsDivSubHeaderBackButton' dentro de page
2026-01-05 05:12:00,130 [ERROR] [35.856.676] Error buscando tabla/servicio: Page.query_selector_all: selector: expected string, got object
Traceback (most recent call last):
  File "/home/andy/Turnero/booking.py", line 51, in _esperar_turnos_disponibles
    if page.query_selector_all(config.SELECTORES["servicio_card"]):
       ^^^^^^^^^^^^^^^^^^^^^^^^^^^^^^^^^^^^^^^^^^^^^^^^^^^^^^^^^^^
  File "/home/andy/Turnero/.venv/lib/python3.12/site-packages/playwright/sync_api/_generated.py", line 8142, in query_selector_all
    self._sync(self._impl_obj.query_selector_all(selector=selector))
  File "/home/andy/Turnero/.venv/lib/python3.12/site-packages/playwright/_impl/_sync_base.py", line 115, in _sync
    return task.result()
           ^^^^^^^^^^^^^
  File "/home/andy/Turnero/.venv/lib/python3.12/site-packages/playwright/_impl/_page.py", line 410, in query_selector_all
    return await self._main_frame.query_selector_all(selector)
           ^^^^^^^^^^^^^^^^^^^^^^^^^^^^^^^^^^^^^^^^^^^^^^^^^^^
  File "/home/andy/Turnero/.venv/lib/python3.12/site-packages/playwright/_impl/_frame.py", line 355, in query_selector_all
    await self._channel.send(
  File "/home/andy/Turnero/.venv/lib/python3.12/site-packages/playwright/_impl/_connection.py", line 69, in send
    return await self._connection.wrap_api_call(
           ^^^^^^^^^^^^^^^^^^^^^^^^^^^^^^^^^^^^^
  File "/home/andy/Turnero/.venv/lib/python3.12/site-packages/playwright/_impl/_connection.py", line 559, in wrap_api_call
    raise rewrite_error(error, f"{parsed_st['apiName']}: {error}") from None
playwright._impl._errors.Error: Page.query_selector_all: selector: expected string, got object
2026-01-05 05:12:00,153 [INFO] [35.856.676] Sin turnos. Esperando 30s antes de reintentar (intento 3/50)
2026-01-05 05:12:30,223 [INFO] [35.856.676] Click en 'text=Ver historial' dentro de page
2026-01-05 05:12:38,348 [INFO] [35.856.676] Click en '#idBktDefaultAccountHistoryContainer .clsDivSubHeaderBackButton' dentro de page
2026-01-05 05:12:38,403 [ERROR] [35.856.676] Error buscando tabla/servicio: Page.query_selector_all: selector: expected string, got object
Traceback (most recent call last):
  File "/home/andy/Turnero/booking.py", line 51, in _esperar_turnos_disponibles
    if page.query_selector_all(config.SELECTORES["servicio_card"]):
       ^^^^^^^^^^^^^^^^^^^^^^^^^^^^^^^^^^^^^^^^^^^^^^^^^^^^^^^^^^^
  File "/home/andy/Turnero/.venv/lib/python3.12/site-packages/playwright/sync_api/_generated.py", line 8142, in query_selector_all
    self._sync(self._impl_obj.query_selector_all(selector=selector))
  File "/home/andy/Turnero/.venv/lib/python3.12/site-packages/playwright/_impl/_sync_base.py", line 115, in _sync
    return task.result()
           ^^^^^^^^^^^^^
  File "/home/andy/Turnero/.venv/lib/python3.12/site-packages/playwright/_impl/_page.py", line 410, in query_selector_all
    return await self._main_frame.query_selector_all(selector)
           ^^^^^^^^^^^^^^^^^^^^^^^^^^^^^^^^^^^^^^^^^^^^^^^^^^^
  File "/home/andy/Turnero/.venv/lib/python3.12/site-packages/playwright/_impl/_frame.py", line 355, in query_selector_all
    await self._channel.send(
  File "/home/andy/Turnero/.venv/lib/python3.12/site-packages/playwright/_impl/_connection.py", line 69, in send
    return await self._connection.wrap_api_call(
           ^^^^^^^^^^^^^^^^^^^^^^^^^^^^^^^^^^^^^
  File "/home/andy/Turnero/.venv/lib/python3.12/site-packages/playwright/_impl/_connection.py", line 559, in wrap_api_call
    raise rewrite_error(error, f"{parsed_st['apiName']}: {error}") from None
playwright._impl._errors.Error: Page.query_selector_all: selector: expected string, got object
2026-01-05 05:12:38,427 [INFO] [35.856.676] Sin turnos. Esperando 30s antes de reintentar (intento 4/50)
