2026-01-20 03:09:02,563 [INFO] Log de ejecución: logs/turnero_20260120_030902.log
2026-01-20 03:09:03,486 [INFO] === Intentando sacar turno para usuario: 44.779.763 ===
2026-01-20 03:09:09,764 [INFO] [44.779.763] Se abrió nueva pestaña para el widget: https://www.citaconsular.es/es/hosteds/widgetdefault/2a30ca6f59fb5f176361063c56c79d043
2026-01-20 03:09:09,764 [INFO] [44.779.763] URL tras popup: https://www.citaconsular.es/es/hosteds/widgetdefault/2a30ca6f59fb5f176361063c56c79d043
2026-01-20 03:09:09,765 [INFO] [44.779.763] Frame 0: https://www.citaconsular.es/es/hosteds/widgetdefault/2a30ca6f59fb5f176361063c56c79d043
2026-01-20 03:09:10,239 [INFO] [44.779.763] Click en 'button:has-text('Continue / Continuar')' dentro de page
2026-01-20 03:09:25,791 [INFO] [44.779.763] Click en 'text=Cancelar o consultar mis reservas' dentro de page
2026-01-20 03:09:27,703 [INFO] [44.779.763] Fill 'input[placeholder*='DNI']' en frame https://www.citaconsular.es/es/hosteds/widgetdefault/2a30ca6f59fb5f176361063c56c79d043/#signinaccount
2026-01-20 03:09:27,759 [INFO] [44.779.763] Fill '#idIptBktAccountLoginpassword' en frame https://www.citaconsular.es/es/hosteds/widgetdefault/2a30ca6f59fb5f176361063c56c79d043/#signinaccount
2026-01-20 03:09:27,819 [INFO] [44.779.763] Click en '#idBktDefaultAccountLoginConfirmButton' dentro de page
2026-01-20 03:09:32,825 [INFO] [44.779.763] Esperando hasta 03:10:00 para iniciar pingpong
2026-01-20 03:10:08,405 [INFO] [44.779.763] Click en '#idBktDefaultAccountHistoryContainer .clsDivSubHeaderBackButton' dentro de page
2026-01-20 03:10:08,479 [INFO] [44.779.763] Servicio visible (tarjeta) con selector text=Presentación de documentación ley, avanzando a selección
2026-01-20 03:10:20,583 [INFO] [44.779.763] Click en 'text=MEMORIA DEMOCRÁTICA' dentro de page
2026-01-20 03:10:23,601 [WARNING] [44.779.763] No se encontraron botones de turno con los selectores configurados
2026-01-20 03:10:23,747 [WARNING] [44.779.763] No se encontraron botones de turno con los selectores configurados
2026-01-20 03:10:23,841 [INFO] [44.779.763] Resultado: SIN_TURNOS
2026-01-20 03:10:23,841 [INFO] Esperando 23 segundos antes del siguiente intento
2026-01-20 03:10:46,842 [WARNING] [FILA 1] Usuario/Contraseña vacíos, saltando...
2026-01-20 03:10:46,842 [INFO] Esperando 42 segundos antes del siguiente intento
2026-01-20 03:11:28,843 [WARNING] [FILA 2] Usuario/Contraseña vacíos, saltando...
2026-01-20 03:11:28,844 [INFO] Esperando 34 segundos antes del siguiente intento
2026-01-20 03:12:01,895 [WARNING] Dump HTML (signal_15) omitido: la página ya está cerrada
