2026-02-19 04:09:02,200 [INFO] Log de ejecución: logs/turnero_20260219_040902.log
2026-02-19 04:09:03,075 [INFO] === Intentando sacar turno para usuario: 40.226.461 ===
2026-02-19 04:09:12,320 [INFO] [40.226.461] Se abrió nueva pestaña para el widget: https://www.citaconsular.es/es/hosteds/widgetdefault/2a30ca6f59fb5f176361063c56c79d043
2026-02-19 04:09:12,320 [INFO] [40.226.461] URL tras popup: https://www.citaconsular.es/es/hosteds/widgetdefault/2a30ca6f59fb5f176361063c56c79d043
2026-02-19 04:09:12,320 [INFO] [40.226.461] Frame 0: https://www.citaconsular.es/es/hosteds/widgetdefault/2a30ca6f59fb5f176361063c56c79d043
2026-02-19 04:09:13,217 [INFO] [40.226.461] Click en 'button:has-text('Continue / Continuar')' dentro de page
2026-02-19 04:09:27,666 [INFO] [40.226.461] Click en 'text=Cancelar o consultar mis reservas' dentro de page
2026-02-19 04:09:29,559 [INFO] [40.226.461] Fill 'input[placeholder*='DNI']' en frame https://www.citaconsular.es/es/hosteds/widgetdefault/2a30ca6f59fb5f176361063c56c79d043/#signinaccount
2026-02-19 04:09:29,629 [INFO] [40.226.461] Fill '#idIptBktAccountLoginpassword' en frame https://www.citaconsular.es/es/hosteds/widgetdefault/2a30ca6f59fb5f176361063c56c79d043/#signinaccount
2026-02-19 04:09:29,679 [INFO] [40.226.461] Click en '#idBktDefaultAccountLoginConfirmButton' dentro de page
2026-02-19 04:09:34,683 [INFO] [40.226.461] Esperando hasta 04:10:00 para iniciar pingpong
2026-02-19 04:10:08,263 [INFO] [40.226.461] Click en '#idBktDefaultAccountHistoryContainer .clsDivSubHeaderBackButton' dentro de page
2026-02-19 04:10:08,420 [INFO] [40.226.461] Sin turnos. Reintentando pronto (intento 1/50)
2026-02-19 04:10:11,977 [INFO] [40.226.461] Click en 'text=Ver historial' dentro de page
2026-02-19 04:10:20,093 [INFO] [40.226.461] Click en '#idBktDefaultAccountHistoryContainer .clsDivSubHeaderBackButton' dentro de page
2026-02-19 04:10:20,232 [INFO] [40.226.461] Sin turnos. Reintentando pronto (intento 2/50)
2026-02-19 04:10:25,361 [INFO] [40.226.461] Click en 'text=Ver historial' dentro de page
2026-02-19 04:10:33,472 [INFO] [40.226.461] Click en '#idBktDefaultAccountHistoryContainer .clsDivSubHeaderBackButton' dentro de page
2026-02-19 04:10:33,601 [INFO] [40.226.461] Sin turnos. Reintentando pronto (intento 3/50)
2026-02-19 04:10:36,096 [INFO] [40.226.461] Click en 'text=Ver historial' dentro de page
2026-02-19 04:10:44,209 [INFO] [40.226.461] Click en '#idBktDefaultAccountHistoryContainer .clsDivSubHeaderBackButton' dentro de page
2026-02-19 04:10:44,355 [INFO] [40.226.461] Sin turnos. Reintentando pronto (intento 4/50)
2026-02-19 04:10:46,873 [INFO] [40.226.461] Click en 'text=Ver historial' dentro de page
2026-02-19 04:10:54,993 [INFO] [40.226.461] Click en '#idBktDefaultAccountHistoryContainer .clsDivSubHeaderBackButton' dentro de page
2026-02-19 04:10:55,155 [INFO] [40.226.461] Sin turnos. Reintentando pronto (intento 5/50)
2026-02-19 04:10:57,655 [INFO] [40.226.461] Click en 'text=Ver historial' dentro de page
2026-02-19 04:11:05,765 [INFO] [40.226.461] Click en '#idBktDefaultAccountHistoryContainer .clsDivSubHeaderBackButton' dentro de page
2026-02-19 04:11:05,901 [INFO] [40.226.461] Sin turnos. Reintentando pronto (intento 6/50)
2026-02-19 04:11:08,412 [INFO] [40.226.461] Click en 'text=Ver historial' dentro de page
2026-02-19 04:11:16,539 [INFO] [40.226.461] Click en '#idBktDefaultAccountHistoryContainer .clsDivSubHeaderBackButton' dentro de page
2026-02-19 04:11:16,683 [INFO] [40.226.461] Sin turnos. Reintentando pronto (intento 7/50)
2026-02-19 04:11:19,191 [INFO] [40.226.461] Click en 'text=Ver historial' dentro de page
2026-02-19 04:11:27,298 [INFO] [40.226.461] Click en '#idBktDefaultAccountHistoryContainer .clsDivSubHeaderBackButton' dentro de page
2026-02-19 04:11:27,470 [INFO] [40.226.461] Sin turnos. Reintentando pronto (intento 8/50)
2026-02-19 04:11:28,909 [INFO] [40.226.461] Click en 'text=Ver historial' dentro de page
2026-02-19 04:11:37,019 [INFO] [40.226.461] Click en '#idBktDefaultAccountHistoryContainer .clsDivSubHeaderBackButton' dentro de page
2026-02-19 04:11:37,164 [INFO] [40.226.461] Sin turnos. Reintentando pronto (intento 9/50)
2026-02-19 04:11:39,138 [INFO] [40.226.461] Click en 'text=Ver historial' dentro de page
2026-02-19 04:11:47,247 [INFO] [40.226.461] Click en '#idBktDefaultAccountHistoryContainer .clsDivSubHeaderBackButton' dentro de page
2026-02-19 04:11:47,392 [INFO] [40.226.461] Sin turnos. Reintentando pronto (intento 10/50)
2026-02-19 04:11:49,408 [INFO] [40.226.461] Click en 'text=Ver historial' dentro de page
2026-02-19 04:11:57,523 [INFO] [40.226.461] Click en '#idBktDefaultAccountHistoryContainer .clsDivSubHeaderBackButton' dentro de page
2026-02-19 04:11:57,673 [INFO] [40.226.461] Sin turnos. Reintentando pronto (intento 11/50)
2026-02-19 04:12:00,136 [INFO] [40.226.461] Click en 'text=Ver historial' dentro de page
2026-02-19 04:12:08,247 [INFO] [40.226.461] Click en '#idBktDefaultAccountHistoryContainer .clsDivSubHeaderBackButton' dentro de page
2026-02-19 04:12:08,401 [INFO] [40.226.461] Sin turnos. Reintentando pronto (intento 12/50)
2026-02-19 04:12:10,392 [INFO] [40.226.461] Click en 'text=Ver historial' dentro de page
2026-02-19 04:12:18,515 [INFO] [40.226.461] Click en '#idBktDefaultAccountHistoryContainer .clsDivSubHeaderBackButton' dentro de page
2026-02-19 04:12:18,649 [INFO] [40.226.461] Sin turnos. Reintentando pronto (intento 13/50)
2026-02-19 04:12:20,089 [INFO] [40.226.461] Click en 'text=Ver historial' dentro de page
2026-02-19 04:12:28,194 [INFO] [40.226.461] Click en '#idBktDefaultAccountHistoryContainer .clsDivSubHeaderBackButton' dentro de page
2026-02-19 04:12:28,346 [INFO] [40.226.461] Sin turnos. Reintentando pronto (intento 14/50)
2026-02-19 04:12:29,772 [INFO] [40.226.461] Click en 'text=Ver historial' dentro de page
2026-02-19 04:12:37,879 [INFO] [40.226.461] Click en '#idBktDefaultAccountHistoryContainer .clsDivSubHeaderBackButton' dentro de page
2026-02-19 04:12:38,019 [INFO] [40.226.461] Sin turnos. Reintentando pronto (intento 15/50)
2026-02-19 04:12:38,693 [INFO] [40.226.461] Click en 'text=Ver historial' dentro de page
2026-02-19 04:12:46,816 [INFO] [40.226.461] Click en '#idBktDefaultAccountHistoryContainer .clsDivSubHeaderBackButton' dentro de page
2026-02-19 04:12:46,952 [INFO] [40.226.461] Sin turnos. Reintentando pronto (intento 16/50)
2026-02-19 04:12:47,649 [INFO] [40.226.461] Click en 'text=Ver historial' dentro de page
2026-02-19 04:12:55,761 [INFO] [40.226.461] Click en '#idBktDefaultAccountHistoryContainer .clsDivSubHeaderBackButton' dentro de page
2026-02-19 04:12:55,896 [INFO] [40.226.461] Sin turnos. Reintentando pronto (intento 17/50)
2026-02-19 04:12:56,705 [INFO] [40.226.461] Click en 'text=Ver historial' dentro de page
