2026-03-03 01:09:02,176 [INFO] Log de ejecución: logs/turnero_20260303_010902.log
2026-03-03 01:09:03,048 [INFO] === Intentando sacar turno para usuario: 08.558.794 ===
2026-03-03 01:09:09,811 [INFO] [08.558.794] Se abrió nueva pestaña para el widget: https://www.citaconsular.es/es/hosteds/widgetdefault/2a30ca6f59fb5f176361063c56c79d043
2026-03-03 01:09:09,811 [INFO] [08.558.794] URL tras popup: https://www.citaconsular.es/es/hosteds/widgetdefault/2a30ca6f59fb5f176361063c56c79d043
2026-03-03 01:09:09,811 [INFO] [08.558.794] Frame 0: https://www.citaconsular.es/es/hosteds/widgetdefault/2a30ca6f59fb5f176361063c56c79d043
2026-03-03 01:09:10,273 [INFO] [08.558.794] Click en 'button:has-text('Continue / Continuar')' dentro de page
2026-03-03 01:09:27,038 [INFO] [08.558.794] Click en 'text=Cancelar o consultar mis reservas' dentro de page
2026-03-03 01:09:28,488 [INFO] [08.558.794] Fill 'input[placeholder*='DNI']' en frame https://www.citaconsular.es/es/hosteds/widgetdefault/2a30ca6f59fb5f176361063c56c79d043/#signinaccount
2026-03-03 01:09:28,572 [INFO] [08.558.794] Fill '#idIptBktAccountLoginpassword' en frame https://www.citaconsular.es/es/hosteds/widgetdefault/2a30ca6f59fb5f176361063c56c79d043/#signinaccount
2026-03-03 01:09:28,634 [INFO] [08.558.794] Click en '#idBktDefaultAccountLoginConfirmButton' dentro de page
2026-03-03 01:09:33,642 [INFO] [08.558.794] Esperando hasta 01:10:00 para iniciar pingpong
2026-03-03 01:10:08,218 [INFO] [08.558.794] Click en '#idBktDefaultAccountHistoryContainer .clsDivSubHeaderBackButton' dentro de page
2026-03-03 01:10:08,379 [INFO] [08.558.794] Sin turnos. Reintentando pronto (intento 1/50)
2026-03-03 01:10:11,855 [INFO] [08.558.794] Click en 'text=Ver historial' dentro de page
2026-03-03 01:10:19,982 [INFO] [08.558.794] Click en '#idBktDefaultAccountHistoryContainer .clsDivSubHeaderBackButton' dentro de page
2026-03-03 01:10:20,125 [INFO] [08.558.794] Sin turnos. Reintentando pronto (intento 2/50)
2026-03-03 01:10:24,117 [INFO] [08.558.794] Click en 'text=Ver historial' dentro de page
2026-03-03 01:10:32,228 [INFO] [08.558.794] Click en '#idBktDefaultAccountHistoryContainer .clsDivSubHeaderBackButton' dentro de page
2026-03-03 01:10:32,401 [INFO] [08.558.794] Sin turnos. Reintentando pronto (intento 3/50)
2026-03-03 01:10:35,330 [INFO] [08.558.794] Click en 'text=Ver historial' dentro de page
2026-03-03 01:10:43,443 [INFO] [08.558.794] Click en '#idBktDefaultAccountHistoryContainer .clsDivSubHeaderBackButton' dentro de page
2026-03-03 01:10:43,592 [INFO] [08.558.794] Sin turnos. Reintentando pronto (intento 4/50)
2026-03-03 01:10:45,896 [INFO] [08.558.794] Click en 'text=Ver historial' dentro de page
2026-03-03 01:10:54,013 [INFO] [08.558.794] Click en '#idBktDefaultAccountHistoryContainer .clsDivSubHeaderBackButton' dentro de page
2026-03-03 01:10:54,175 [INFO] [08.558.794] Sin turnos. Reintentando pronto (intento 5/50)
2026-03-03 01:10:56,245 [INFO] [08.558.794] Click en 'text=Ver historial' dentro de page
2026-03-03 01:11:04,339 [INFO] [08.558.794] Click en '#idBktDefaultAccountHistoryContainer .clsDivSubHeaderBackButton' dentro de page
2026-03-03 01:11:04,480 [INFO] [08.558.794] Sin turnos. Reintentando pronto (intento 6/50)
2026-03-03 01:11:06,537 [INFO] [08.558.794] Click en 'text=Ver historial' dentro de page
2026-03-03 01:11:14,666 [INFO] [08.558.794] Click en '#idBktDefaultAccountHistoryContainer .clsDivSubHeaderBackButton' dentro de page
2026-03-03 01:11:14,867 [INFO] [08.558.794] Sin turnos. Reintentando pronto (intento 7/50)
2026-03-03 01:11:16,935 [INFO] [08.558.794] Click en 'text=Ver historial' dentro de page
2026-03-03 01:11:25,056 [INFO] [08.558.794] Click en '#idBktDefaultAccountHistoryContainer .clsDivSubHeaderBackButton' dentro de page
2026-03-03 01:11:25,192 [INFO] [08.558.794] Sin turnos. Reintentando pronto (intento 8/50)
2026-03-03 01:11:27,258 [INFO] [08.558.794] Click en 'text=Ver historial' dentro de page
2026-03-03 01:11:35,370 [INFO] [08.558.794] Click en '#idBktDefaultAccountHistoryContainer .clsDivSubHeaderBackButton' dentro de page
2026-03-03 01:11:35,505 [INFO] [08.558.794] Sin turnos. Reintentando pronto (intento 9/50)
2026-03-03 01:11:37,568 [INFO] [08.558.794] Click en 'text=Ver historial' dentro de page
2026-03-03 01:11:45,696 [INFO] [08.558.794] Click en '#idBktDefaultAccountHistoryContainer .clsDivSubHeaderBackButton' dentro de page
2026-03-03 01:11:45,859 [INFO] [08.558.794] Sin turnos. Reintentando pronto (intento 10/50)
2026-03-03 01:11:47,933 [INFO] [08.558.794] Click en 'text=Ver historial' dentro de page
2026-03-03 01:11:56,033 [INFO] [08.558.794] Click en '#idBktDefaultAccountHistoryContainer .clsDivSubHeaderBackButton' dentro de page
2026-03-03 01:11:56,228 [INFO] [08.558.794] Sin turnos. Reintentando pronto (intento 11/50)
2026-03-03 01:11:58,311 [INFO] [08.558.794] Click en 'text=Ver historial' dentro de page
2026-03-03 01:12:06,425 [INFO] [08.558.794] Click en '#idBktDefaultAccountHistoryContainer .clsDivSubHeaderBackButton' dentro de page
2026-03-03 01:12:06,581 [INFO] [08.558.794] Sin turnos. Reintentando pronto (intento 12/50)
2026-03-03 01:12:08,661 [INFO] [08.558.794] Click en 'text=Ver historial' dentro de page
2026-03-03 01:12:16,770 [INFO] [08.558.794] Click en '#idBktDefaultAccountHistoryContainer .clsDivSubHeaderBackButton' dentro de page
2026-03-03 01:12:16,916 [INFO] [08.558.794] Sin turnos. Reintentando pronto (intento 13/50)
2026-03-03 01:12:18,974 [INFO] [08.558.794] Click en 'text=Ver historial' dentro de page
2026-03-03 01:12:27,093 [INFO] [08.558.794] Click en '#idBktDefaultAccountHistoryContainer .clsDivSubHeaderBackButton' dentro de page
2026-03-03 01:12:27,237 [INFO] [08.558.794] Sin turnos. Reintentando pronto (intento 14/50)
2026-03-03 01:12:29,344 [INFO] [08.558.794] Click en 'text=Ver historial' dentro de page
2026-03-03 01:12:37,450 [INFO] [08.558.794] Click en '#idBktDefaultAccountHistoryContainer .clsDivSubHeaderBackButton' dentro de page
2026-03-03 01:12:37,606 [INFO] [08.558.794] Sin turnos. Reintentando pronto (intento 15/50)
2026-03-03 01:12:39,675 [INFO] [08.558.794] Click en 'text=Ver historial' dentro de page
2026-03-03 01:12:47,783 [INFO] [08.558.794] Click en '#idBktDefaultAccountHistoryContainer .clsDivSubHeaderBackButton' dentro de page
2026-03-03 01:12:47,931 [INFO] [08.558.794] Sin turnos. Reintentando pronto (intento 16/50)
2026-03-03 01:12:50,892 [INFO] [08.558.794] Click en 'text=Ver historial' dentro de page
2026-03-03 01:12:58,998 [INFO] [08.558.794] Click en '#idBktDefaultAccountHistoryContainer .clsDivSubHeaderBackButton' dentro de page
2026-03-03 01:12:59,152 [INFO] [08.558.794] Sin turnos. Reintentando pronto (intento 17/50)
2026-03-03 01:13:00,000 [WARNING] [08.558.794] Ventana de pingpong terminada durante espera de reintento
2026-03-03 01:13:00,069 [INFO] [08.558.794] Resultado: PING_TIMEOUT
2026-03-03 01:13:00,092 [INFO] Esperando 32 segundos antes del siguiente intento
2026-03-03 01:13:01,498 [WARNING] Dump HTML (signal_15) omitido: la página ya está cerrada
