2026-03-17 04:09:01,842 [INFO] Log de ejecución: logs/turnero_20260317_040901.log
2026-03-17 04:09:02,726 [INFO] === Intentando sacar turno para usuario: 46.911.896 ===
2026-03-17 04:09:09,698 [INFO] [46.911.896] Se abrió nueva pestaña para el widget: https://www.citaconsular.es/es/hosteds/widgetdefault/2a30ca6f59fb5f176361063c56c79d043
2026-03-17 04:09:09,699 [INFO] [46.911.896] URL tras popup: https://www.citaconsular.es/es/hosteds/widgetdefault/2a30ca6f59fb5f176361063c56c79d043
2026-03-17 04:09:09,699 [INFO] [46.911.896] Frame 0: https://www.citaconsular.es/es/hosteds/widgetdefault/2a30ca6f59fb5f176361063c56c79d043
2026-03-17 04:09:10,156 [INFO] [46.911.896] Click en 'button:has-text('Continue / Continuar')' dentro de page
2026-03-17 04:09:20,167 [INFO] [46.911.896] Click en 'text=Cancelar o consultar mis reservas' dentro de page
2026-03-17 04:09:23,119 [INFO] [46.911.896] Fill 'input[placeholder*='DNI']' en frame https://www.citaconsular.es/es/hosteds/widgetdefault/2a30ca6f59fb5f176361063c56c79d043/#signinaccount
2026-03-17 04:09:23,179 [INFO] [46.911.896] Fill '#idIptBktAccountLoginpassword' en frame https://www.citaconsular.es/es/hosteds/widgetdefault/2a30ca6f59fb5f176361063c56c79d043/#signinaccount
2026-03-17 04:09:23,235 [INFO] [46.911.896] Click en '#idBktDefaultAccountLoginConfirmButton' dentro de page
2026-03-17 04:09:28,243 [INFO] [46.911.896] Esperando hasta 04:10:00 para iniciar pingpong
2026-03-17 04:10:08,323 [INFO] [46.911.896] Click en '#idBktDefaultAccountHistoryContainer .clsDivSubHeaderBackButton' dentro de page
2026-03-17 04:10:08,481 [INFO] [46.911.896] Sin turnos. Reintentando pronto (intento 1/50)
2026-03-17 04:10:10,576 [INFO] [46.911.896] Click en 'text=Ver historial' dentro de page
2026-03-17 04:10:18,680 [INFO] [46.911.896] Click en '#idBktDefaultAccountHistoryContainer .clsDivSubHeaderBackButton' dentro de page
2026-03-17 04:10:18,847 [INFO] [46.911.896] Sin turnos. Reintentando pronto (intento 2/50)
2026-03-17 04:10:26,563 [INFO] [46.911.896] Click en 'text=Ver historial' dentro de page
2026-03-17 04:10:34,682 [INFO] [46.911.896] Click en '#idBktDefaultAccountHistoryContainer .clsDivSubHeaderBackButton' dentro de page
2026-03-17 04:10:34,841 [INFO] [46.911.896] Sin turnos. Reintentando pronto (intento 3/50)
2026-03-17 04:10:40,402 [INFO] [46.911.896] Click en 'text=Ver historial' dentro de page
2026-03-17 04:10:48,509 [INFO] [46.911.896] Click en '#idBktDefaultAccountHistoryContainer .clsDivSubHeaderBackButton' dentro de page
2026-03-17 04:10:48,654 [INFO] [46.911.896] Sin turnos. Reintentando pronto (intento 4/50)
2026-03-17 04:10:53,151 [INFO] [46.911.896] Click en 'text=Ver historial' dentro de page
2026-03-17 04:11:01,260 [INFO] [46.911.896] Click en '#idBktDefaultAccountHistoryContainer .clsDivSubHeaderBackButton' dentro de page
2026-03-17 04:11:01,433 [INFO] [46.911.896] Sin turnos. Reintentando pronto (intento 5/50)
2026-03-17 04:11:05,920 [INFO] [46.911.896] Click en 'text=Ver historial' dentro de page
2026-03-17 04:11:14,027 [INFO] [46.911.896] Click en '#idBktDefaultAccountHistoryContainer .clsDivSubHeaderBackButton' dentro de page
2026-03-17 04:11:14,216 [INFO] [46.911.896] Sin turnos. Reintentando pronto (intento 6/50)
2026-03-17 04:11:16,407 [INFO] [46.911.896] Click en 'text=Ver historial' dentro de page
2026-03-17 04:11:24,534 [INFO] [46.911.896] Click en '#idBktDefaultAccountHistoryContainer .clsDivSubHeaderBackButton' dentro de page
2026-03-17 04:11:24,666 [INFO] [46.911.896] Sin turnos. Reintentando pronto (intento 7/50)
2026-03-17 04:11:27,095 [INFO] [46.911.896] Click en 'text=Ver historial' dentro de page
2026-03-17 04:11:35,212 [INFO] [46.911.896] Click en '#idBktDefaultAccountHistoryContainer .clsDivSubHeaderBackButton' dentro de page
2026-03-17 04:11:35,395 [INFO] [46.911.896] Sin turnos. Reintentando pronto (intento 8/50)
2026-03-17 04:11:37,463 [INFO] [46.911.896] Click en 'text=Ver historial' dentro de page
2026-03-17 04:11:45,580 [INFO] [46.911.896] Click en '#idBktDefaultAccountHistoryContainer .clsDivSubHeaderBackButton' dentro de page
2026-03-17 04:11:45,715 [INFO] [46.911.896] Sin turnos. Reintentando pronto (intento 9/50)
2026-03-17 04:11:49,177 [INFO] [46.911.896] Click en 'text=Ver historial' dentro de page
2026-03-17 04:11:57,298 [INFO] [46.911.896] Click en '#idBktDefaultAccountHistoryContainer .clsDivSubHeaderBackButton' dentro de page
2026-03-17 04:11:57,470 [INFO] [46.911.896] Sin turnos. Reintentando pronto (intento 10/50)
2026-03-17 04:12:01,466 [INFO] [46.911.896] Click en 'text=Ver historial' dentro de page
2026-03-17 04:12:09,575 [INFO] [46.911.896] Click en '#idBktDefaultAccountHistoryContainer .clsDivSubHeaderBackButton' dentro de page
2026-03-17 04:12:09,733 [INFO] [46.911.896] Sin turnos. Reintentando pronto (intento 11/50)
2026-03-17 04:12:13,234 [INFO] [46.911.896] Click en 'text=Ver historial' dentro de page
2026-03-17 04:12:21,340 [INFO] [46.911.896] Click en '#idBktDefaultAccountHistoryContainer .clsDivSubHeaderBackButton' dentro de page
2026-03-17 04:12:21,526 [INFO] [46.911.896] Sin turnos. Reintentando pronto (intento 12/50)
2026-03-17 04:12:24,983 [INFO] [46.911.896] Click en 'text=Ver historial' dentro de page
2026-03-17 04:12:33,097 [INFO] [46.911.896] Click en '#idBktDefaultAccountHistoryContainer .clsDivSubHeaderBackButton' dentro de page
2026-03-17 04:12:33,245 [INFO] [46.911.896] Sin turnos. Reintentando pronto (intento 13/50)
2026-03-17 04:12:36,174 [INFO] [46.911.896] Click en 'text=Ver historial' dentro de page
2026-03-17 04:12:44,293 [INFO] [46.911.896] Click en '#idBktDefaultAccountHistoryContainer .clsDivSubHeaderBackButton' dentro de page
2026-03-17 04:12:44,493 [INFO] [46.911.896] Sin turnos. Reintentando pronto (intento 14/50)
2026-03-17 04:12:46,911 [INFO] [46.911.896] Click en 'text=Ver historial' dentro de page
2026-03-17 04:12:55,034 [INFO] [46.911.896] Click en '#idBktDefaultAccountHistoryContainer .clsDivSubHeaderBackButton' dentro de page
2026-03-17 04:12:55,179 [INFO] [46.911.896] Sin turnos. Reintentando pronto (intento 15/50)
2026-03-17 04:12:57,272 [INFO] [46.911.896] Click en 'text=Ver historial' dentro de page
