2026-03-13 08:09:02,409 [INFO] Log de ejecución: logs/turnero_20260313_080902.log
2026-03-13 08:09:03,333 [INFO] === Intentando sacar turno para usuario: 18.380.695 ===
2026-03-13 08:09:12,194 [INFO] [18.380.695] Se abrió nueva pestaña para el widget: https://www.citaconsular.es/es/hosteds/widgetdefault/2a30ca6f59fb5f176361063c56c79d043
2026-03-13 08:09:12,195 [INFO] [18.380.695] URL tras popup: https://www.citaconsular.es/es/hosteds/widgetdefault/2a30ca6f59fb5f176361063c56c79d043
2026-03-13 08:09:12,195 [INFO] [18.380.695] Frame 0: https://www.citaconsular.es/es/hosteds/widgetdefault/2a30ca6f59fb5f176361063c56c79d043
2026-03-13 08:09:12,718 [INFO] [18.380.695] Click en 'button:has-text('Continue / Continuar')' dentro de page
2026-03-13 08:09:25,921 [INFO] [18.380.695] Click en 'text=Cancelar o consultar mis reservas' dentro de page
2026-03-13 08:09:27,801 [INFO] [18.380.695] Fill 'input[placeholder*='DNI']' en frame https://www.citaconsular.es/es/hosteds/widgetdefault/2a30ca6f59fb5f176361063c56c79d043/#signinaccount
2026-03-13 08:09:27,859 [INFO] [18.380.695] Fill '#idIptBktAccountLoginpassword' en frame https://www.citaconsular.es/es/hosteds/widgetdefault/2a30ca6f59fb5f176361063c56c79d043/#signinaccount
2026-03-13 08:09:27,917 [INFO] [18.380.695] Click en '#idBktDefaultAccountLoginConfirmButton' dentro de page
2026-03-13 08:09:29,393 [INFO] [18.380.695] Resultado: ERROR
2026-03-13 08:09:29,393 [INFO] Esperando 29 segundos antes del siguiente intento
2026-03-13 08:09:58,394 [WARNING] [FILA 1] Usuario/Contraseña vacíos, saltando...
2026-03-13 08:09:58,394 [INFO] Esperando 44 segundos antes del siguiente intento
2026-03-13 08:10:42,395 [WARNING] [FILA 2] Usuario/Contraseña vacíos, saltando...
2026-03-13 08:10:42,396 [INFO] Esperando 40 segundos antes del siguiente intento
2026-03-13 08:11:22,397 [WARNING] [FILA 3] Usuario/Contraseña vacíos, saltando...
2026-03-13 08:11:22,397 [INFO] Esperando 24 segundos antes del siguiente intento
2026-03-13 08:11:46,398 [WARNING] [FILA 4] Usuario/Contraseña vacíos, saltando...
2026-03-13 08:11:46,398 [INFO] Esperando 45 segundos antes del siguiente intento
2026-03-13 08:12:31,399 [WARNING] [FILA 5] Usuario/Contraseña vacíos, saltando...
2026-03-13 08:12:31,399 [INFO] Esperando 20 segundos antes del siguiente intento
2026-03-13 08:12:51,400 [WARNING] [FILA 6] Usuario/Contraseña vacíos, saltando...
2026-03-13 08:12:51,401 [INFO] Esperando 20 segundos antes del siguiente intento
2026-03-13 08:13:01,743 [WARNING] Dump HTML (signal_15) omitido: la página ya está cerrada
