2026-02-15 00:09:02,693 [INFO] Log de ejecución: logs/turnero_20260215_000902.log
2026-02-15 00:09:03,585 [INFO] === Intentando sacar turno para usuario: 24.336.765 ===
2026-02-15 00:09:10,743 [INFO] [24.336.765] Se abrió nueva pestaña para el widget: https://www.citaconsular.es/es/hosteds/widgetdefault/2a30ca6f59fb5f176361063c56c79d043
2026-02-15 00:09:10,743 [INFO] [24.336.765] URL tras popup: https://www.citaconsular.es/es/hosteds/widgetdefault/2a30ca6f59fb5f176361063c56c79d043
2026-02-15 00:09:10,743 [INFO] [24.336.765] Frame 0: https://www.citaconsular.es/es/hosteds/widgetdefault/2a30ca6f59fb5f176361063c56c79d043
2026-02-15 00:09:11,289 [INFO] [24.336.765] Click en 'button:has-text('Continue / Continuar')' dentro de page
2026-02-15 00:09:34,572 [INFO] [24.336.765] Click en 'text=Cancelar o consultar mis reservas' dentro de frame:0
2026-02-15 00:09:36,721 [INFO] [24.336.765] Fill 'input[placeholder*='DNI']' en frame https://www.citaconsular.es/es/hosteds/widgetdefault/2a30ca6f59fb5f176361063c56c79d043/#signinaccount
2026-02-15 00:09:36,807 [INFO] [24.336.765] Fill '#idIptBktAccountLoginpassword' en frame https://www.citaconsular.es/es/hosteds/widgetdefault/2a30ca6f59fb5f176361063c56c79d043/#signinaccount
2026-02-15 00:09:36,879 [INFO] [24.336.765] Click en '#idBktDefaultAccountLoginConfirmButton' dentro de page
2026-02-15 00:09:41,887 [INFO] [24.336.765] Esperando hasta 00:10:00 para iniciar pingpong
2026-02-15 00:10:08,468 [INFO] [24.336.765] Click en '#idBktDefaultAccountHistoryContainer .clsDivSubHeaderBackButton' dentro de page
2026-02-15 00:10:08,627 [INFO] [24.336.765] Sin turnos. Reintentando pronto (intento 1/50)
2026-02-15 00:10:11,701 [INFO] [24.336.765] Click en 'text=Ver historial' dentro de page
2026-02-15 00:10:19,813 [INFO] [24.336.765] Click en '#idBktDefaultAccountHistoryContainer .clsDivSubHeaderBackButton' dentro de page
2026-02-15 00:10:19,980 [INFO] [24.336.765] Sin turnos. Reintentando pronto (intento 2/50)
2026-02-15 00:10:25,099 [INFO] [24.336.765] Click en 'text=Ver historial' dentro de page
2026-02-15 00:10:33,201 [INFO] [24.336.765] Click en '#idBktDefaultAccountHistoryContainer .clsDivSubHeaderBackButton' dentro de page
2026-02-15 00:10:33,329 [INFO] [24.336.765] Sin turnos. Reintentando pronto (intento 3/50)
2026-02-15 00:10:37,882 [INFO] [24.336.765] Click en 'text=Ver historial' dentro de page
2026-02-15 00:10:46,031 [INFO] [24.336.765] Click en '#idBktDefaultAccountHistoryContainer .clsDivSubHeaderBackButton' dentro de page
2026-02-15 00:10:46,177 [INFO] [24.336.765] Sin turnos. Reintentando pronto (intento 4/50)
2026-02-15 00:10:50,768 [INFO] [24.336.765] Click en 'text=Ver historial' dentro de page
2026-02-15 00:10:58,894 [INFO] [24.336.765] Click en '#idBktDefaultAccountHistoryContainer .clsDivSubHeaderBackButton' dentro de page
2026-02-15 00:10:59,029 [INFO] [24.336.765] Sin turnos. Reintentando pronto (intento 5/50)
2026-02-15 00:11:01,499 [INFO] [24.336.765] Click en 'text=Ver historial' dentro de page
2026-02-15 00:11:09,610 [INFO] [24.336.765] Click en '#idBktDefaultAccountHistoryContainer .clsDivSubHeaderBackButton' dentro de page
2026-02-15 00:11:09,749 [INFO] [24.336.765] Sin turnos. Reintentando pronto (intento 6/50)
2026-02-15 00:11:11,194 [INFO] [24.336.765] Click en 'text=Ver historial' dentro de page
2026-02-15 00:11:19,310 [INFO] [24.336.765] Click en '#idBktDefaultAccountHistoryContainer .clsDivSubHeaderBackButton' dentro de page
2026-02-15 00:11:19,474 [INFO] [24.336.765] Sin turnos. Reintentando pronto (intento 7/50)
2026-02-15 00:11:21,482 [INFO] [24.336.765] Click en 'text=Ver historial' dentro de page
2026-02-15 00:11:29,587 [INFO] [24.336.765] Click en '#idBktDefaultAccountHistoryContainer .clsDivSubHeaderBackButton' dentro de page
2026-02-15 00:11:29,726 [INFO] [24.336.765] Sin turnos. Reintentando pronto (intento 8/50)
2026-02-15 00:11:35,913 [INFO] [24.336.765] Click en 'text=Ver historial' dentro de page
2026-02-15 00:11:44,026 [INFO] [24.336.765] Click en '#idBktDefaultAccountHistoryContainer .clsDivSubHeaderBackButton' dentro de page
2026-02-15 00:11:44,178 [INFO] [24.336.765] Sin turnos. Reintentando pronto (intento 9/50)
2026-02-15 00:11:46,164 [INFO] [24.336.765] Click en 'text=Ver historial' dentro de page
2026-02-15 00:11:54,290 [INFO] [24.336.765] Click en '#idBktDefaultAccountHistoryContainer .clsDivSubHeaderBackButton' dentro de page
2026-02-15 00:11:54,436 [INFO] [24.336.765] Sin turnos. Reintentando pronto (intento 10/50)
2026-02-15 00:11:55,880 [INFO] [24.336.765] Click en 'text=Ver historial' dentro de page
2026-02-15 00:12:03,984 [INFO] [24.336.765] Click en '#idBktDefaultAccountHistoryContainer .clsDivSubHeaderBackButton' dentro de page
2026-02-15 00:12:04,139 [INFO] [24.336.765] Sin turnos. Reintentando pronto (intento 11/50)
2026-02-15 00:12:06,606 [INFO] [24.336.765] Click en 'text=Ver historial' dentro de page
2026-02-15 00:12:14,720 [INFO] [24.336.765] Click en '#idBktDefaultAccountHistoryContainer .clsDivSubHeaderBackButton' dentro de page
2026-02-15 00:12:14,889 [INFO] [24.336.765] Sin turnos. Reintentando pronto (intento 12/50)
2026-02-15 00:12:16,862 [INFO] [24.336.765] Click en 'text=Ver historial' dentro de page
2026-02-15 00:12:24,963 [INFO] [24.336.765] Click en '#idBktDefaultAccountHistoryContainer .clsDivSubHeaderBackButton' dentro de page
2026-02-15 00:12:25,100 [INFO] [24.336.765] Sin turnos. Reintentando pronto (intento 13/50)
2026-02-15 00:12:26,555 [INFO] [24.336.765] Click en 'text=Ver historial' dentro de page
2026-02-15 00:12:34,683 [INFO] [24.336.765] Click en '#idBktDefaultAccountHistoryContainer .clsDivSubHeaderBackButton' dentro de page
2026-02-15 00:12:34,818 [INFO] [24.336.765] Sin turnos. Reintentando pronto (intento 14/50)
2026-02-15 00:12:36,823 [INFO] [24.336.765] Click en 'text=Ver historial' dentro de page
2026-02-15 00:12:44,943 [INFO] [24.336.765] Click en '#idBktDefaultAccountHistoryContainer .clsDivSubHeaderBackButton' dentro de page
2026-02-15 00:12:45,098 [INFO] [24.336.765] Sin turnos. Reintentando pronto (intento 15/50)
2026-02-15 00:12:46,545 [INFO] [24.336.765] Click en 'text=Ver historial' dentro de page
2026-02-15 00:12:54,652 [INFO] [24.336.765] Click en '#idBktDefaultAccountHistoryContainer .clsDivSubHeaderBackButton' dentro de page
2026-02-15 00:12:54,786 [INFO] [24.336.765] Sin turnos. Reintentando pronto (intento 16/50)
2026-02-15 00:12:56,229 [INFO] [24.336.765] Click en 'text=Ver historial' dentro de page
