2026-01-22 03:09:02,003 [INFO] Log de ejecución: logs/turnero_20260122_030902.log
2026-01-22 03:09:02,935 [INFO] === Intentando sacar turno para usuario: 44.779.763 ===
2026-01-22 03:09:12,193 [INFO] [44.779.763] Se abrió nueva pestaña para el widget: https://www.citaconsular.es/es/hosteds/widgetdefault/2a30ca6f59fb5f176361063c56c79d043
2026-01-22 03:09:12,193 [INFO] [44.779.763] URL tras popup: https://www.citaconsular.es/es/hosteds/widgetdefault/2a30ca6f59fb5f176361063c56c79d043
2026-01-22 03:09:12,193 [INFO] [44.779.763] Frame 0: https://www.citaconsular.es/es/hosteds/widgetdefault/2a30ca6f59fb5f176361063c56c79d043
2026-01-22 03:09:12,747 [INFO] [44.779.763] Click en 'button:has-text('Continue / Continuar')' dentro de page
2026-01-22 03:09:25,396 [INFO] [44.779.763] Click en 'text=Cancelar o consultar mis reservas' dentro de page
2026-01-22 03:09:26,837 [INFO] [44.779.763] Fill 'input[placeholder*='DNI']' en frame https://www.citaconsular.es/es/hosteds/widgetdefault/2a30ca6f59fb5f176361063c56c79d043/#signinaccount
2026-01-22 03:09:26,916 [INFO] [44.779.763] Fill '#idIptBktAccountLoginpassword' en frame https://www.citaconsular.es/es/hosteds/widgetdefault/2a30ca6f59fb5f176361063c56c79d043/#signinaccount
2026-01-22 03:09:26,968 [INFO] [44.779.763] Click en '#idBktDefaultAccountLoginConfirmButton' dentro de page
2026-01-22 03:09:31,974 [INFO] [44.779.763] Esperando hasta 03:10:00 para iniciar pingpong
2026-01-22 03:10:08,560 [INFO] [44.779.763] Click en '#idBktDefaultAccountHistoryContainer .clsDivSubHeaderBackButton' dentro de page
2026-01-22 03:10:08,636 [INFO] [44.779.763] Servicio visible (tarjeta) con selector text=Presentación de documentación ley, avanzando a selección
2026-01-22 03:10:20,739 [INFO] [44.779.763] Click en 'text=MEMORIA DEMOCRÁTICA' dentro de page
2026-01-22 03:10:23,305 [WARNING] [44.779.763] No se encontraron botones de turno con los selectores configurados
2026-01-22 03:10:23,458 [WARNING] [44.779.763] No se encontraron botones de turno con los selectores configurados
2026-01-22 03:10:23,535 [INFO] [44.779.763] Resultado: SIN_TURNOS
2026-01-22 03:10:23,535 [INFO] Esperando 29 segundos antes del siguiente intento
2026-01-22 03:10:52,536 [WARNING] [FILA 1] Usuario/Contraseña vacíos, saltando...
2026-01-22 03:10:52,537 [INFO] Esperando 40 segundos antes del siguiente intento
2026-01-22 03:11:32,538 [WARNING] [FILA 2] Usuario/Contraseña vacíos, saltando...
2026-01-22 03:11:32,538 [INFO] Esperando 34 segundos antes del siguiente intento
2026-01-22 03:12:01,326 [WARNING] Dump HTML (signal_15) omitido: la página ya está cerrada
