2026-01-03 00:40:02,297 [INFO] Log de ejecución: logs/turnero_20260103_004002.log
2026-01-03 00:40:03,148 [INFO] === Intentando sacar turno para usuario: 35856676.0 ===
2026-01-03 00:40:10,007 [INFO] [35856676.0] Se abrió nueva pestaña para el widget: https://www.citaconsular.es/es/hosteds/widgetdefault/2a30ca6f59fb5f176361063c56c79d043
2026-01-03 00:40:10,007 [INFO] [35856676.0] URL tras popup: https://www.citaconsular.es/es/hosteds/widgetdefault/2a30ca6f59fb5f176361063c56c79d043
2026-01-03 00:40:10,007 [INFO] [35856676.0] Frame 0: https://www.citaconsular.es/es/hosteds/widgetdefault/2a30ca6f59fb5f176361063c56c79d043
2026-01-03 00:40:10,453 [INFO] [35856676.0] Click en 'button:has-text('Continue / Continuar')' dentro de page
2026-01-03 00:40:23,425 [INFO] [35856676.0] Click en 'text=Cancelar o consultar mis reservas' dentro de page
2026-01-03 00:40:24,373 [INFO] [35856676.0] Fill 'input[placeholder*='DNI']' en frame https://www.citaconsular.es/es/hosteds/widgetdefault/2a30ca6f59fb5f176361063c56c79d043/#signinaccount
2026-01-03 00:40:24,428 [INFO] [35856676.0] Fill '#idIptBktAccountLoginpassword' en frame https://www.citaconsular.es/es/hosteds/widgetdefault/2a30ca6f59fb5f176361063c56c79d043/#signinaccount
2026-01-03 00:40:24,482 [INFO] [35856676.0] Click en '#idBktDefaultAccountLoginConfirmButton' dentro de page
2026-01-03 00:40:25,439 [INFO] [35856676.0] Resultado: ERROR
2026-01-03 00:40:25,441 [WARNING] [FILA 1] Usuario/Contraseña vacíos, saltando...
2026-01-03 00:40:25,442 [WARNING] [FILA 2] Usuario/Contraseña vacíos, saltando...
2026-01-03 00:40:25,443 [WARNING] [FILA 3] Usuario/Contraseña vacíos, saltando...
2026-01-03 00:40:25,443 [WARNING] [FILA 4] Usuario/Contraseña vacíos, saltando...
2026-01-03 00:40:25,446 [WARNING] [FILA 5] Usuario/Contraseña vacíos, saltando...
2026-01-03 00:40:25,446 [WARNING] [FILA 6] Usuario/Contraseña vacíos, saltando...
2026-01-03 00:40:25,447 [WARNING] [FILA 7] Usuario/Contraseña vacíos, saltando...
2026-01-03 00:40:25,448 [WARNING] [FILA 8] Usuario/Contraseña vacíos, saltando...
2026-01-03 00:40:25,449 [WARNING] [FILA 9] Usuario/Contraseña vacíos, saltando...
2026-01-03 00:40:25,508 [INFO] Proceso terminado. Excel actualizado.
