2026-02-01 03:09:02,112 [INFO] Log de ejecución: logs/turnero_20260201_030902.log
2026-02-01 03:09:03,043 [INFO] === Intentando sacar turno para usuario: 44.779.763 ===
2026-02-01 03:09:10,330 [INFO] [44.779.763] Se abrió nueva pestaña para el widget: https://www.citaconsular.es/es/hosteds/widgetdefault/2a30ca6f59fb5f176361063c56c79d043
2026-02-01 03:09:10,330 [INFO] [44.779.763] URL tras popup: https://www.citaconsular.es/es/hosteds/widgetdefault/2a30ca6f59fb5f176361063c56c79d043
2026-02-01 03:09:10,330 [INFO] [44.779.763] Frame 0: https://www.citaconsular.es/es/hosteds/widgetdefault/2a30ca6f59fb5f176361063c56c79d043
2026-02-01 03:09:11,087 [INFO] [44.779.763] Click en 'button:has-text('Continue / Continuar')' dentro de page
2026-02-01 03:09:26,385 [INFO] [44.779.763] Click en 'text=Cancelar o consultar mis reservas' dentro de page
2026-02-01 03:09:28,527 [INFO] [44.779.763] Fill 'input[placeholder*='DNI']' en frame https://www.citaconsular.es/es/hosteds/widgetdefault/2a30ca6f59fb5f176361063c56c79d043/#signinaccount
2026-02-01 03:09:28,586 [INFO] [44.779.763] Fill '#idIptBktAccountLoginpassword' en frame https://www.citaconsular.es/es/hosteds/widgetdefault/2a30ca6f59fb5f176361063c56c79d043/#signinaccount
2026-02-01 03:09:28,645 [INFO] [44.779.763] Click en '#idBktDefaultAccountLoginConfirmButton' dentro de page
2026-02-01 03:09:33,651 [INFO] [44.779.763] Esperando hasta 03:10:00 para iniciar pingpong
2026-02-01 03:10:08,229 [INFO] [44.779.763] Click en '#idBktDefaultAccountHistoryContainer .clsDivSubHeaderBackButton' dentro de page
2026-02-01 03:10:08,304 [INFO] [44.779.763] Servicio visible (tarjeta) con selector text=Presentación de documentación ley, avanzando a selección
2026-02-01 03:10:20,393 [INFO] [44.779.763] Click en 'text=MEMORIA DEMOCRÁTICA' dentro de page
2026-02-01 03:10:24,467 [WARNING] [44.779.763] No se encontraron botones de turno con los selectores configurados
2026-02-01 03:10:24,607 [WARNING] [44.779.763] No se encontraron botones de turno con los selectores configurados
2026-02-01 03:10:24,673 [INFO] [44.779.763] Resultado: SIN_TURNOS
2026-02-01 03:10:24,673 [INFO] Esperando 45 segundos antes del siguiente intento
2026-02-01 03:11:09,674 [WARNING] [FILA 1] Usuario/Contraseña vacíos, saltando...
2026-02-01 03:11:09,674 [INFO] Esperando 34 segundos antes del siguiente intento
2026-02-01 03:11:43,675 [WARNING] [FILA 2] Usuario/Contraseña vacíos, saltando...
2026-02-01 03:11:43,675 [INFO] Esperando 21 segundos antes del siguiente intento
2026-02-01 03:12:04,676 [WARNING] [FILA 3] Usuario/Contraseña vacíos, saltando...
2026-02-01 03:12:04,676 [INFO] Esperando 33 segundos antes del siguiente intento
2026-02-01 03:12:37,677 [WARNING] [FILA 4] Usuario/Contraseña vacíos, saltando...
2026-02-01 03:12:37,678 [INFO] Esperando 22 segundos antes del siguiente intento
2026-02-01 03:12:59,679 [WARNING] [FILA 5] Usuario/Contraseña vacíos, saltando...
2026-02-01 03:12:59,679 [INFO] Esperando 28 segundos antes del siguiente intento
2026-02-01 03:13:01,442 [WARNING] Dump HTML (signal_15) omitido: la página ya está cerrada
