2026-01-05 06:10:02,375 [INFO] Log de ejecución: logs/turnero_20260105_061002.log
2026-01-05 06:10:03,254 [INFO] === Intentando sacar turno para usuario: 35.856.676 ===
2026-01-05 06:10:10,820 [INFO] [35.856.676] Se abrió nueva pestaña para el widget: https://www.citaconsular.es/es/hosteds/widgetdefault/2a30ca6f59fb5f176361063c56c79d043
2026-01-05 06:10:10,820 [INFO] [35.856.676] URL tras popup: https://www.citaconsular.es/es/hosteds/widgetdefault/2a30ca6f59fb5f176361063c56c79d043
2026-01-05 06:10:10,820 [INFO] [35.856.676] Frame 0: https://www.citaconsular.es/es/hosteds/widgetdefault/2a30ca6f59fb5f176361063c56c79d043
2026-01-05 06:10:11,310 [INFO] [35.856.676] Click en 'button:has-text('Continue / Continuar')' dentro de page
2026-01-05 06:10:23,889 [INFO] [35.856.676] Click en 'text=Cancelar o consultar mis reservas' dentro de page
2026-01-05 06:10:25,512 [INFO] [35.856.676] Fill 'input[placeholder*='DNI']' en frame https://www.citaconsular.es/es/hosteds/widgetdefault/2a30ca6f59fb5f176361063c56c79d043/#signinaccount
2026-01-05 06:10:25,568 [INFO] [35.856.676] Fill '#idIptBktAccountLoginpassword' en frame https://www.citaconsular.es/es/hosteds/widgetdefault/2a30ca6f59fb5f176361063c56c79d043/#signinaccount
2026-01-05 06:10:25,633 [INFO] [35.856.676] Click en '#idBktDefaultAccountLoginConfirmButton' dentro de page
2026-01-05 06:10:38,719 [INFO] [35.856.676] Click en '#idBktDefaultAccountHistoryContainer .clsDivSubHeaderBackButton' dentro de page
2026-01-05 06:10:38,782 [ERROR] [35.856.676] Error buscando tabla/servicio: Page.query_selector_all: selector: expected string, got object
Traceback (most recent call last):
  File "/home/andy/Turnero/booking.py", line 51, in _esperar_turnos_disponibles
    if page.query_selector_all(config.SELECTORES["servicio_card"]):
       ^^^^^^^^^^^^^^^^^^^^^^^^^^^^^^^^^^^^^^^^^^^^^^^^^^^^^^^^^^^
  File "/home/andy/Turnero/.venv/lib/python3.12/site-packages/playwright/sync_api/_generated.py", line 8142, in query_selector_all
    self._sync(self._impl_obj.query_selector_all(selector=selector))
  File "/home/andy/Turnero/.venv/lib/python3.12/site-packages/playwright/_impl/_sync_base.py", line 115, in _sync
    return task.result()
           ^^^^^^^^^^^^^
  File "/home/andy/Turnero/.venv/lib/python3.12/site-packages/playwright/_impl/_page.py", line 410, in query_selector_all
    return await self._main_frame.query_selector_all(selector)
           ^^^^^^^^^^^^^^^^^^^^^^^^^^^^^^^^^^^^^^^^^^^^^^^^^^^
  File "/home/andy/Turnero/.venv/lib/python3.12/site-packages/playwright/_impl/_frame.py", line 355, in query_selector_all
    await self._channel.send(
  File "/home/andy/Turnero/.venv/lib/python3.12/site-packages/playwright/_impl/_connection.py", line 69, in send
    return await self._connection.wrap_api_call(
           ^^^^^^^^^^^^^^^^^^^^^^^^^^^^^^^^^^^^^
  File "/home/andy/Turnero/.venv/lib/python3.12/site-packages/playwright/_impl/_connection.py", line 559, in wrap_api_call
    raise rewrite_error(error, f"{parsed_st['apiName']}: {error}") from None
playwright._impl._errors.Error: Page.query_selector_all: selector: expected string, got object
2026-01-05 06:10:38,807 [INFO] [35.856.676] Sin turnos. Esperando 30s antes de reintentar (intento 1/50)
2026-01-05 06:11:08,895 [INFO] [35.856.676] Click en 'text=Ver historial' dentro de page
2026-01-05 06:11:17,011 [INFO] [35.856.676] Click en '#idBktDefaultAccountHistoryContainer .clsDivSubHeaderBackButton' dentro de page
2026-01-05 06:11:17,063 [ERROR] [35.856.676] Error buscando tabla/servicio: Page.query_selector_all: selector: expected string, got object
Traceback (most recent call last):
  File "/home/andy/Turnero/booking.py", line 51, in _esperar_turnos_disponibles
    if page.query_selector_all(config.SELECTORES["servicio_card"]):
       ^^^^^^^^^^^^^^^^^^^^^^^^^^^^^^^^^^^^^^^^^^^^^^^^^^^^^^^^^^^
  File "/home/andy/Turnero/.venv/lib/python3.12/site-packages/playwright/sync_api/_generated.py", line 8142, in query_selector_all
    self._sync(self._impl_obj.query_selector_all(selector=selector))
  File "/home/andy/Turnero/.venv/lib/python3.12/site-packages/playwright/_impl/_sync_base.py", line 115, in _sync
    return task.result()
           ^^^^^^^^^^^^^
  File "/home/andy/Turnero/.venv/lib/python3.12/site-packages/playwright/_impl/_page.py", line 410, in query_selector_all
    return await self._main_frame.query_selector_all(selector)
           ^^^^^^^^^^^^^^^^^^^^^^^^^^^^^^^^^^^^^^^^^^^^^^^^^^^
  File "/home/andy/Turnero/.venv/lib/python3.12/site-packages/playwright/_impl/_frame.py", line 355, in query_selector_all
    await self._channel.send(
  File "/home/andy/Turnero/.venv/lib/python3.12/site-packages/playwright/_impl/_connection.py", line 69, in send
    return await self._connection.wrap_api_call(
           ^^^^^^^^^^^^^^^^^^^^^^^^^^^^^^^^^^^^^
  File "/home/andy/Turnero/.venv/lib/python3.12/site-packages/playwright/_impl/_connection.py", line 559, in wrap_api_call
    raise rewrite_error(error, f"{parsed_st['apiName']}: {error}") from None
playwright._impl._errors.Error: Page.query_selector_all: selector: expected string, got object
2026-01-05 06:11:17,088 [INFO] [35.856.676] Sin turnos. Esperando 30s antes de reintentar (intento 2/50)
2026-01-05 06:11:47,180 [INFO] [35.856.676] Click en 'text=Ver historial' dentro de page
2026-01-05 06:11:55,312 [INFO] [35.856.676] Click en '#idBktDefaultAccountHistoryContainer .clsDivSubHeaderBackButton' dentro de page
2026-01-05 06:11:55,372 [ERROR] [35.856.676] Error buscando tabla/servicio: Page.query_selector_all: selector: expected string, got object
Traceback (most recent call last):
  File "/home/andy/Turnero/booking.py", line 51, in _esperar_turnos_disponibles
    if page.query_selector_all(config.SELECTORES["servicio_card"]):
       ^^^^^^^^^^^^^^^^^^^^^^^^^^^^^^^^^^^^^^^^^^^^^^^^^^^^^^^^^^^
  File "/home/andy/Turnero/.venv/lib/python3.12/site-packages/playwright/sync_api/_generated.py", line 8142, in query_selector_all
    self._sync(self._impl_obj.query_selector_all(selector=selector))
  File "/home/andy/Turnero/.venv/lib/python3.12/site-packages/playwright/_impl/_sync_base.py", line 115, in _sync
    return task.result()
           ^^^^^^^^^^^^^
  File "/home/andy/Turnero/.venv/lib/python3.12/site-packages/playwright/_impl/_page.py", line 410, in query_selector_all
    return await self._main_frame.query_selector_all(selector)
           ^^^^^^^^^^^^^^^^^^^^^^^^^^^^^^^^^^^^^^^^^^^^^^^^^^^
  File "/home/andy/Turnero/.venv/lib/python3.12/site-packages/playwright/_impl/_frame.py", line 355, in query_selector_all
    await self._channel.send(
  File "/home/andy/Turnero/.venv/lib/python3.12/site-packages/playwright/_impl/_connection.py", line 69, in send
    return await self._connection.wrap_api_call(
           ^^^^^^^^^^^^^^^^^^^^^^^^^^^^^^^^^^^^^
  File "/home/andy/Turnero/.venv/lib/python3.12/site-packages/playwright/_impl/_connection.py", line 559, in wrap_api_call
    raise rewrite_error(error, f"{parsed_st['apiName']}: {error}") from None
playwright._impl._errors.Error: Page.query_selector_all: selector: expected string, got object
2026-01-05 06:11:55,396 [INFO] [35.856.676] Sin turnos. Esperando 30s antes de reintentar (intento 3/50)
2026-01-05 06:12:25,463 [INFO] [35.856.676] Click en 'text=Ver historial' dentro de page
2026-01-05 06:12:33,595 [INFO] [35.856.676] Click en '#idBktDefaultAccountHistoryContainer .clsDivSubHeaderBackButton' dentro de page
2026-01-05 06:12:33,659 [ERROR] [35.856.676] Error buscando tabla/servicio: Page.query_selector_all: selector: expected string, got object
Traceback (most recent call last):
  File "/home/andy/Turnero/booking.py", line 51, in _esperar_turnos_disponibles
    if page.query_selector_all(config.SELECTORES["servicio_card"]):
       ^^^^^^^^^^^^^^^^^^^^^^^^^^^^^^^^^^^^^^^^^^^^^^^^^^^^^^^^^^^
  File "/home/andy/Turnero/.venv/lib/python3.12/site-packages/playwright/sync_api/_generated.py", line 8142, in query_selector_all
    self._sync(self._impl_obj.query_selector_all(selector=selector))
  File "/home/andy/Turnero/.venv/lib/python3.12/site-packages/playwright/_impl/_sync_base.py", line 115, in _sync
    return task.result()
           ^^^^^^^^^^^^^
  File "/home/andy/Turnero/.venv/lib/python3.12/site-packages/playwright/_impl/_page.py", line 410, in query_selector_all
    return await self._main_frame.query_selector_all(selector)
           ^^^^^^^^^^^^^^^^^^^^^^^^^^^^^^^^^^^^^^^^^^^^^^^^^^^
  File "/home/andy/Turnero/.venv/lib/python3.12/site-packages/playwright/_impl/_frame.py", line 355, in query_selector_all
    await self._channel.send(
  File "/home/andy/Turnero/.venv/lib/python3.12/site-packages/playwright/_impl/_connection.py", line 69, in send
    return await self._connection.wrap_api_call(
           ^^^^^^^^^^^^^^^^^^^^^^^^^^^^^^^^^^^^^
  File "/home/andy/Turnero/.venv/lib/python3.12/site-packages/playwright/_impl/_connection.py", line 559, in wrap_api_call
    raise rewrite_error(error, f"{parsed_st['apiName']}: {error}") from None
playwright._impl._errors.Error: Page.query_selector_all: selector: expected string, got object
2026-01-05 06:12:33,683 [INFO] [35.856.676] Sin turnos. Esperando 30s antes de reintentar (intento 4/50)
