2026-01-25 08:09:02,050 [INFO] Log de ejecución: logs/turnero_20260125_080902.log
2026-01-25 08:09:02,991 [INFO] === Intentando sacar turno para usuario: 44.779.763 ===
2026-01-25 08:09:11,166 [INFO] [44.779.763] Se abrió nueva pestaña para el widget: https://www.citaconsular.es/es/hosteds/widgetdefault/2a30ca6f59fb5f176361063c56c79d043
2026-01-25 08:09:11,169 [INFO] [44.779.763] URL tras popup: https://www.citaconsular.es/es/hosteds/widgetdefault/2a30ca6f59fb5f176361063c56c79d043
2026-01-25 08:09:11,169 [INFO] [44.779.763] Frame 0: https://www.citaconsular.es/es/hosteds/widgetdefault/2a30ca6f59fb5f176361063c56c79d043
2026-01-25 08:09:11,979 [INFO] [44.779.763] Click en 'button:has-text('Continue / Continuar')' dentro de page
2026-01-25 08:09:29,644 [INFO] [44.779.763] Click en 'text=Cancelar o consultar mis reservas' dentro de frame:0
2026-01-25 08:09:31,751 [INFO] [44.779.763] Fill 'input[placeholder*='DNI']' en frame https://www.citaconsular.es/es/hosteds/widgetdefault/2a30ca6f59fb5f176361063c56c79d043/#signinaccount
2026-01-25 08:09:31,808 [INFO] [44.779.763] Fill '#idIptBktAccountLoginpassword' en frame https://www.citaconsular.es/es/hosteds/widgetdefault/2a30ca6f59fb5f176361063c56c79d043/#signinaccount
2026-01-25 08:09:31,866 [INFO] [44.779.763] Click en '#idBktDefaultAccountLoginConfirmButton' dentro de page
2026-01-25 08:09:36,872 [INFO] [44.779.763] Esperando hasta 08:10:00 para iniciar pingpong
2026-01-25 08:10:08,453 [INFO] [44.779.763] Click en '#idBktDefaultAccountHistoryContainer .clsDivSubHeaderBackButton' dentro de page
2026-01-25 08:10:08,526 [INFO] [44.779.763] Servicio visible (tarjeta) con selector text=Presentación de documentación ley, avanzando a selección
2026-01-25 08:10:20,623 [INFO] [44.779.763] Click en 'text=MEMORIA DEMOCRÁTICA' dentro de page
2026-01-25 08:10:24,692 [WARNING] [44.779.763] No se encontraron botones de turno con los selectores configurados
2026-01-25 08:10:24,828 [WARNING] [44.779.763] No se encontraron botones de turno con los selectores configurados
2026-01-25 08:10:24,905 [INFO] [44.779.763] Resultado: SIN_TURNOS
2026-01-25 08:10:24,905 [INFO] Esperando 30 segundos antes del siguiente intento
2026-01-25 08:10:54,908 [WARNING] [FILA 1] Usuario/Contraseña vacíos, saltando...
2026-01-25 08:10:54,908 [INFO] Esperando 33 segundos antes del siguiente intento
2026-01-25 08:11:27,909 [WARNING] [FILA 2] Usuario/Contraseña vacíos, saltando...
2026-01-25 08:11:27,909 [INFO] Esperando 34 segundos antes del siguiente intento
2026-01-25 08:12:01,174 [WARNING] Dump HTML (signal_15) omitido: la página ya está cerrada
