2026-02-13 01:09:02,585 [INFO] Log de ejecución: logs/turnero_20260213_010902.log
2026-02-13 01:09:03,470 [INFO] === Intentando sacar turno para usuario: 24.336.765 ===
2026-02-13 01:09:11,865 [INFO] [24.336.765] Se abrió nueva pestaña para el widget: https://www.citaconsular.es/es/hosteds/widgetdefault/2a30ca6f59fb5f176361063c56c79d043
2026-02-13 01:09:11,866 [INFO] [24.336.765] URL tras popup: https://www.citaconsular.es/es/hosteds/widgetdefault/2a30ca6f59fb5f176361063c56c79d043
2026-02-13 01:09:11,869 [INFO] [24.336.765] Frame 0: https://www.citaconsular.es/es/hosteds/widgetdefault/2a30ca6f59fb5f176361063c56c79d043
2026-02-13 01:09:12,662 [INFO] [24.336.765] Click en 'button:has-text('Continue / Continuar')' dentro de page
2026-02-13 01:09:25,258 [INFO] [24.336.765] Click en 'text=Cancelar o consultar mis reservas' dentro de page
2026-02-13 01:09:26,891 [INFO] [24.336.765] Fill 'input[placeholder*='DNI']' en frame https://www.citaconsular.es/es/hosteds/widgetdefault/2a30ca6f59fb5f176361063c56c79d043/#signinaccount
2026-02-13 01:09:26,978 [INFO] [24.336.765] Fill '#idIptBktAccountLoginpassword' en frame https://www.citaconsular.es/es/hosteds/widgetdefault/2a30ca6f59fb5f176361063c56c79d043/#signinaccount
2026-02-13 01:09:27,039 [INFO] [24.336.765] Click en '#idBktDefaultAccountLoginConfirmButton' dentro de page
2026-02-13 01:09:32,044 [INFO] [24.336.765] Esperando hasta 01:10:00 para iniciar pingpong
2026-02-13 01:10:08,121 [INFO] [24.336.765] Click en '#idBktDefaultAccountHistoryContainer .clsDivSubHeaderBackButton' dentro de page
2026-02-13 01:10:08,294 [INFO] [24.336.765] Sin turnos. Reintentando pronto (intento 1/50)
2026-02-13 01:10:38,393 [INFO] [24.336.765] Click en 'text=Ver historial' dentro de page
2026-02-13 01:10:46,534 [INFO] [24.336.765] Click en '#idBktDefaultAccountHistoryContainer .clsDivSubHeaderBackButton' dentro de page
2026-02-13 01:10:46,731 [INFO] [24.336.765] Sin turnos. Reintentando pronto (intento 2/50)
2026-02-13 01:11:16,817 [INFO] [24.336.765] Click en 'text=Ver historial' dentro de page
2026-02-13 01:11:24,981 [INFO] [24.336.765] Click en '#idBktDefaultAccountHistoryContainer .clsDivSubHeaderBackButton' dentro de page
2026-02-13 01:11:25,158 [INFO] [24.336.765] Sin turnos. Reintentando pronto (intento 3/50)
2026-02-13 01:11:55,234 [INFO] [24.336.765] Click en 'text=Ver historial' dentro de page
2026-02-13 01:12:03,358 [INFO] [24.336.765] Click en '#idBktDefaultAccountHistoryContainer .clsDivSubHeaderBackButton' dentro de page
2026-02-13 01:12:03,528 [INFO] [24.336.765] Sin turnos. Reintentando pronto (intento 4/50)
2026-02-13 01:12:33,590 [INFO] [24.336.765] Click en 'text=Ver historial' dentro de page
2026-02-13 01:12:41,720 [INFO] [24.336.765] Click en '#idBktDefaultAccountHistoryContainer .clsDivSubHeaderBackButton' dentro de page
2026-02-13 01:12:41,889 [INFO] [24.336.765] Sin turnos. Reintentando pronto (intento 5/50)
2026-02-13 01:13:00,000 [WARNING] [24.336.765] Ventana de pingpong terminada durante espera de reintento
2026-02-13 01:13:00,090 [INFO] [24.336.765] Resultado: PING_TIMEOUT
2026-02-13 01:13:00,102 [ERROR] No se pudo guardar el Excel al marcar NO: [Errno 13] Permission denied: 'turnos.xlsx'
Traceback (most recent call last):
  File "/home/andy/Turnero/runner.py", line 89, in _marcar_no_turno
    df.to_excel(config.EXCEL_PATH, index=False)
  File "/home/andy/Turnero/.venv/lib/python3.12/site-packages/pandas/util/_decorators.py", line 333, in wrapper
    return func(*args, **kwargs)
           ^^^^^^^^^^^^^^^^^^^^^
  File "/home/andy/Turnero/.venv/lib/python3.12/site-packages/pandas/core/generic.py", line 2439, in to_excel
    formatter.write(
  File "/home/andy/Turnero/.venv/lib/python3.12/site-packages/pandas/io/formats/excel.py", line 943, in write
    writer = ExcelWriter(
             ^^^^^^^^^^^^
  File "/home/andy/Turnero/.venv/lib/python3.12/site-packages/pandas/io/excel/_openpyxl.py", line 61, in __init__
    super().__init__(
  File "/home/andy/Turnero/.venv/lib/python3.12/site-packages/pandas/io/excel/_base.py", line 1246, in __init__
    self._handles = get_handle(
                    ^^^^^^^^^^^
  File "/home/andy/Turnero/.venv/lib/python3.12/site-packages/pandas/io/common.py", line 882, in get_handle
    handle = open(handle, ioargs.mode)
             ^^^^^^^^^^^^^^^^^^^^^^^^^
PermissionError: [Errno 13] Permission denied: 'turnos.xlsx'
2026-02-13 01:13:00,121 [INFO] Esperando 32 segundos antes del siguiente intento
2026-02-13 01:13:01,909 [WARNING] Dump HTML (signal_15) omitido: la página ya está cerrada
