2026-01-03 03:10:02,447 [INFO] Log de ejecución: logs/turnero_20260103_031002.log
2026-01-03 03:10:03,299 [INFO] === Intentando sacar turno para usuario: 35856676.0 ===
2026-01-03 03:10:25,703 [INFO] [35856676.0] Se abrió nueva pestaña para el widget: https://www.citaconsular.es/es/hosteds/widgetdefault/2a30ca6f59fb5f176361063c56c79d043
2026-01-03 03:10:25,703 [INFO] [35856676.0] URL tras popup: https://www.citaconsular.es/es/hosteds/widgetdefault/2a30ca6f59fb5f176361063c56c79d043
2026-01-03 03:10:25,704 [INFO] [35856676.0] Frame 0: https://www.citaconsular.es/es/hosteds/widgetdefault/2a30ca6f59fb5f176361063c56c79d043
2026-01-03 03:10:26,231 [INFO] [35856676.0] Click en 'button:has-text('Continue / Continuar')' dentro de page
2026-01-03 03:10:38,695 [INFO] [35856676.0] Click en 'text=Cancelar o consultar mis reservas' dentro de page
2026-01-03 03:10:40,403 [INFO] [35856676.0] Fill 'input[placeholder*='DNI']' en frame https://www.citaconsular.es/es/hosteds/widgetdefault/2a30ca6f59fb5f176361063c56c79d043/#signinaccount
2026-01-03 03:10:40,469 [INFO] [35856676.0] Fill '#idIptBktAccountLoginpassword' en frame https://www.citaconsular.es/es/hosteds/widgetdefault/2a30ca6f59fb5f176361063c56c79d043/#signinaccount
2026-01-03 03:10:40,524 [INFO] [35856676.0] Click en '#idBktDefaultAccountLoginConfirmButton' dentro de page
2026-01-03 03:10:41,482 [INFO] [35856676.0] Resultado: ERROR
2026-01-03 03:10:41,482 [WARNING] [FILA 1] Usuario/Contraseña vacíos, saltando...
2026-01-03 03:10:41,483 [WARNING] [FILA 2] Usuario/Contraseña vacíos, saltando...
2026-01-03 03:10:41,484 [WARNING] [FILA 3] Usuario/Contraseña vacíos, saltando...
2026-01-03 03:10:41,485 [WARNING] [FILA 4] Usuario/Contraseña vacíos, saltando...
2026-01-03 03:10:41,485 [WARNING] [FILA 5] Usuario/Contraseña vacíos, saltando...
2026-01-03 03:10:41,486 [WARNING] [FILA 6] Usuario/Contraseña vacíos, saltando...
2026-01-03 03:10:41,486 [WARNING] [FILA 7] Usuario/Contraseña vacíos, saltando...
2026-01-03 03:10:41,489 [WARNING] [FILA 8] Usuario/Contraseña vacíos, saltando...
2026-01-03 03:10:41,490 [WARNING] [FILA 9] Usuario/Contraseña vacíos, saltando...
2026-01-03 03:10:41,549 [INFO] Proceso terminado. Excel actualizado.
