2026-03-17 03:09:01,715 [INFO] Log de ejecución: logs/turnero_20260317_030901.log
2026-03-17 03:09:02,604 [INFO] === Intentando sacar turno para usuario: 46.911.896 ===
2026-03-17 03:09:10,094 [INFO] [46.911.896] Se abrió nueva pestaña para el widget: https://www.citaconsular.es/es/hosteds/widgetdefault/2a30ca6f59fb5f176361063c56c79d043
2026-03-17 03:09:10,094 [INFO] [46.911.896] URL tras popup: https://www.citaconsular.es/es/hosteds/widgetdefault/2a30ca6f59fb5f176361063c56c79d043
2026-03-17 03:09:10,094 [INFO] [46.911.896] Frame 0: https://www.citaconsular.es/es/hosteds/widgetdefault/2a30ca6f59fb5f176361063c56c79d043
2026-03-17 03:09:10,570 [INFO] [46.911.896] Click en 'button:has-text('Continue / Continuar')' dentro de page
2026-03-17 03:09:20,847 [INFO] [46.911.896] Click en 'text=Cancelar o consultar mis reservas' dentro de page
2026-03-17 03:09:22,975 [INFO] [46.911.896] Fill 'input[placeholder*='DNI']' en frame https://www.citaconsular.es/es/hosteds/widgetdefault/2a30ca6f59fb5f176361063c56c79d043/#signinaccount
2026-03-17 03:09:23,036 [INFO] [46.911.896] Fill '#idIptBktAccountLoginpassword' en frame https://www.citaconsular.es/es/hosteds/widgetdefault/2a30ca6f59fb5f176361063c56c79d043/#signinaccount
2026-03-17 03:09:23,099 [INFO] [46.911.896] Click en '#idBktDefaultAccountLoginConfirmButton' dentro de page
2026-03-17 03:09:28,104 [INFO] [46.911.896] Esperando hasta 03:10:00 para iniciar pingpong
2026-03-17 03:10:08,182 [INFO] [46.911.896] Click en '#idBktDefaultAccountHistoryContainer .clsDivSubHeaderBackButton' dentro de page
2026-03-17 03:10:08,343 [INFO] [46.911.896] Sin turnos. Reintentando pronto (intento 1/50)
2026-03-17 03:10:10,461 [INFO] [46.911.896] Click en 'text=Ver historial' dentro de page
2026-03-17 03:10:18,579 [INFO] [46.911.896] Click en '#idBktDefaultAccountHistoryContainer .clsDivSubHeaderBackButton' dentro de page
2026-03-17 03:10:18,727 [INFO] [46.911.896] Sin turnos. Reintentando pronto (intento 2/50)
2026-03-17 03:10:22,199 [INFO] [46.911.896] Click en 'text=Ver historial' dentro de page
2026-03-17 03:10:30,320 [INFO] [46.911.896] Click en '#idBktDefaultAccountHistoryContainer .clsDivSubHeaderBackButton' dentro de page
2026-03-17 03:10:30,463 [INFO] [46.911.896] Sin turnos. Reintentando pronto (intento 3/50)
2026-03-17 03:10:33,397 [INFO] [46.911.896] Click en 'text=Ver historial' dentro de page
2026-03-17 03:10:41,527 [INFO] [46.911.896] Click en '#idBktDefaultAccountHistoryContainer .clsDivSubHeaderBackButton' dentro de page
2026-03-17 03:10:41,664 [INFO] [46.911.896] Sin turnos. Reintentando pronto (intento 4/50)
2026-03-17 03:10:44,077 [INFO] [46.911.896] Click en 'text=Ver historial' dentro de page
2026-03-17 03:10:52,201 [INFO] [46.911.896] Click en '#idBktDefaultAccountHistoryContainer .clsDivSubHeaderBackButton' dentro de page
2026-03-17 03:10:52,366 [INFO] [46.911.896] Sin turnos. Reintentando pronto (intento 5/50)
2026-03-17 03:10:56,894 [INFO] [46.911.896] Click en 'text=Ver historial' dentro de page
2026-03-17 03:11:05,026 [INFO] [46.911.896] Click en '#idBktDefaultAccountHistoryContainer .clsDivSubHeaderBackButton' dentro de page
2026-03-17 03:11:05,163 [INFO] [46.911.896] Sin turnos. Reintentando pronto (intento 6/50)
2026-03-17 03:11:08,635 [INFO] [46.911.896] Click en 'text=Ver historial' dentro de page
2026-03-17 03:11:16,738 [INFO] [46.911.896] Click en '#idBktDefaultAccountHistoryContainer .clsDivSubHeaderBackButton' dentro de page
2026-03-17 03:11:16,904 [INFO] [46.911.896] Sin turnos. Reintentando pronto (intento 7/50)
2026-03-17 03:11:20,897 [INFO] [46.911.896] Click en 'text=Ver historial' dentro de page
2026-03-17 03:11:29,002 [INFO] [46.911.896] Click en '#idBktDefaultAccountHistoryContainer .clsDivSubHeaderBackButton' dentro de page
2026-03-17 03:11:29,135 [INFO] [46.911.896] Sin turnos. Reintentando pronto (intento 8/50)
2026-03-17 03:11:31,307 [INFO] [46.911.896] Click en 'text=Ver historial' dentro de page
2026-03-17 03:11:39,423 [INFO] [46.911.896] Click en '#idBktDefaultAccountHistoryContainer .clsDivSubHeaderBackButton' dentro de page
2026-03-17 03:11:39,594 [INFO] [46.911.896] Sin turnos. Reintentando pronto (intento 9/50)
2026-03-17 03:11:41,693 [INFO] [46.911.896] Click en 'text=Ver historial' dentro de page
2026-03-17 03:11:49,815 [INFO] [46.911.896] Click en '#idBktDefaultAccountHistoryContainer .clsDivSubHeaderBackButton' dentro de page
2026-03-17 03:11:49,949 [INFO] [46.911.896] Sin turnos. Reintentando pronto (intento 10/50)
2026-03-17 03:11:53,374 [INFO] [46.911.896] Click en 'text=Ver historial' dentro de page
2026-03-17 03:12:01,484 [INFO] [46.911.896] Click en '#idBktDefaultAccountHistoryContainer .clsDivSubHeaderBackButton' dentro de page
2026-03-17 03:12:01,617 [INFO] [46.911.896] Sin turnos. Reintentando pronto (intento 11/50)
2026-03-17 03:12:03,683 [INFO] [46.911.896] Click en 'text=Ver historial' dentro de page
2026-03-17 03:12:11,789 [INFO] [46.911.896] Click en '#idBktDefaultAccountHistoryContainer .clsDivSubHeaderBackButton' dentro de page
2026-03-17 03:12:11,950 [INFO] [46.911.896] Sin turnos. Reintentando pronto (intento 12/50)
2026-03-17 03:12:14,042 [INFO] [46.911.896] Click en 'text=Ver historial' dentro de page
2026-03-17 03:12:22,167 [INFO] [46.911.896] Click en '#idBktDefaultAccountHistoryContainer .clsDivSubHeaderBackButton' dentro de page
2026-03-17 03:12:22,305 [INFO] [46.911.896] Sin turnos. Reintentando pronto (intento 13/50)
2026-03-17 03:12:24,409 [INFO] [46.911.896] Click en 'text=Ver historial' dentro de page
2026-03-17 03:12:32,544 [INFO] [46.911.896] Click en '#idBktDefaultAccountHistoryContainer .clsDivSubHeaderBackButton' dentro de page
2026-03-17 03:12:32,720 [INFO] [46.911.896] Sin turnos. Reintentando pronto (intento 14/50)
2026-03-17 03:12:34,810 [INFO] [46.911.896] Click en 'text=Ver historial' dentro de page
2026-03-17 03:12:42,958 [INFO] [46.911.896] Click en '#idBktDefaultAccountHistoryContainer .clsDivSubHeaderBackButton' dentro de page
2026-03-17 03:12:43,105 [INFO] [46.911.896] Sin turnos. Reintentando pronto (intento 15/50)
2026-03-17 03:12:45,191 [INFO] [46.911.896] Click en 'text=Ver historial' dentro de page
2026-03-17 03:12:53,326 [INFO] [46.911.896] Click en '#idBktDefaultAccountHistoryContainer .clsDivSubHeaderBackButton' dentro de page
2026-03-17 03:12:53,476 [INFO] [46.911.896] Sin turnos. Reintentando pronto (intento 16/50)
2026-03-17 03:12:55,544 [INFO] [46.911.896] Click en 'text=Ver historial' dentro de page
