2026-03-14 01:09:02,664 [INFO] Log de ejecución: logs/turnero_20260314_010902.log
2026-03-14 01:09:03,578 [INFO] === Intentando sacar turno para usuario: 46.911.896 ===
2026-03-14 01:09:10,957 [INFO] [46.911.896] Se abrió nueva pestaña para el widget: https://www.citaconsular.es/es/hosteds/widgetdefault/2a30ca6f59fb5f176361063c56c79d043
2026-03-14 01:09:10,957 [INFO] [46.911.896] URL tras popup: https://www.citaconsular.es/es/hosteds/widgetdefault/2a30ca6f59fb5f176361063c56c79d043
2026-03-14 01:09:10,957 [INFO] [46.911.896] Frame 0: https://www.citaconsular.es/es/hosteds/widgetdefault/2a30ca6f59fb5f176361063c56c79d043
2026-03-14 01:09:12,001 [INFO] [46.911.896] Click en 'button:has-text('Continue / Continuar')' dentro de page
2026-03-14 01:09:25,145 [INFO] [46.911.896] Click en 'text=Cancelar o consultar mis reservas' dentro de page
2026-03-14 01:09:27,264 [INFO] [46.911.896] Fill 'input[placeholder*='DNI']' en frame https://www.citaconsular.es/es/hosteds/widgetdefault/2a30ca6f59fb5f176361063c56c79d043/#signinaccount
2026-03-14 01:09:27,345 [INFO] [46.911.896] Fill '#idIptBktAccountLoginpassword' en frame https://www.citaconsular.es/es/hosteds/widgetdefault/2a30ca6f59fb5f176361063c56c79d043/#signinaccount
2026-03-14 01:09:27,404 [INFO] [46.911.896] Click en '#idBktDefaultAccountLoginConfirmButton' dentro de page
2026-03-14 01:09:32,410 [INFO] [46.911.896] Esperando hasta 01:10:00 para iniciar pingpong
2026-03-14 01:10:08,478 [INFO] [46.911.896] Click en '#idBktDefaultAccountHistoryContainer .clsDivSubHeaderBackButton' dentro de page
2026-03-14 01:10:08,643 [INFO] [46.911.896] Sin turnos. Reintentando pronto (intento 1/50)
2026-03-14 01:10:14,772 [INFO] [46.911.896] Click en 'text=Ver historial' dentro de page
2026-03-14 01:10:22,902 [INFO] [46.911.896] Click en '#idBktDefaultAccountHistoryContainer .clsDivSubHeaderBackButton' dentro de page
2026-03-14 01:10:23,060 [INFO] [46.911.896] Sin turnos. Reintentando pronto (intento 2/50)
2026-03-14 01:10:29,192 [INFO] [46.911.896] Click en 'text=Ver historial' dentro de page
2026-03-14 01:10:37,325 [INFO] [46.911.896] Click en '#idBktDefaultAccountHistoryContainer .clsDivSubHeaderBackButton' dentro de page
2026-03-14 01:10:37,465 [INFO] [46.911.896] Sin turnos. Reintentando pronto (intento 3/50)
2026-03-14 01:10:44,635 [INFO] [46.911.896] Click en 'text=Ver historial' dentro de page
2026-03-14 01:10:52,737 [INFO] [46.911.896] Click en '#idBktDefaultAccountHistoryContainer .clsDivSubHeaderBackButton' dentro de page
2026-03-14 01:10:52,877 [INFO] [46.911.896] Sin turnos. Reintentando pronto (intento 4/50)
2026-03-14 01:10:57,903 [INFO] [46.911.896] Click en 'text=Ver historial' dentro de page
2026-03-14 01:11:06,017 [INFO] [46.911.896] Click en '#idBktDefaultAccountHistoryContainer .clsDivSubHeaderBackButton' dentro de page
2026-03-14 01:11:06,167 [INFO] [46.911.896] Sin turnos. Reintentando pronto (intento 5/50)
2026-03-14 01:11:11,705 [INFO] [46.911.896] Click en 'text=Ver historial' dentro de page
2026-03-14 01:11:19,815 [INFO] [46.911.896] Click en '#idBktDefaultAccountHistoryContainer .clsDivSubHeaderBackButton' dentro de page
2026-03-14 01:11:19,960 [INFO] [46.911.896] Sin turnos. Reintentando pronto (intento 6/50)
2026-03-14 01:11:24,507 [INFO] [46.911.896] Click en 'text=Ver historial' dentro de page
2026-03-14 01:11:32,605 [INFO] [46.911.896] Click en '#idBktDefaultAccountHistoryContainer .clsDivSubHeaderBackButton' dentro de page
2026-03-14 01:11:32,749 [INFO] [46.911.896] Sin turnos. Reintentando pronto (intento 7/50)
2026-03-14 01:11:35,668 [INFO] [46.911.896] Click en 'text=Ver historial' dentro de page
2026-03-14 01:11:43,798 [INFO] [46.911.896] Click en '#idBktDefaultAccountHistoryContainer .clsDivSubHeaderBackButton' dentro de page
2026-03-14 01:11:43,927 [INFO] [46.911.896] Sin turnos. Reintentando pronto (intento 8/50)
2026-03-14 01:11:47,384 [INFO] [46.911.896] Click en 'text=Ver historial' dentro de page
2026-03-14 01:11:55,515 [INFO] [46.911.896] Click en '#idBktDefaultAccountHistoryContainer .clsDivSubHeaderBackButton' dentro de page
2026-03-14 01:11:55,679 [INFO] [46.911.896] Sin turnos. Reintentando pronto (intento 9/50)
2026-03-14 01:11:59,148 [INFO] [46.911.896] Click en 'text=Ver historial' dentro de page
2026-03-14 01:12:07,280 [INFO] [46.911.896] Click en '#idBktDefaultAccountHistoryContainer .clsDivSubHeaderBackButton' dentro de page
2026-03-14 01:12:07,451 [INFO] [46.911.896] Sin turnos. Reintentando pronto (intento 10/50)
2026-03-14 01:12:10,404 [INFO] [46.911.896] Click en 'text=Ver historial' dentro de page
2026-03-14 01:12:18,502 [INFO] [46.911.896] Click en '#idBktDefaultAccountHistoryContainer .clsDivSubHeaderBackButton' dentro de page
2026-03-14 01:12:18,630 [INFO] [46.911.896] Sin turnos. Reintentando pronto (intento 11/50)
2026-03-14 01:12:22,099 [INFO] [46.911.896] Click en 'text=Ver historial' dentro de page
2026-03-14 01:12:30,231 [INFO] [46.911.896] Click en '#idBktDefaultAccountHistoryContainer .clsDivSubHeaderBackButton' dentro de page
2026-03-14 01:12:30,362 [INFO] [46.911.896] Sin turnos. Reintentando pronto (intento 12/50)
2026-03-14 01:12:32,421 [INFO] [46.911.896] Click en 'text=Ver historial' dentro de page
2026-03-14 01:12:40,520 [INFO] [46.911.896] Click en '#idBktDefaultAccountHistoryContainer .clsDivSubHeaderBackButton' dentro de page
2026-03-14 01:12:40,692 [INFO] [46.911.896] Sin turnos. Reintentando pronto (intento 13/50)
2026-03-14 01:12:43,596 [INFO] [46.911.896] Click en 'text=Ver historial' dentro de page
2026-03-14 01:12:51,701 [INFO] [46.911.896] Click en '#idBktDefaultAccountHistoryContainer .clsDivSubHeaderBackButton' dentro de page
2026-03-14 01:12:51,907 [INFO] [46.911.896] Sin turnos. Reintentando pronto (intento 14/50)
2026-03-14 01:12:53,982 [INFO] [46.911.896] Click en 'text=Ver historial' dentro de page
