2026-03-15 08:09:02,163 [INFO] Log de ejecución: logs/turnero_20260315_080902.log
2026-03-15 08:09:03,079 [INFO] === Intentando sacar turno para usuario: 46.911.896 ===
2026-03-15 08:09:11,757 [INFO] [46.911.896] Se abrió nueva pestaña para el widget: https://www.citaconsular.es/es/hosteds/widgetdefault/2a30ca6f59fb5f176361063c56c79d043
2026-03-15 08:09:11,758 [INFO] [46.911.896] URL tras popup: https://www.citaconsular.es/es/hosteds/widgetdefault/2a30ca6f59fb5f176361063c56c79d043
2026-03-15 08:09:11,758 [INFO] [46.911.896] Frame 0: https://www.citaconsular.es/es/hosteds/widgetdefault/2a30ca6f59fb5f176361063c56c79d043
2026-03-15 08:09:12,223 [INFO] [46.911.896] Click en 'button:has-text('Continue / Continuar')' dentro de page
2026-03-15 08:09:18,764 [INFO] [46.911.896] Click en 'text=Cancelar o consultar mis reservas' dentro de page
2026-03-15 08:09:20,319 [INFO] [46.911.896] Fill 'input[placeholder*='DNI']' en frame https://www.citaconsular.es/es/hosteds/widgetdefault/2a30ca6f59fb5f176361063c56c79d043/#signinaccount
2026-03-15 08:09:20,378 [INFO] [46.911.896] Fill '#idIptBktAccountLoginpassword' en frame https://www.citaconsular.es/es/hosteds/widgetdefault/2a30ca6f59fb5f176361063c56c79d043/#signinaccount
2026-03-15 08:09:20,436 [INFO] [46.911.896] Click en '#idBktDefaultAccountLoginConfirmButton' dentro de page
2026-03-15 08:09:25,443 [INFO] [46.911.896] Esperando hasta 08:10:00 para iniciar pingpong
2026-03-15 08:10:08,539 [INFO] [46.911.896] Click en '#idBktDefaultAccountHistoryContainer .clsDivSubHeaderBackButton' dentro de page
2026-03-15 08:10:08,700 [INFO] [46.911.896] Sin turnos. Reintentando pronto (intento 1/50)
2026-03-15 08:10:11,644 [INFO] [46.911.896] Click en 'text=Ver historial' dentro de page
2026-03-15 08:10:19,768 [INFO] [46.911.896] Click en '#idBktDefaultAccountHistoryContainer .clsDivSubHeaderBackButton' dentro de page
2026-03-15 08:10:19,929 [INFO] [46.911.896] Sin turnos. Reintentando pronto (intento 2/50)
2026-03-15 08:10:22,027 [INFO] [46.911.896] Click en 'text=Ver historial' dentro de page
2026-03-15 08:10:30,137 [INFO] [46.911.896] Click en '#idBktDefaultAccountHistoryContainer .clsDivSubHeaderBackButton' dentro de page
2026-03-15 08:10:30,278 [INFO] [46.911.896] Sin turnos. Reintentando pronto (intento 3/50)
2026-03-15 08:10:32,342 [INFO] [46.911.896] Click en 'text=Ver historial' dentro de page
2026-03-15 08:10:40,449 [INFO] [46.911.896] Click en '#idBktDefaultAccountHistoryContainer .clsDivSubHeaderBackButton' dentro de page
2026-03-15 08:10:40,601 [INFO] [46.911.896] Sin turnos. Reintentando pronto (intento 4/50)
2026-03-15 08:10:42,689 [INFO] [46.911.896] Click en 'text=Ver historial' dentro de page
2026-03-15 08:10:50,795 [INFO] [46.911.896] Click en '#idBktDefaultAccountHistoryContainer .clsDivSubHeaderBackButton' dentro de page
2026-03-15 08:10:50,935 [INFO] [46.911.896] Sin turnos. Reintentando pronto (intento 5/50)
2026-03-15 08:10:53,003 [INFO] [46.911.896] Click en 'text=Ver historial' dentro de page
2026-03-15 08:11:01,117 [INFO] [46.911.896] Click en '#idBktDefaultAccountHistoryContainer .clsDivSubHeaderBackButton' dentro de page
2026-03-15 08:11:01,251 [INFO] [46.911.896] Sin turnos. Reintentando pronto (intento 6/50)
2026-03-15 08:11:03,310 [INFO] [46.911.896] Click en 'text=Ver historial' dentro de page
2026-03-15 08:11:11,429 [INFO] [46.911.896] Click en '#idBktDefaultAccountHistoryContainer .clsDivSubHeaderBackButton' dentro de page
2026-03-15 08:11:11,576 [INFO] [46.911.896] Sin turnos. Reintentando pronto (intento 7/50)
2026-03-15 08:11:13,685 [INFO] [46.911.896] Click en 'text=Ver historial' dentro de page
2026-03-15 08:11:21,804 [INFO] [46.911.896] Click en '#idBktDefaultAccountHistoryContainer .clsDivSubHeaderBackButton' dentro de page
2026-03-15 08:11:21,941 [INFO] [46.911.896] Sin turnos. Reintentando pronto (intento 8/50)
2026-03-15 08:11:24,042 [INFO] [46.911.896] Click en 'text=Ver historial' dentro de page
2026-03-15 08:11:32,145 [INFO] [46.911.896] Click en '#idBktDefaultAccountHistoryContainer .clsDivSubHeaderBackButton' dentro de page
2026-03-15 08:11:32,283 [INFO] [46.911.896] Sin turnos. Reintentando pronto (intento 9/50)
2026-03-15 08:11:34,340 [INFO] [46.911.896] Click en 'text=Ver historial' dentro de page
2026-03-15 08:11:42,464 [INFO] [46.911.896] Click en '#idBktDefaultAccountHistoryContainer .clsDivSubHeaderBackButton' dentro de page
2026-03-15 08:11:42,597 [INFO] [46.911.896] Sin turnos. Reintentando pronto (intento 10/50)
2026-03-15 08:11:44,667 [INFO] [46.911.896] Click en 'text=Ver historial' dentro de page
2026-03-15 08:11:52,773 [INFO] [46.911.896] Click en '#idBktDefaultAccountHistoryContainer .clsDivSubHeaderBackButton' dentro de page
2026-03-15 08:11:52,927 [INFO] [46.911.896] Sin turnos. Reintentando pronto (intento 11/50)
2026-03-15 08:11:55,012 [INFO] [46.911.896] Click en 'text=Ver historial' dentro de page
2026-03-15 08:12:03,165 [INFO] [46.911.896] Click en '#idBktDefaultAccountHistoryContainer .clsDivSubHeaderBackButton' dentro de page
2026-03-15 08:12:03,347 [INFO] [46.911.896] Sin turnos. Reintentando pronto (intento 12/50)
2026-03-15 08:12:05,436 [INFO] [46.911.896] Click en 'text=Ver historial' dentro de page
2026-03-15 08:12:13,564 [INFO] [46.911.896] Click en '#idBktDefaultAccountHistoryContainer .clsDivSubHeaderBackButton' dentro de page
2026-03-15 08:12:13,713 [INFO] [46.911.896] Sin turnos. Reintentando pronto (intento 13/50)
2026-03-15 08:12:15,801 [INFO] [46.911.896] Click en 'text=Ver historial' dentro de page
2026-03-15 08:12:23,908 [INFO] [46.911.896] Click en '#idBktDefaultAccountHistoryContainer .clsDivSubHeaderBackButton' dentro de page
2026-03-15 08:12:24,074 [INFO] [46.911.896] Sin turnos. Reintentando pronto (intento 14/50)
2026-03-15 08:12:26,155 [INFO] [46.911.896] Click en 'text=Ver historial' dentro de page
2026-03-15 08:12:34,279 [INFO] [46.911.896] Click en '#idBktDefaultAccountHistoryContainer .clsDivSubHeaderBackButton' dentro de page
2026-03-15 08:12:34,421 [INFO] [46.911.896] Sin turnos. Reintentando pronto (intento 15/50)
2026-03-15 08:12:36,506 [INFO] [46.911.896] Click en 'text=Ver historial' dentro de page
2026-03-15 08:12:44,630 [INFO] [46.911.896] Click en '#idBktDefaultAccountHistoryContainer .clsDivSubHeaderBackButton' dentro de page
2026-03-15 08:12:44,772 [INFO] [46.911.896] Sin turnos. Reintentando pronto (intento 16/50)
2026-03-15 08:12:46,848 [INFO] [46.911.896] Click en 'text=Ver historial' dentro de page
2026-03-15 08:12:54,937 [INFO] [46.911.896] Click en '#idBktDefaultAccountHistoryContainer .clsDivSubHeaderBackButton' dentro de page
2026-03-15 08:12:55,092 [INFO] [46.911.896] Sin turnos. Reintentando pronto (intento 17/50)
2026-03-15 08:12:57,187 [INFO] [46.911.896] Click en 'text=Ver historial' dentro de page
