2026-02-04 04:09:02,690 [INFO] Log de ejecución: logs/turnero_20260204_040902.log
2026-02-04 04:09:03,620 [INFO] === Intentando sacar turno para usuario: 44.779.763 ===
2026-02-04 04:09:10,782 [INFO] [44.779.763] Se abrió nueva pestaña para el widget: https://www.citaconsular.es/es/hosteds/widgetdefault/2a30ca6f59fb5f176361063c56c79d043
2026-02-04 04:09:10,782 [INFO] [44.779.763] URL tras popup: https://www.citaconsular.es/es/hosteds/widgetdefault/2a30ca6f59fb5f176361063c56c79d043
2026-02-04 04:09:10,782 [INFO] [44.779.763] Frame 0: https://www.citaconsular.es/es/hosteds/widgetdefault/2a30ca6f59fb5f176361063c56c79d043
2026-02-04 04:09:11,236 [INFO] [44.779.763] Click en 'button:has-text('Continue / Continuar')' dentro de page
2026-02-04 04:09:23,359 [INFO] [44.779.763] Click en 'text=Cancelar o consultar mis reservas' dentro de page
2026-02-04 04:09:24,937 [INFO] [44.779.763] Fill 'input[placeholder*='DNI']' en frame https://www.citaconsular.es/es/hosteds/widgetdefault/2a30ca6f59fb5f176361063c56c79d043/#signinaccount
2026-02-04 04:09:25,022 [INFO] [44.779.763] Fill '#idIptBktAccountLoginpassword' en frame https://www.citaconsular.es/es/hosteds/widgetdefault/2a30ca6f59fb5f176361063c56c79d043/#signinaccount
2026-02-04 04:09:25,078 [INFO] [44.779.763] Click en '#idBktDefaultAccountLoginConfirmButton' dentro de page
2026-02-04 04:09:30,085 [INFO] [44.779.763] Esperando hasta 04:10:00 para iniciar pingpong
2026-02-04 04:10:08,167 [INFO] [44.779.763] Click en '#idBktDefaultAccountHistoryContainer .clsDivSubHeaderBackButton' dentro de page
2026-02-04 04:10:08,245 [INFO] [44.779.763] Servicio visible (tarjeta) con selector text=Presentación de documentación ley, avanzando a selección
2026-02-04 04:10:20,352 [INFO] [44.779.763] Click en 'text=MEMORIA DEMOCRÁTICA' dentro de page
2026-02-04 04:10:50,450 [WARNING] [44.779.763] No se encontró selector: ['#idDivBktSlotsContainer, .clsDivDatetimeSlotsContainer, .clsDivDatetimeSlot, .clsDivDatetimeSlotTime, table#turnos, .tabla-turnos']
2026-02-04 04:10:50,504 [WARNING] [44.779.763] No se encontraron botones de turno con los selectores configurados
2026-02-04 04:11:02,602 [WARNING] [44.779.763] No se encontró selector: ['#idDivBktSlotsContainer, .clsDivDatetimeSlotsContainer, .clsDivDatetimeSlot, .clsDivDatetimeSlotTime, table#turnos, .tabla-turnos']
2026-02-04 04:11:02,662 [WARNING] [44.779.763] No se encontraron botones de turno con los selectores configurados
2026-02-04 04:11:02,739 [INFO] [44.779.763] Resultado: SIN_TURNOS
2026-02-04 04:11:02,740 [INFO] Esperando 27 segundos antes del siguiente intento
2026-02-04 04:11:29,741 [WARNING] [FILA 1] Usuario/Contraseña vacíos, saltando...
2026-02-04 04:11:29,741 [INFO] Esperando 34 segundos antes del siguiente intento
2026-02-04 04:12:03,742 [WARNING] [FILA 2] Usuario/Contraseña vacíos, saltando...
2026-02-04 04:12:03,743 [INFO] Esperando 23 segundos antes del siguiente intento
2026-02-04 04:12:26,744 [WARNING] [FILA 3] Usuario/Contraseña vacíos, saltando...
2026-02-04 04:12:26,744 [INFO] Esperando 28 segundos antes del siguiente intento
2026-02-04 04:12:54,745 [WARNING] [FILA 4] Usuario/Contraseña vacíos, saltando...
2026-02-04 04:12:54,745 [INFO] Esperando 45 segundos antes del siguiente intento
2026-02-04 04:13:02,016 [WARNING] Dump HTML (signal_15) omitido: la página ya está cerrada
