2026-01-25 03:09:01,946 [INFO] Log de ejecución: logs/turnero_20260125_030901.log
2026-01-25 03:09:02,871 [INFO] === Intentando sacar turno para usuario: 44.779.763 ===
2026-01-25 03:09:10,142 [INFO] [44.779.763] Se abrió nueva pestaña para el widget: https://www.citaconsular.es/es/hosteds/widgetdefault/2a30ca6f59fb5f176361063c56c79d043
2026-01-25 03:09:10,142 [INFO] [44.779.763] URL tras popup: https://www.citaconsular.es/es/hosteds/widgetdefault/2a30ca6f59fb5f176361063c56c79d043
2026-01-25 03:09:10,142 [INFO] [44.779.763] Frame 0: https://www.citaconsular.es/es/hosteds/widgetdefault/2a30ca6f59fb5f176361063c56c79d043
2026-01-25 03:09:10,588 [INFO] [44.779.763] Click en 'button:has-text('Continue / Continuar')' dentro de page
2026-01-25 03:09:24,178 [INFO] [44.779.763] Click en 'text=Cancelar o consultar mis reservas' dentro de page
2026-01-25 03:09:26,039 [INFO] [44.779.763] Fill 'input[placeholder*='DNI']' en frame https://www.citaconsular.es/es/hosteds/widgetdefault/2a30ca6f59fb5f176361063c56c79d043/#signinaccount
2026-01-25 03:09:26,096 [INFO] [44.779.763] Fill '#idIptBktAccountLoginpassword' en frame https://www.citaconsular.es/es/hosteds/widgetdefault/2a30ca6f59fb5f176361063c56c79d043/#signinaccount
2026-01-25 03:09:26,155 [INFO] [44.779.763] Click en '#idBktDefaultAccountLoginConfirmButton' dentro de page
2026-01-25 03:09:31,160 [INFO] [44.779.763] Esperando hasta 03:10:00 para iniciar pingpong
2026-01-25 03:10:08,239 [INFO] [44.779.763] Click en '#idBktDefaultAccountHistoryContainer .clsDivSubHeaderBackButton' dentro de page
2026-01-25 03:10:08,312 [INFO] [44.779.763] Servicio visible (tarjeta) con selector text=Presentación de documentación ley, avanzando a selección
2026-01-25 03:10:20,421 [INFO] [44.779.763] Click en 'text=MEMORIA DEMOCRÁTICA' dentro de page
2026-01-25 03:10:22,978 [WARNING] [44.779.763] No se encontraron botones de turno con los selectores configurados
2026-01-25 03:10:23,115 [WARNING] [44.779.763] No se encontraron botones de turno con los selectores configurados
2026-01-25 03:10:23,203 [INFO] [44.779.763] Resultado: SIN_TURNOS
2026-01-25 03:10:23,203 [INFO] Esperando 33 segundos antes del siguiente intento
2026-01-25 03:10:56,205 [WARNING] [FILA 1] Usuario/Contraseña vacíos, saltando...
2026-01-25 03:10:56,205 [INFO] Esperando 32 segundos antes del siguiente intento
2026-01-25 03:11:28,206 [WARNING] [FILA 2] Usuario/Contraseña vacíos, saltando...
2026-01-25 03:11:28,206 [INFO] Esperando 24 segundos antes del siguiente intento
2026-01-25 03:11:52,207 [WARNING] [FILA 3] Usuario/Contraseña vacíos, saltando...
2026-01-25 03:11:52,207 [INFO] Esperando 35 segundos antes del siguiente intento
2026-01-25 03:12:01,273 [WARNING] Dump HTML (signal_15) omitido: la página ya está cerrada
