2026-01-03 08:10:01,694 [INFO] Log de ejecución: logs/turnero_20260103_081001.log
2026-01-03 08:10:02,535 [INFO] === Intentando sacar turno para usuario: 35856676.0 ===
2026-01-03 08:10:10,854 [INFO] [35856676.0] Se abrió nueva pestaña para el widget: https://www.citaconsular.es/es/hosteds/widgetdefault/2a30ca6f59fb5f176361063c56c79d043
2026-01-03 08:10:10,855 [INFO] [35856676.0] URL tras popup: https://www.citaconsular.es/es/hosteds/widgetdefault/2a30ca6f59fb5f176361063c56c79d043
2026-01-03 08:10:10,855 [INFO] [35856676.0] Frame 0: https://www.citaconsular.es/es/hosteds/widgetdefault/2a30ca6f59fb5f176361063c56c79d043
2026-01-03 08:10:11,314 [INFO] [35856676.0] Click en 'button:has-text('Continue / Continuar')' dentro de page
2026-01-03 08:10:23,848 [INFO] [35856676.0] Click en 'text=Cancelar o consultar mis reservas' dentro de page
2026-01-03 08:10:25,550 [INFO] [35856676.0] Fill 'input[placeholder*='DNI']' en frame https://www.citaconsular.es/es/hosteds/widgetdefault/2a30ca6f59fb5f176361063c56c79d043/#signinaccount
2026-01-03 08:10:25,611 [INFO] [35856676.0] Fill '#idIptBktAccountLoginpassword' en frame https://www.citaconsular.es/es/hosteds/widgetdefault/2a30ca6f59fb5f176361063c56c79d043/#signinaccount
2026-01-03 08:10:25,667 [INFO] [35856676.0] Click en '#idBktDefaultAccountLoginConfirmButton' dentro de page
2026-01-03 08:10:26,642 [INFO] [35856676.0] Resultado: ERROR
2026-01-03 08:10:26,642 [WARNING] [FILA 1] Usuario/Contraseña vacíos, saltando...
2026-01-03 08:10:26,643 [WARNING] [FILA 2] Usuario/Contraseña vacíos, saltando...
2026-01-03 08:10:26,647 [WARNING] [FILA 3] Usuario/Contraseña vacíos, saltando...
2026-01-03 08:10:26,647 [WARNING] [FILA 4] Usuario/Contraseña vacíos, saltando...
2026-01-03 08:10:26,648 [WARNING] [FILA 5] Usuario/Contraseña vacíos, saltando...
2026-01-03 08:10:26,648 [WARNING] [FILA 6] Usuario/Contraseña vacíos, saltando...
2026-01-03 08:10:26,651 [WARNING] [FILA 7] Usuario/Contraseña vacíos, saltando...
2026-01-03 08:10:26,651 [WARNING] [FILA 8] Usuario/Contraseña vacíos, saltando...
2026-01-03 08:10:26,653 [WARNING] [FILA 9] Usuario/Contraseña vacíos, saltando...
2026-01-03 08:10:26,711 [INFO] Proceso terminado. Excel actualizado.
