2026-01-16 07:09:02,076 [INFO] Log de ejecución: logs/turnero_20260116_070902.log
2026-01-16 07:09:02,976 [INFO] === Intentando sacar turno para usuario: 44.779.763 ===
2026-01-16 07:09:08,724 [INFO] [44.779.763] Se abrió nueva pestaña para el widget: https://www.citaconsular.es/es/hosteds/widgetdefault/2a30ca6f59fb5f176361063c56c79d043
2026-01-16 07:09:08,725 [INFO] [44.779.763] URL tras popup: https://www.citaconsular.es/es/hosteds/widgetdefault/2a30ca6f59fb5f176361063c56c79d043
2026-01-16 07:09:08,725 [INFO] [44.779.763] Frame 0: https://www.citaconsular.es/es/hosteds/widgetdefault/2a30ca6f59fb5f176361063c56c79d043
2026-01-16 07:09:09,222 [INFO] [44.779.763] Click en 'button:has-text('Continue / Continuar')' dentro de page
2026-01-16 07:09:21,080 [INFO] [44.779.763] Click en 'text=Cancelar o consultar mis reservas' dentro de page
2026-01-16 07:09:22,812 [INFO] [44.779.763] Fill 'input[placeholder*='DNI']' en frame https://www.citaconsular.es/es/hosteds/widgetdefault/2a30ca6f59fb5f176361063c56c79d043/#signinaccount
2026-01-16 07:09:22,875 [INFO] [44.779.763] Fill '#idIptBktAccountLoginpassword' en frame https://www.citaconsular.es/es/hosteds/widgetdefault/2a30ca6f59fb5f176361063c56c79d043/#signinaccount
2026-01-16 07:09:22,936 [INFO] [44.779.763] Click en '#idBktDefaultAccountLoginConfirmButton' dentro de page
2026-01-16 07:09:27,941 [INFO] [44.779.763] Esperando hasta 07:10:00 para iniciar pingpong
2026-01-16 07:10:08,519 [INFO] [44.779.763] Click en '#idBktDefaultAccountHistoryContainer .clsDivSubHeaderBackButton' dentro de page
2026-01-16 07:10:08,576 [ERROR] [44.779.763] Error buscando tabla/servicio: Page.query_selector_all: selector: expected string, got object
Traceback (most recent call last):
  File "/home/andy/Turnero/booking.py", line 123, in _esperar_turnos_disponibles
    if page.query_selector_all(config.SELECTORES["servicio_card"]):
       ^^^^^^^^^^^^^^^^^^^^^^^^^^^^^^^^^^^^^^^^^^^^^^^^^^^^^^^^^^^
  File "/home/andy/Turnero/.venv/lib/python3.12/site-packages/playwright/sync_api/_generated.py", line 8142, in query_selector_all
    self._sync(self._impl_obj.query_selector_all(selector=selector))
  File "/home/andy/Turnero/.venv/lib/python3.12/site-packages/playwright/_impl/_sync_base.py", line 115, in _sync
    return task.result()
           ^^^^^^^^^^^^^
  File "/home/andy/Turnero/.venv/lib/python3.12/site-packages/playwright/_impl/_page.py", line 410, in query_selector_all
    return await self._main_frame.query_selector_all(selector)
           ^^^^^^^^^^^^^^^^^^^^^^^^^^^^^^^^^^^^^^^^^^^^^^^^^^^
  File "/home/andy/Turnero/.venv/lib/python3.12/site-packages/playwright/_impl/_frame.py", line 355, in query_selector_all
    await self._channel.send(
  File "/home/andy/Turnero/.venv/lib/python3.12/site-packages/playwright/_impl/_connection.py", line 69, in send
    return await self._connection.wrap_api_call(
           ^^^^^^^^^^^^^^^^^^^^^^^^^^^^^^^^^^^^^
  File "/home/andy/Turnero/.venv/lib/python3.12/site-packages/playwright/_impl/_connection.py", line 559, in wrap_api_call
    raise rewrite_error(error, f"{parsed_st['apiName']}: {error}") from None
playwright._impl._errors.Error: Page.query_selector_all: selector: expected string, got object
2026-01-16 07:10:08,605 [INFO] [44.779.763] Sin turnos. Reintentando pronto (intento 1/50)
2026-01-16 07:10:38,688 [INFO] [44.779.763] Click en 'text=Ver historial' dentro de page
2026-01-16 07:10:46,818 [INFO] [44.779.763] Click en '#idBktDefaultAccountHistoryContainer .clsDivSubHeaderBackButton' dentro de page
2026-01-16 07:10:46,874 [ERROR] [44.779.763] Error buscando tabla/servicio: Page.query_selector_all: selector: expected string, got object
Traceback (most recent call last):
  File "/home/andy/Turnero/booking.py", line 123, in _esperar_turnos_disponibles
    if page.query_selector_all(config.SELECTORES["servicio_card"]):
       ^^^^^^^^^^^^^^^^^^^^^^^^^^^^^^^^^^^^^^^^^^^^^^^^^^^^^^^^^^^
  File "/home/andy/Turnero/.venv/lib/python3.12/site-packages/playwright/sync_api/_generated.py", line 8142, in query_selector_all
    self._sync(self._impl_obj.query_selector_all(selector=selector))
  File "/home/andy/Turnero/.venv/lib/python3.12/site-packages/playwright/_impl/_sync_base.py", line 115, in _sync
    return task.result()
           ^^^^^^^^^^^^^
  File "/home/andy/Turnero/.venv/lib/python3.12/site-packages/playwright/_impl/_page.py", line 410, in query_selector_all
    return await self._main_frame.query_selector_all(selector)
           ^^^^^^^^^^^^^^^^^^^^^^^^^^^^^^^^^^^^^^^^^^^^^^^^^^^
  File "/home/andy/Turnero/.venv/lib/python3.12/site-packages/playwright/_impl/_frame.py", line 355, in query_selector_all
    await self._channel.send(
  File "/home/andy/Turnero/.venv/lib/python3.12/site-packages/playwright/_impl/_connection.py", line 69, in send
    return await self._connection.wrap_api_call(
           ^^^^^^^^^^^^^^^^^^^^^^^^^^^^^^^^^^^^^
  File "/home/andy/Turnero/.venv/lib/python3.12/site-packages/playwright/_impl/_connection.py", line 559, in wrap_api_call
    raise rewrite_error(error, f"{parsed_st['apiName']}: {error}") from None
playwright._impl._errors.Error: Page.query_selector_all: selector: expected string, got object
2026-01-16 07:10:46,900 [INFO] [44.779.763] Sin turnos. Reintentando pronto (intento 2/50)
2026-01-16 07:11:16,974 [INFO] [44.779.763] Click en 'text=Ver historial' dentro de page
2026-01-16 07:11:25,087 [INFO] [44.779.763] Click en '#idBktDefaultAccountHistoryContainer .clsDivSubHeaderBackButton' dentro de page
2026-01-16 07:11:25,145 [ERROR] [44.779.763] Error buscando tabla/servicio: Page.query_selector_all: selector: expected string, got object
Traceback (most recent call last):
  File "/home/andy/Turnero/booking.py", line 123, in _esperar_turnos_disponibles
    if page.query_selector_all(config.SELECTORES["servicio_card"]):
       ^^^^^^^^^^^^^^^^^^^^^^^^^^^^^^^^^^^^^^^^^^^^^^^^^^^^^^^^^^^
  File "/home/andy/Turnero/.venv/lib/python3.12/site-packages/playwright/sync_api/_generated.py", line 8142, in query_selector_all
    self._sync(self._impl_obj.query_selector_all(selector=selector))
  File "/home/andy/Turnero/.venv/lib/python3.12/site-packages/playwright/_impl/_sync_base.py", line 115, in _sync
    return task.result()
           ^^^^^^^^^^^^^
  File "/home/andy/Turnero/.venv/lib/python3.12/site-packages/playwright/_impl/_page.py", line 410, in query_selector_all
    return await self._main_frame.query_selector_all(selector)
           ^^^^^^^^^^^^^^^^^^^^^^^^^^^^^^^^^^^^^^^^^^^^^^^^^^^
  File "/home/andy/Turnero/.venv/lib/python3.12/site-packages/playwright/_impl/_frame.py", line 355, in query_selector_all
    await self._channel.send(
  File "/home/andy/Turnero/.venv/lib/python3.12/site-packages/playwright/_impl/_connection.py", line 69, in send
    return await self._connection.wrap_api_call(
           ^^^^^^^^^^^^^^^^^^^^^^^^^^^^^^^^^^^^^
  File "/home/andy/Turnero/.venv/lib/python3.12/site-packages/playwright/_impl/_connection.py", line 559, in wrap_api_call
    raise rewrite_error(error, f"{parsed_st['apiName']}: {error}") from None
playwright._impl._errors.Error: Page.query_selector_all: selector: expected string, got object
2026-01-16 07:11:25,169 [INFO] [44.779.763] Sin turnos. Reintentando pronto (intento 3/50)
2026-01-16 07:11:55,282 [INFO] [44.779.763] Click en 'text=Ver historial' dentro de page
