2025-12-29 18:00:45,797 [INFO] Log de ejecución: logs/turnero_20251229_180045.log
2025-12-29 18:00:47,388 [INFO] === Intentando sacar turno para usuario: 44.779.763 ===
2025-12-29 18:00:53,656 [INFO] [44.779.763] Se abrió nueva pestaña para el widget: https://www.citaconsular.es/es/hosteds/widgetdefault/2a30ca6f59fb5f176361063c56c79d043
2025-12-29 18:00:53,656 [INFO] [44.779.763] URL tras popup: https://www.citaconsular.es/es/hosteds/widgetdefault/2a30ca6f59fb5f176361063c56c79d043
2025-12-29 18:00:53,656 [INFO] [44.779.763] Frame 0: https://www.citaconsular.es/es/hosteds/widgetdefault/2a30ca6f59fb5f176361063c56c79d043
2025-12-29 18:00:54,079 [INFO] [44.779.763] Click en 'button:has-text('Continue / Continuar')' dentro de page
2025-12-29 18:01:06,682 [INFO] [44.779.763] Click en 'text=Cancelar o consultar mis reservas' dentro de page
2025-12-29 18:01:07,626 [INFO] [44.779.763] Fill 'input[placeholder*='DNI']' en frame https://www.citaconsular.es/es/hosteds/widgetdefault/2a30ca6f59fb5f176361063c56c79d043/#signinaccount
2025-12-29 18:01:07,683 [INFO] [44.779.763] Fill '#idIptBktAccountLoginpassword' en frame https://www.citaconsular.es/es/hosteds/widgetdefault/2a30ca6f59fb5f176361063c56c79d043/#signinaccount
2025-12-29 18:01:07,739 [INFO] [44.779.763] Click en '#idBktDefaultAccountLoginConfirmButton' dentro de page
2025-12-29 18:01:20,828 [INFO] [44.779.763] Click en '#idBktDefaultAccountHistoryContainer .clsDivSubHeaderBackButton' dentro de page
2025-12-29 18:01:20,885 [ERROR] [44.779.763] Error buscando tabla/servicio: Page.query_selector_all: selector: expected string, got object
Traceback (most recent call last):
  File "/home/andy/Turnero/booking.py", line 51, in _esperar_turnos_disponibles
    if page.query_selector_all(config.SELECTORES["servicio_card"]):
       ^^^^^^^^^^^^^^^^^^^^^^^^^^^^^^^^^^^^^^^^^^^^^^^^^^^^^^^^^^^
  File "/home/andy/Turnero/.venv/lib/python3.12/site-packages/playwright/sync_api/_generated.py", line 8142, in query_selector_all
    self._sync(self._impl_obj.query_selector_all(selector=selector))
  File "/home/andy/Turnero/.venv/lib/python3.12/site-packages/playwright/_impl/_sync_base.py", line 115, in _sync
    return task.result()
           ^^^^^^^^^^^^^
  File "/home/andy/Turnero/.venv/lib/python3.12/site-packages/playwright/_impl/_page.py", line 410, in query_selector_all
    return await self._main_frame.query_selector_all(selector)
           ^^^^^^^^^^^^^^^^^^^^^^^^^^^^^^^^^^^^^^^^^^^^^^^^^^^
  File "/home/andy/Turnero/.venv/lib/python3.12/site-packages/playwright/_impl/_frame.py", line 355, in query_selector_all
    await self._channel.send(
  File "/home/andy/Turnero/.venv/lib/python3.12/site-packages/playwright/_impl/_connection.py", line 69, in send
    return await self._connection.wrap_api_call(
           ^^^^^^^^^^^^^^^^^^^^^^^^^^^^^^^^^^^^^
  File "/home/andy/Turnero/.venv/lib/python3.12/site-packages/playwright/_impl/_connection.py", line 559, in wrap_api_call
    raise rewrite_error(error, f"{parsed_st['apiName']}: {error}") from None
playwright._impl._errors.Error: Page.query_selector_all: selector: expected string, got object
2025-12-29 18:01:20,913 [INFO] [44.779.763] Sin turnos. Esperando 30s antes de reintentar (intento 1/50)
2025-12-29 18:01:51,003 [INFO] [44.779.763] Click en 'text=Ver historial' dentro de page
2025-12-29 18:01:59,123 [INFO] [44.779.763] Click en '#idBktDefaultAccountHistoryContainer .clsDivSubHeaderBackButton' dentro de page
2025-12-29 18:01:59,176 [ERROR] [44.779.763] Error buscando tabla/servicio: Page.query_selector_all: selector: expected string, got object
Traceback (most recent call last):
  File "/home/andy/Turnero/booking.py", line 51, in _esperar_turnos_disponibles
    if page.query_selector_all(config.SELECTORES["servicio_card"]):
       ^^^^^^^^^^^^^^^^^^^^^^^^^^^^^^^^^^^^^^^^^^^^^^^^^^^^^^^^^^^
  File "/home/andy/Turnero/.venv/lib/python3.12/site-packages/playwright/sync_api/_generated.py", line 8142, in query_selector_all
    self._sync(self._impl_obj.query_selector_all(selector=selector))
  File "/home/andy/Turnero/.venv/lib/python3.12/site-packages/playwright/_impl/_sync_base.py", line 115, in _sync
    return task.result()
           ^^^^^^^^^^^^^
  File "/home/andy/Turnero/.venv/lib/python3.12/site-packages/playwright/_impl/_page.py", line 410, in query_selector_all
    return await self._main_frame.query_selector_all(selector)
           ^^^^^^^^^^^^^^^^^^^^^^^^^^^^^^^^^^^^^^^^^^^^^^^^^^^
  File "/home/andy/Turnero/.venv/lib/python3.12/site-packages/playwright/_impl/_frame.py", line 355, in query_selector_all
    await self._channel.send(
  File "/home/andy/Turnero/.venv/lib/python3.12/site-packages/playwright/_impl/_connection.py", line 69, in send
    return await self._connection.wrap_api_call(
           ^^^^^^^^^^^^^^^^^^^^^^^^^^^^^^^^^^^^^
  File "/home/andy/Turnero/.venv/lib/python3.12/site-packages/playwright/_impl/_connection.py", line 559, in wrap_api_call
    raise rewrite_error(error, f"{parsed_st['apiName']}: {error}") from None
playwright._impl._errors.Error: Page.query_selector_all: selector: expected string, got object
2025-12-29 18:01:59,202 [INFO] [44.779.763] Sin turnos. Esperando 30s antes de reintentar (intento 2/50)
