2026-01-03 04:10:02,518 [INFO] Log de ejecución: logs/turnero_20260103_041002.log
2026-01-03 04:10:03,362 [INFO] === Intentando sacar turno para usuario: 35856676.0 ===
2026-01-03 04:10:11,157 [INFO] [35856676.0] Se abrió nueva pestaña para el widget: https://www.citaconsular.es/es/hosteds/widgetdefault/2a30ca6f59fb5f176361063c56c79d043
2026-01-03 04:10:11,157 [INFO] [35856676.0] URL tras popup: https://www.citaconsular.es/es/hosteds/widgetdefault/2a30ca6f59fb5f176361063c56c79d043
2026-01-03 04:10:11,157 [INFO] [35856676.0] Frame 0: https://www.citaconsular.es/es/hosteds/widgetdefault/2a30ca6f59fb5f176361063c56c79d043
2026-01-03 04:10:11,606 [INFO] [35856676.0] Click en 'button:has-text('Continue / Continuar')' dentro de page
2026-01-03 04:10:23,923 [INFO] [35856676.0] Click en 'text=Cancelar o consultar mis reservas' dentro de page
2026-01-03 04:10:25,580 [INFO] [35856676.0] Fill 'input[placeholder*='DNI']' en frame https://www.citaconsular.es/es/hosteds/widgetdefault/2a30ca6f59fb5f176361063c56c79d043/#signinaccount
2026-01-03 04:10:25,639 [INFO] [35856676.0] Fill '#idIptBktAccountLoginpassword' en frame https://www.citaconsular.es/es/hosteds/widgetdefault/2a30ca6f59fb5f176361063c56c79d043/#signinaccount
2026-01-03 04:10:25,699 [INFO] [35856676.0] Click en '#idBktDefaultAccountLoginConfirmButton' dentro de page
2026-01-03 04:10:26,687 [INFO] [35856676.0] Resultado: ERROR
2026-01-03 04:10:26,688 [WARNING] [FILA 1] Usuario/Contraseña vacíos, saltando...
2026-01-03 04:10:26,688 [WARNING] [FILA 2] Usuario/Contraseña vacíos, saltando...
2026-01-03 04:10:26,689 [WARNING] [FILA 3] Usuario/Contraseña vacíos, saltando...
2026-01-03 04:10:26,690 [WARNING] [FILA 4] Usuario/Contraseña vacíos, saltando...
2026-01-03 04:10:26,690 [WARNING] [FILA 5] Usuario/Contraseña vacíos, saltando...
2026-01-03 04:10:26,691 [WARNING] [FILA 6] Usuario/Contraseña vacíos, saltando...
2026-01-03 04:10:26,691 [WARNING] [FILA 7] Usuario/Contraseña vacíos, saltando...
2026-01-03 04:10:26,691 [WARNING] [FILA 8] Usuario/Contraseña vacíos, saltando...
2026-01-03 04:10:26,692 [WARNING] [FILA 9] Usuario/Contraseña vacíos, saltando...
2026-01-03 04:10:26,752 [INFO] Proceso terminado. Excel actualizado.
