2026-02-11 05:09:02,568 [INFO] Log de ejecución: logs/turnero_20260211_050902.log
2026-02-11 05:09:03,475 [INFO] === Intentando sacar turno para usuario: 44.779.763 ===
2026-02-11 05:09:13,811 [INFO] [44.779.763] Se abrió nueva pestaña para el widget: https://www.citaconsular.es/es/hosteds/widgetdefault/2a30ca6f59fb5f176361063c56c79d043
2026-02-11 05:09:13,812 [INFO] [44.779.763] URL tras popup: https://www.citaconsular.es/es/hosteds/widgetdefault/2a30ca6f59fb5f176361063c56c79d043
2026-02-11 05:09:13,812 [INFO] [44.779.763] Frame 0: https://www.citaconsular.es/es/hosteds/widgetdefault/2a30ca6f59fb5f176361063c56c79d043
2026-02-11 05:09:15,086 [INFO] [44.779.763] Click en 'button:has-text('Continue / Continuar')' dentro de page
2026-02-11 05:09:31,789 [INFO] [44.779.763] Click en 'text=Cancelar o consultar mis reservas' dentro de page
2026-02-11 05:09:33,371 [INFO] [44.779.763] Fill 'input[placeholder*='DNI']' en frame https://www.citaconsular.es/es/hosteds/widgetdefault/2a30ca6f59fb5f176361063c56c79d043/#signinaccount
2026-02-11 05:09:33,449 [INFO] [44.779.763] Fill '#idIptBktAccountLoginpassword' en frame https://www.citaconsular.es/es/hosteds/widgetdefault/2a30ca6f59fb5f176361063c56c79d043/#signinaccount
2026-02-11 05:09:33,505 [INFO] [44.779.763] Click en '#idBktDefaultAccountLoginConfirmButton' dentro de page
2026-02-11 05:09:38,510 [INFO] [44.779.763] Esperando hasta 05:10:00 para iniciar pingpong
2026-02-11 05:10:08,093 [INFO] [44.779.763] Click en '#idBktDefaultAccountHistoryContainer .clsDivSubHeaderBackButton' dentro de page
2026-02-11 05:10:08,171 [INFO] [44.779.763] Servicio visible (tarjeta) con selector text=Presentación de documentación ley, avanzando a selección
2026-02-11 05:10:20,266 [INFO] [44.779.763] Click en 'text=MEMORIA DEMOCRÁTICA' dentro de page
2026-02-11 05:10:20,364 [INFO] [44.779.763] Dump memoria (instantaneo) guardado en logs_memorias/dump_memoria_44.779.763_20260211_051020_instantaneo.html
2026-02-11 05:10:30,397 [INFO] [44.779.763] Dump memoria (10seg) guardado en logs_memorias/dump_memoria_44.779.763_20260211_051030_10seg.html
2026-02-11 05:10:30,509 [WARNING] [44.779.763] No se encontraron botones de turno con los selectores configurados
2026-02-11 05:10:30,645 [WARNING] [44.779.763] No se encontraron botones de turno con los selectores configurados
2026-02-11 05:10:30,721 [INFO] [44.779.763] Resultado: SIN_TURNOS
2026-02-11 05:10:30,722 [INFO] Esperando 24 segundos antes del siguiente intento
2026-02-11 05:10:54,723 [WARNING] [FILA 1] Usuario/Contraseña vacíos, saltando...
2026-02-11 05:10:54,723 [INFO] Esperando 44 segundos antes del siguiente intento
2026-02-11 05:11:38,724 [WARNING] [FILA 2] Usuario/Contraseña vacíos, saltando...
2026-02-11 05:11:38,725 [INFO] Esperando 36 segundos antes del siguiente intento
2026-02-11 05:12:14,726 [WARNING] [FILA 3] Usuario/Contraseña vacíos, saltando...
2026-02-11 05:12:14,726 [INFO] Esperando 34 segundos antes del siguiente intento
2026-02-11 05:12:48,727 [WARNING] [FILA 4] Usuario/Contraseña vacíos, saltando...
2026-02-11 05:12:48,727 [INFO] Esperando 26 segundos antes del siguiente intento
2026-02-11 05:13:01,898 [WARNING] Dump HTML (signal_15) omitido: la página ya está cerrada
