2026-01-02 23:25:19,981 [INFO] Log de ejecución: logs/turnero_20260102_232519.log
2026-01-02 23:25:21,704 [INFO] === Intentando sacar turno para usuario: 35856676.0 ===
2026-01-02 23:25:29,682 [INFO] [35856676.0] Se abrió nueva pestaña para el widget: https://www.citaconsular.es/es/hosteds/widgetdefault/2a30ca6f59fb5f176361063c56c79d043
2026-01-02 23:25:29,682 [INFO] [35856676.0] URL tras popup: https://www.citaconsular.es/es/hosteds/widgetdefault/2a30ca6f59fb5f176361063c56c79d043
2026-01-02 23:25:29,682 [INFO] [35856676.0] Frame 0: https://www.citaconsular.es/es/hosteds/widgetdefault/2a30ca6f59fb5f176361063c56c79d043
2026-01-02 23:25:30,120 [INFO] [35856676.0] Click en 'button:has-text('Continue / Continuar')' dentro de page
2026-01-02 23:25:42,475 [INFO] [35856676.0] Click en 'text=Cancelar o consultar mis reservas' dentro de page
2026-01-02 23:25:44,095 [INFO] [35856676.0] Fill 'input[placeholder*='DNI']' en frame https://www.citaconsular.es/es/hosteds/widgetdefault/2a30ca6f59fb5f176361063c56c79d043/#signinaccount
2026-01-02 23:25:44,153 [INFO] [35856676.0] Fill '#idIptBktAccountLoginpassword' en frame https://www.citaconsular.es/es/hosteds/widgetdefault/2a30ca6f59fb5f176361063c56c79d043/#signinaccount
2026-01-02 23:25:44,210 [INFO] [35856676.0] Click en '#idBktDefaultAccountLoginConfirmButton' dentro de page
2026-01-02 23:25:45,194 [INFO] [35856676.0] Resultado: ERROR
2026-01-02 23:25:45,194 [WARNING] [FILA 1] Usuario/Contraseña vacíos, saltando...
2026-01-02 23:25:45,195 [WARNING] [FILA 2] Usuario/Contraseña vacíos, saltando...
2026-01-02 23:25:45,199 [WARNING] [FILA 3] Usuario/Contraseña vacíos, saltando...
2026-01-02 23:25:45,200 [WARNING] [FILA 4] Usuario/Contraseña vacíos, saltando...
2026-01-02 23:25:45,201 [WARNING] [FILA 5] Usuario/Contraseña vacíos, saltando...
2026-01-02 23:25:45,201 [WARNING] [FILA 6] Usuario/Contraseña vacíos, saltando...
2026-01-02 23:25:45,203 [WARNING] [FILA 7] Usuario/Contraseña vacíos, saltando...
2026-01-02 23:25:45,203 [WARNING] [FILA 8] Usuario/Contraseña vacíos, saltando...
2026-01-02 23:25:45,203 [WARNING] [FILA 9] Usuario/Contraseña vacíos, saltando...
2026-01-02 23:25:45,260 [INFO] Proceso terminado. Excel actualizado.
