2026-01-03 07:10:02,020 [INFO] Log de ejecución: logs/turnero_20260103_071002.log
2026-01-03 07:10:02,860 [INFO] === Intentando sacar turno para usuario: 35856676.0 ===
2026-01-03 07:10:10,453 [INFO] [35856676.0] Se abrió nueva pestaña para el widget: https://www.citaconsular.es/es/hosteds/widgetdefault/2a30ca6f59fb5f176361063c56c79d043
2026-01-03 07:10:10,453 [INFO] [35856676.0] URL tras popup: https://www.citaconsular.es/es/hosteds/widgetdefault/2a30ca6f59fb5f176361063c56c79d043
2026-01-03 07:10:10,453 [INFO] [35856676.0] Frame 0: https://www.citaconsular.es/es/hosteds/widgetdefault/2a30ca6f59fb5f176361063c56c79d043
2026-01-03 07:10:10,905 [INFO] [35856676.0] Click en 'button:has-text('Continue / Continuar')' dentro de page
2026-01-03 07:10:22,873 [INFO] [35856676.0] Click en 'text=Cancelar o consultar mis reservas' dentro de page
2026-01-03 07:10:24,564 [INFO] [35856676.0] Fill 'input[placeholder*='DNI']' en frame https://www.citaconsular.es/es/hosteds/widgetdefault/2a30ca6f59fb5f176361063c56c79d043/#signinaccount
2026-01-03 07:10:24,626 [INFO] [35856676.0] Fill '#idIptBktAccountLoginpassword' en frame https://www.citaconsular.es/es/hosteds/widgetdefault/2a30ca6f59fb5f176361063c56c79d043/#signinaccount
2026-01-03 07:10:24,689 [INFO] [35856676.0] Click en '#idBktDefaultAccountLoginConfirmButton' dentro de page
2026-01-03 07:10:25,641 [INFO] [35856676.0] Resultado: ERROR
2026-01-03 07:10:25,641 [WARNING] [FILA 1] Usuario/Contraseña vacíos, saltando...
2026-01-03 07:10:25,645 [WARNING] [FILA 2] Usuario/Contraseña vacíos, saltando...
2026-01-03 07:10:25,645 [WARNING] [FILA 3] Usuario/Contraseña vacíos, saltando...
2026-01-03 07:10:25,650 [WARNING] [FILA 4] Usuario/Contraseña vacíos, saltando...
2026-01-03 07:10:25,651 [WARNING] [FILA 5] Usuario/Contraseña vacíos, saltando...
2026-01-03 07:10:25,652 [WARNING] [FILA 6] Usuario/Contraseña vacíos, saltando...
2026-01-03 07:10:25,652 [WARNING] [FILA 7] Usuario/Contraseña vacíos, saltando...
2026-01-03 07:10:25,653 [WARNING] [FILA 8] Usuario/Contraseña vacíos, saltando...
2026-01-03 07:10:25,654 [WARNING] [FILA 9] Usuario/Contraseña vacíos, saltando...
2026-01-03 07:10:25,710 [INFO] Proceso terminado. Excel actualizado.
